C:\Users\JERRY\Documents\MCUXpressoIDE_11.8.0_1165\workspace\evkmimxrt1060_tflm_label_image\eiq\tensorflow-lite/tensorflow/lite/micro/arena_allocator/ibuffer_allocator.h:49:3:tflite::INonPersistentBufferAllocator::INonPersistentBufferAllocator()	16	static
C:\Users\JERRY\Documents\MCUXpressoIDE_11.8.0_1165\workspace\evkmimxrt1060_tflm_label_image\eiq\tensorflow-lite/tensorflow/lite/micro/arena_allocator/ibuffer_allocator.h:50:11:tflite::INonPersistentBufferAllocator::~INonPersistentBufferAllocator()	16	static
C:\Users\JERRY\Documents\MCUXpressoIDE_11.8.0_1165\workspace\evkmimxrt1060_tflm_label_image\eiq\tensorflow-lite/tensorflow/lite/micro/arena_allocator/ibuffer_allocator.h:50:11:virtual tflite::INonPersistentBufferAllocator::~INonPersistentBufferAllocator()	16	static
C:\Users\JERRY\Documents\MCUXpressoIDE_11.8.0_1165\workspace\evkmimxrt1060_tflm_label_image\eiq\tensorflow-lite/tensorflow/lite/micro/arena_allocator/non_persistent_arena_buffer_allocator.h:78:3:static void tflite::NonPersistentArenaBufferAllocator::operator delete(void*)	16	static
c:\nxp\mcuxpressoide_11.8.0_1165\ide\plugins\com.nxp.mcuxpresso.tools.win32_11.8.0.202306131047\tools\arm-none-eabi\include\c++\12.2.1\arm-none-eabi\thumb\v7e-m+dp\hard\bits\gthr-default.h:229:1:int __gthread_key_delete(__gthread_key_t)	16	static
../eiq/tensorflow-lite/tensorflow/lite/micro/arena_allocator/non_persistent_arena_buffer_allocator.cpp:22:1:tflite::NonPersistentArenaBufferAllocator::NonPersistentArenaBufferAllocator(uint8_t*, size_t)	24	static
../eiq/tensorflow-lite/tensorflow/lite/micro/arena_allocator/non_persistent_arena_buffer_allocator.cpp:29:1:tflite::NonPersistentArenaBufferAllocator::~NonPersistentArenaBufferAllocator()	16	static
../eiq/tensorflow-lite/tensorflow/lite/micro/arena_allocator/non_persistent_arena_buffer_allocator.cpp:29:1:virtual tflite::NonPersistentArenaBufferAllocator::~NonPersistentArenaBufferAllocator()	16	static
../eiq/tensorflow-lite/tensorflow/lite/micro/arena_allocator/non_persistent_arena_buffer_allocator.cpp:32:10:virtual uint8_t* tflite::NonPersistentArenaBufferAllocator::AllocateTemp(size_t, size_t)	32	static
../eiq/tensorflow-lite/tensorflow/lite/micro/arena_allocator/non_persistent_arena_buffer_allocator.cpp:50:6:virtual void tflite::NonPersistentArenaBufferAllocator::DeallocateTemp(uint8_t*)	16	static
../eiq/tensorflow-lite/tensorflow/lite/micro/arena_allocator/non_persistent_arena_buffer_allocator.cpp:56:6:virtual bool tflite::NonPersistentArenaBufferAllocator::IsAllTempDeallocated()	16	static
../eiq/tensorflow-lite/tensorflow/lite/micro/arena_allocator/non_persistent_arena_buffer_allocator.cpp:71:14:virtual TfLiteStatus tflite::NonPersistentArenaBufferAllocator::ResetTempAllocations()	16	static
../eiq/tensorflow-lite/tensorflow/lite/micro/arena_allocator/non_persistent_arena_buffer_allocator.cpp:82:10:virtual uint8_t* tflite::NonPersistentArenaBufferAllocator::AllocateResizableBuffer(size_t, size_t)	40	static
../eiq/tensorflow-lite/tensorflow/lite/micro/arena_allocator/non_persistent_arena_buffer_allocator.cpp:103:14:virtual TfLiteStatus tflite::NonPersistentArenaBufferAllocator::ResizeBuffer(uint8_t*, size_t, size_t)	32	static
../eiq/tensorflow-lite/tensorflow/lite/micro/arena_allocator/non_persistent_arena_buffer_allocator.cpp:130:14:virtual TfLiteStatus tflite::NonPersistentArenaBufferAllocator::DeallocateResizableBuffer(uint8_t*)	32	static
../eiq/tensorflow-lite/tensorflow/lite/micro/arena_allocator/non_persistent_arena_buffer_allocator.cpp:141:10:virtual uint8_t* tflite::NonPersistentArenaBufferAllocator::GetOverlayMemoryAddress() const	16	static
../eiq/tensorflow-lite/tensorflow/lite/micro/arena_allocator/non_persistent_arena_buffer_allocator.cpp:150:1:virtual TfLiteStatus tflite::NonPersistentArenaBufferAllocator::ReserveNonPersistentOverlayMemory(size_t, size_t)	40	static
../eiq/tensorflow-lite/tensorflow/lite/micro/arena_allocator/non_persistent_arena_buffer_allocator.cpp:157:8:virtual size_t tflite::NonPersistentArenaBufferAllocator::GetNonPersistentUsedBytes() const	16	static
../eiq/tensorflow-lite/tensorflow/lite/micro/arena_allocator/non_persistent_arena_buffer_allocator.cpp:163:8:virtual size_t tflite::NonPersistentArenaBufferAllocator::GetAvailableMemory(size_t) const	24	static
