C:\Users\JERRY\Documents\MCUXpressoIDE_11.8.0_1165\workspace\evkmimxrt1060_tflm_label_image\eiq\tensorflow-lite/tensorflow/lite/micro/arena_allocator/ibuffer_allocator.h:34:3:tflite::IPersistentBufferAllocator::IPersistentBufferAllocator()	16	static
C:\Users\JERRY\Documents\MCUXpressoIDE_11.8.0_1165\workspace\evkmimxrt1060_tflm_label_image\eiq\tensorflow-lite/tensorflow/lite/micro/arena_allocator/ibuffer_allocator.h:35:11:tflite::IPersistentBufferAllocator::~IPersistentBufferAllocator()	16	static
C:\Users\JERRY\Documents\MCUXpressoIDE_11.8.0_1165\workspace\evkmimxrt1060_tflm_label_image\eiq\tensorflow-lite/tensorflow/lite/micro/arena_allocator/ibuffer_allocator.h:35:11:virtual tflite::IPersistentBufferAllocator::~IPersistentBufferAllocator()	16	static
C:\Users\JERRY\Documents\MCUXpressoIDE_11.8.0_1165\workspace\evkmimxrt1060_tflm_label_image\eiq\tensorflow-lite/tensorflow/lite/micro/arena_allocator/persistent_arena_buffer_allocator.h:43:3:static void tflite::PersistentArenaBufferAllocator::operator delete(void*)	16	static
c:\nxp\mcuxpressoide_11.8.0_1165\ide\plugins\com.nxp.mcuxpresso.tools.win32_11.8.0.202306131047\tools\arm-none-eabi\include\c++\12.2.1\arm-none-eabi\thumb\v7e-m+dp\hard\bits\gthr-default.h:229:1:int __gthread_key_delete(__gthread_key_t)	16	static
../eiq/tensorflow-lite/tensorflow/lite/micro/arena_allocator/persistent_arena_buffer_allocator.cpp:22:1:tflite::PersistentArenaBufferAllocator::PersistentArenaBufferAllocator(uint8_t*, size_t)	24	static
../eiq/tensorflow-lite/tensorflow/lite/micro/arena_allocator/persistent_arena_buffer_allocator.cpp:28:1:tflite::PersistentArenaBufferAllocator::~PersistentArenaBufferAllocator()	16	static
../eiq/tensorflow-lite/tensorflow/lite/micro/arena_allocator/persistent_arena_buffer_allocator.cpp:28:1:virtual tflite::PersistentArenaBufferAllocator::~PersistentArenaBufferAllocator()	16	static
../eiq/tensorflow-lite/tensorflow/lite/micro/arena_allocator/persistent_arena_buffer_allocator.cpp:30:10:virtual uint8_t* tflite::PersistentArenaBufferAllocator::AllocatePersistentBuffer(size_t, size_t)	32	static
../eiq/tensorflow-lite/tensorflow/lite/micro/arena_allocator/persistent_arena_buffer_allocator.cpp:48:8:virtual size_t tflite::PersistentArenaBufferAllocator::GetPersistentUsedBytes() const	16	static
