C:\Users\JERRY\Documents\MCUXpressoIDE_11.8.0_1165\workspace\evkmimxrt1060_tflm_label_image\eiq\tensorflow-lite/tensorflow/lite/micro/arena_allocator/recording_single_arena_buffer_allocator.h:59:3:static void tflite::RecordingSingleArenaBufferAllocator::operator delete(void*)	16	static
c:\nxp\mcuxpressoide_11.8.0_1165\ide\plugins\com.nxp.mcuxpresso.tools.win32_11.8.0.202306131047\tools\arm-none-eabi\include\c++\12.2.1\new:174:33:void* operator new(std::size_t, void*)	16	static
../eiq/tensorflow-lite/tensorflow/lite/micro/arena_allocator/recording_single_arena_buffer_allocator.cpp:24:1:tflite::RecordingSingleArenaBufferAllocator::RecordingSingleArenaBufferAllocator(tflite::ErrorReporter*, uint8_t*, size_t)	24	static
../eiq/tensorflow-lite/tensorflow/lite/micro/arena_allocator/recording_single_arena_buffer_allocator.cpp:32:1:tflite::RecordingSingleArenaBufferAllocator::~RecordingSingleArenaBufferAllocator()	16	static
../eiq/tensorflow-lite/tensorflow/lite/micro/arena_allocator/recording_single_arena_buffer_allocator.cpp:32:1:virtual tflite::RecordingSingleArenaBufferAllocator::~RecordingSingleArenaBufferAllocator()	16	static
C:\Users\JERRY\Documents\MCUXpressoIDE_11.8.0_1165\workspace\evkmimxrt1060_tflm_label_image\eiq\tensorflow-lite/tensorflow/lite/micro/arena_allocator/ibuffer_allocator.h:47:7:constexpr tflite::INonPersistentBufferAllocator::INonPersistentBufferAllocator(const tflite::INonPersistentBufferAllocator&)	16	static
C:\Users\JERRY\Documents\MCUXpressoIDE_11.8.0_1165\workspace\evkmimxrt1060_tflm_label_image\eiq\tensorflow-lite/tensorflow/lite/micro/arena_allocator/ibuffer_allocator.h:32:7:constexpr tflite::IPersistentBufferAllocator::IPersistentBufferAllocator(const tflite::IPersistentBufferAllocator&)	16	static
C:\Users\JERRY\Documents\MCUXpressoIDE_11.8.0_1165\workspace\evkmimxrt1060_tflm_label_image\eiq\tensorflow-lite/tensorflow/lite/micro/arena_allocator/single_arena_buffer_allocator.h:32:7:constexpr tflite::SingleArenaBufferAllocator::SingleArenaBufferAllocator(const tflite::SingleArenaBufferAllocator&)	16	static
C:\Users\JERRY\Documents\MCUXpressoIDE_11.8.0_1165\workspace\evkmimxrt1060_tflm_label_image\eiq\tensorflow-lite/tensorflow/lite/micro/arena_allocator/recording_single_arena_buffer_allocator.h:27:7:constexpr tflite::RecordingSingleArenaBufferAllocator::RecordingSingleArenaBufferAllocator(const tflite::RecordingSingleArenaBufferAllocator&)	16	static
../eiq/tensorflow-lite/tensorflow/lite/micro/arena_allocator/recording_single_arena_buffer_allocator.cpp:35:1:static tflite::RecordingSingleArenaBufferAllocator* tflite::RecordingSingleArenaBufferAllocator::Create(tflite::ErrorReporter*, uint8_t*, size_t)	96	static
../eiq/tensorflow-lite/tensorflow/lite/micro/arena_allocator/recording_single_arena_buffer_allocator.cpp:50:8:size_t tflite::RecordingSingleArenaBufferAllocator::GetRequestedBytes() const	16	static
../eiq/tensorflow-lite/tensorflow/lite/micro/arena_allocator/recording_single_arena_buffer_allocator.cpp:54:8:size_t tflite::RecordingSingleArenaBufferAllocator::GetUsedBytes() const	16	static
../eiq/tensorflow-lite/tensorflow/lite/micro/arena_allocator/recording_single_arena_buffer_allocator.cpp:58:8:size_t tflite::RecordingSingleArenaBufferAllocator::GetAllocatedCount() const	16	static
../eiq/tensorflow-lite/tensorflow/lite/micro/arena_allocator/recording_single_arena_buffer_allocator.cpp:62:14:virtual TfLiteStatus tflite::RecordingSingleArenaBufferAllocator::ResizeBuffer(uint8_t*, size_t, size_t)	32	static
../eiq/tensorflow-lite/tensorflow/lite/micro/arena_allocator/recording_single_arena_buffer_allocator.cpp:74:10:virtual uint8_t* tflite::RecordingSingleArenaBufferAllocator::AllocatePersistentBuffer(size_t, size_t)	32	static
