c:\nxp\mcuxpressoide_11.8.0_1165\ide\plugins\com.nxp.mcuxpresso.tools.win32_11.8.0.202306131047\tools\arm-none-eabi\include\c++\12.2.1\arm-none-eabi\thumb\v7e-m+dp\hard\bits\gthr-default.h:229:1:int __gthread_key_delete(__gthread_key_t)	16	static
C:\Users\JERRY\Documents\MCUXpressoIDE_11.8.0_1165\workspace\evkmimxrt1060_tflm_label_image\eiq\tensorflow-lite\third_party\flatbuffers\include/flatbuffers/strings.h:26:15:const char* flatbuffers::String::c_str() const	16	static
C:\Users\JERRY\Documents\MCUXpressoIDE_11.8.0_1165\workspace\evkmimxrt1060_tflm_label_image\eiq\tensorflow-lite\third_party\flatbuffers\include/flatbuffers/table.h:29:18:const uint8_t* flatbuffers::Table::GetVTable() const	24	static
C:\Users\JERRY\Documents\MCUXpressoIDE_11.8.0_1165\workspace\evkmimxrt1060_tflm_label_image\eiq\tensorflow-lite\third_party\flatbuffers\include/flatbuffers/table.h:35:13:flatbuffers::voffset_t flatbuffers::Table::GetOptionalFieldOffset(flatbuffers::voffset_t) const	24	static
C:\Users\JERRY\Documents\MCUXpressoIDE_11.8.0_1165\workspace\evkmimxrt1060_tflm_label_image\eiq\tensorflow-lite/tensorflow/lite/schema/schema_generated.h:4851:8:bool tflite::Tensor::is_variable() const	16	static
C:\Users\JERRY\Documents\MCUXpressoIDE_11.8.0_1165\workspace\evkmimxrt1060_tflm_label_image\eiq\tensorflow-lite/tensorflow/lite/schema/schema_generated.h:10124:11:int32_t tflite::IfOptions::then_subgraph_index() const	16	static
C:\Users\JERRY\Documents\MCUXpressoIDE_11.8.0_1165\workspace\evkmimxrt1060_tflm_label_image\eiq\tensorflow-lite/tensorflow/lite/schema/schema_generated.h:10127:11:int32_t tflite::IfOptions::else_subgraph_index() const	16	static
C:\Users\JERRY\Documents\MCUXpressoIDE_11.8.0_1165\workspace\evkmimxrt1060_tflm_label_image\eiq\tensorflow-lite/tensorflow/lite/schema/schema_generated.h:10185:11:int32_t tflite::CallOnceOptions::init_subgraph_index() const	16	static
C:\Users\JERRY\Documents\MCUXpressoIDE_11.8.0_1165\workspace\evkmimxrt1060_tflm_label_image\eiq\tensorflow-lite/tensorflow/lite/schema/schema_generated.h:10239:11:int32_t tflite::WhileOptions::cond_subgraph_index() const	16	static
C:\Users\JERRY\Documents\MCUXpressoIDE_11.8.0_1165\workspace\evkmimxrt1060_tflm_label_image\eiq\tensorflow-lite/tensorflow/lite/schema/schema_generated.h:10242:11:int32_t tflite::WhileOptions::body_subgraph_index() const	16	static
C:\Users\JERRY\Documents\MCUXpressoIDE_11.8.0_1165\workspace\evkmimxrt1060_tflm_label_image\eiq\tensorflow-lite/tensorflow/lite/schema/schema_generated.h:11560:27:tflite::BuiltinOperator tflite::OperatorCode::builtin_code() const	16	static
C:\Users\JERRY\Documents\MCUXpressoIDE_11.8.0_1165\workspace\evkmimxrt1060_tflm_label_image\eiq\tensorflow-lite/tensorflow/lite/schema/schema_generated.h:11661:12:uint32_t tflite::Operator::opcode_index() const	16	static
C:\Users\JERRY\Documents\MCUXpressoIDE_11.8.0_1165\workspace\evkmimxrt1060_tflm_label_image\eiq\tensorflow-lite/tensorflow/lite/schema/schema_generated.h:11664:39:const flatbuffers::Vector<long int>* tflite::Operator::inputs() const	16	static
C:\Users\JERRY\Documents\MCUXpressoIDE_11.8.0_1165\workspace\evkmimxrt1060_tflm_label_image\eiq\tensorflow-lite/tensorflow/lite/schema/schema_generated.h:11667:39:const flatbuffers::Vector<long int>* tflite::Operator::outputs() const	16	static
C:\Users\JERRY\Documents\MCUXpressoIDE_11.8.0_1165\workspace\evkmimxrt1060_tflm_label_image\eiq\tensorflow-lite/tensorflow/lite/schema/schema_generated.h:11670:26:tflite::BuiltinOptions tflite::Operator::builtin_options_type() const	16	static
C:\Users\JERRY\Documents\MCUXpressoIDE_11.8.0_1165\workspace\evkmimxrt1060_tflm_label_image\eiq\tensorflow-lite/tensorflow/lite/schema/schema_generated.h:11673:15:const void* tflite::Operator::builtin_options() const	16	static
C:\Users\JERRY\Documents\MCUXpressoIDE_11.8.0_1165\workspace\evkmimxrt1060_tflm_label_image\eiq\tensorflow-lite/tensorflow/lite/schema/schema_generated.h:11950:28:const tflite::IfOptions* tflite::Operator::builtin_options_as_IfOptions() const	16	static
C:\Users\JERRY\Documents\MCUXpressoIDE_11.8.0_1165\workspace\evkmimxrt1060_tflm_label_image\eiq\tensorflow-lite/tensorflow/lite/schema/schema_generated.h:11953:31:const tflite::WhileOptions* tflite::Operator::builtin_options_as_WhileOptions() const	16	static
C:\Users\JERRY\Documents\MCUXpressoIDE_11.8.0_1165\workspace\evkmimxrt1060_tflm_label_image\eiq\tensorflow-lite/tensorflow/lite/schema/schema_generated.h:11983:34:const tflite::CallOnceOptions* tflite::Operator::builtin_options_as_CallOnceOptions() const	16	static
C:\Users\JERRY\Documents\MCUXpressoIDE_11.8.0_1165\workspace\evkmimxrt1060_tflm_label_image\eiq\tensorflow-lite/tensorflow/lite/schema/schema_generated.h:12055:39:const flatbuffers::Vector<long int>* tflite::Operator::intermediates() const	16	static
C:\Users\JERRY\Documents\MCUXpressoIDE_11.8.0_1165\workspace\evkmimxrt1060_tflm_label_image\eiq\tensorflow-lite/tensorflow/lite/schema/schema_generated.h:12694:67:const flatbuffers::Vector<flatbuffers::Offset<tflite::Tensor> >* tflite::SubGraph::tensors() const	16	static
C:\Users\JERRY\Documents\MCUXpressoIDE_11.8.0_1165\workspace\evkmimxrt1060_tflm_label_image\eiq\tensorflow-lite/tensorflow/lite/schema/schema_generated.h:12697:39:const flatbuffers::Vector<long int>* tflite::SubGraph::inputs() const	16	static
C:\Users\JERRY\Documents\MCUXpressoIDE_11.8.0_1165\workspace\evkmimxrt1060_tflm_label_image\eiq\tensorflow-lite/tensorflow/lite/schema/schema_generated.h:12700:39:const flatbuffers::Vector<long int>* tflite::SubGraph::outputs() const	16	static
C:\Users\JERRY\Documents\MCUXpressoIDE_11.8.0_1165\workspace\evkmimxrt1060_tflm_label_image\eiq\tensorflow-lite/tensorflow/lite/schema/schema_generated.h:12703:69:const flatbuffers::Vector<flatbuffers::Offset<tflite::Operator> >* tflite::SubGraph::operators() const	16	static
C:\Users\JERRY\Documents\MCUXpressoIDE_11.8.0_1165\workspace\evkmimxrt1060_tflm_label_image\eiq\tensorflow-lite/tensorflow/lite/schema/schema_generated.h:12810:39:const flatbuffers::Vector<unsigned char>* tflite::Buffer::data() const	16	static
C:\Users\JERRY\Documents\MCUXpressoIDE_11.8.0_1165\workspace\evkmimxrt1060_tflm_label_image\eiq\tensorflow-lite/tensorflow/lite/schema/schema_generated.h:12875:30:const flatbuffers::String* tflite::Metadata::name() const	16	static
C:\Users\JERRY\Documents\MCUXpressoIDE_11.8.0_1165\workspace\evkmimxrt1060_tflm_label_image\eiq\tensorflow-lite/tensorflow/lite/schema/schema_generated.h:12878:12:uint32_t tflite::Metadata::buffer() const	16	static
C:\Users\JERRY\Documents\MCUXpressoIDE_11.8.0_1165\workspace\evkmimxrt1060_tflm_label_image\eiq\tensorflow-lite/tensorflow/lite/schema/schema_generated.h:13155:73:const flatbuffers::Vector<flatbuffers::Offset<tflite::OperatorCode> >* tflite::Model::operator_codes() const	16	static
C:\Users\JERRY\Documents\MCUXpressoIDE_11.8.0_1165\workspace\evkmimxrt1060_tflm_label_image\eiq\tensorflow-lite/tensorflow/lite/schema/schema_generated.h:13158:69:const flatbuffers::Vector<flatbuffers::Offset<tflite::SubGraph> >* tflite::Model::subgraphs() const	16	static
C:\Users\JERRY\Documents\MCUXpressoIDE_11.8.0_1165\workspace\evkmimxrt1060_tflm_label_image\eiq\tensorflow-lite/tensorflow/lite/schema/schema_generated.h:13164:67:const flatbuffers::Vector<flatbuffers::Offset<tflite::Buffer> >* tflite::Model::buffers() const	16	static
C:\Users\JERRY\Documents\MCUXpressoIDE_11.8.0_1165\workspace\evkmimxrt1060_tflm_label_image\eiq\tensorflow-lite/tensorflow/lite/schema/schema_generated.h:13170:69:const flatbuffers::Vector<flatbuffers::Offset<tflite::Metadata> >* tflite::Model::metadata() const	16	static
../eiq/tensorflow-lite/tensorflow/lite/micro/micro_allocation_info.cpp:34:6:void tflite::AllocationInfoBuilder::UpdateFirstCreated(tflite::AllocationInfo*, int)	24	static
../eiq/tensorflow-lite/tensorflow/lite/micro/micro_allocation_info.cpp:45:6:void tflite::AllocationInfoBuilder::UpdateLastUsed(tflite::AllocationInfo*, int)	24	static
../eiq/tensorflow-lite/tensorflow/lite/micro/micro_allocation_info.cpp:51:14:TfLiteStatus tflite::AllocationInfoBuilder::MarkSubgraphLifetimesIfNecessary(const tflite::Operator*, tflite::internal::ScratchBufferRequest*, tflite::ScratchBufferHandle*, tflite::SubgraphAllocations*)	56	static
../eiq/tensorflow-lite/tensorflow/lite/micro/micro_allocation_info.cpp:100:14:TfLiteStatus tflite::AllocationInfoBuilder::CreateAllocationInfo(int)	32	static
../eiq/tensorflow-lite/tensorflow/lite/micro/micro_allocation_info.cpp:145:14:TfLiteStatus tflite::AllocationInfoBuilder::FreeAllocationInfo()	16	static
../eiq/tensorflow-lite/tensorflow/lite/micro/micro_allocation_info.cpp:153:14:TfLiteStatus tflite::AllocationInfoBuilder::ValidateSubgraph(const tflite::SubGraph*, TfLiteEvalTensor*)	56	static
../eiq/tensorflow-lite/tensorflow/lite/micro/micro_allocation_info.cpp:177:14:TfLiteStatus tflite::AllocationInfoBuilder::InitializeAllocationInfo(const int32_t*, tflite::SubgraphAllocations*)	72	static
../eiq/tensorflow-lite/tensorflow/lite/micro/micro_allocation_info.cpp:224:14:TfLiteStatus tflite::AllocationInfoBuilder::MarkAllocationLifetimes(int, tflite::internal::ScratchBufferRequest*, tflite::ScratchBufferHandle*, tflite::SubgraphAllocations*)	152	static
../eiq/tensorflow-lite/tensorflow/lite/micro/micro_allocation_info.cpp:321:14:TfLiteStatus tflite::AllocationInfoBuilder::GetOfflinePlannedOffsets(const int32_t**)	64	static
C:\Users\JERRY\Documents\MCUXpressoIDE_11.8.0_1165\workspace\evkmimxrt1060_tflm_label_image\eiq\tensorflow-lite\third_party\flatbuffers\include/flatbuffers/base.h:416:24:T flatbuffers::EndianScalar(T) [with T = long unsigned int]	16	static
C:\Users\JERRY\Documents\MCUXpressoIDE_11.8.0_1165\workspace\evkmimxrt1060_tflm_label_image\eiq\tensorflow-lite\third_party\flatbuffers\include/flatbuffers/base.h:427:3:T flatbuffers::ReadScalar(const void*) [with T = long unsigned int]	16	static
C:\Users\JERRY\Documents\MCUXpressoIDE_11.8.0_1165\workspace\evkmimxrt1060_tflm_label_image\eiq\tensorflow-lite\third_party\flatbuffers\include/flatbuffers/base.h:427:3:T flatbuffers::ReadScalar(const void*) [with T = long int]	16	static
C:\Users\JERRY\Documents\MCUXpressoIDE_11.8.0_1165\workspace\evkmimxrt1060_tflm_label_image\eiq\tensorflow-lite\third_party\flatbuffers\include/flatbuffers/base.h:427:3:T flatbuffers::ReadScalar(const void*) [with T = short unsigned int]	16	static
C:\Users\JERRY\Documents\MCUXpressoIDE_11.8.0_1165\workspace\evkmimxrt1060_tflm_label_image\eiq\tensorflow-lite\third_party\flatbuffers\include/flatbuffers/vector.h:247:18:const uint8_t* flatbuffers::Vector<T>::Data() const [with T = char]	16	static
C:\Users\JERRY\Documents\MCUXpressoIDE_11.8.0_1165\workspace\evkmimxrt1060_tflm_label_image\eiq\tensorflow-lite\third_party\flatbuffers\include/flatbuffers/vector.h:159:13:flatbuffers::uoffset_t flatbuffers::Vector<T>::size() const [with T = char]	16	static
C:\Users\JERRY\Documents\MCUXpressoIDE_11.8.0_1165\workspace\evkmimxrt1060_tflm_label_image\eiq\tensorflow-lite\third_party\flatbuffers\include/flatbuffers/base.h:427:3:T flatbuffers::ReadScalar(const void*) [with T = unsigned char]	16	static
C:\Users\JERRY\Documents\MCUXpressoIDE_11.8.0_1165\workspace\evkmimxrt1060_tflm_label_image\eiq\tensorflow-lite\third_party\flatbuffers\include/flatbuffers/table.h:56:26:P flatbuffers::Table::GetPointer(flatbuffers::voffset_t) const [with P = const flatbuffers::Vector<unsigned char>*]	16	static
C:\Users\JERRY\Documents\MCUXpressoIDE_11.8.0_1165\workspace\evkmimxrt1060_tflm_label_image\eiq\tensorflow-lite\third_party\flatbuffers\include/flatbuffers/table.h:45:26:T flatbuffers::Table::GetField(flatbuffers::voffset_t, T) const [with T = unsigned char]	24	static
C:\Users\JERRY\Documents\MCUXpressoIDE_11.8.0_1165\workspace\evkmimxrt1060_tflm_label_image\eiq\tensorflow-lite\third_party\flatbuffers\include/flatbuffers/table.h:56:26:P flatbuffers::Table::GetPointer(flatbuffers::voffset_t) const [with P = const void*]	16	static
C:\Users\JERRY\Documents\MCUXpressoIDE_11.8.0_1165\workspace\evkmimxrt1060_tflm_label_image\eiq\tensorflow-lite\third_party\flatbuffers\include/flatbuffers/table.h:45:26:T flatbuffers::Table::GetField(flatbuffers::voffset_t, T) const [with T = long int]	32	static
C:\Users\JERRY\Documents\MCUXpressoIDE_11.8.0_1165\workspace\evkmimxrt1060_tflm_label_image\eiq\tensorflow-lite\third_party\flatbuffers\include/flatbuffers/table.h:56:26:P flatbuffers::Table::GetPointer(flatbuffers::voffset_t) const [with P = const flatbuffers::Vector<long int>*]	16	static
C:\Users\JERRY\Documents\MCUXpressoIDE_11.8.0_1165\workspace\evkmimxrt1060_tflm_label_image\eiq\tensorflow-lite\third_party\flatbuffers\include/flatbuffers/table.h:45:26:T flatbuffers::Table::GetField(flatbuffers::voffset_t, T) const [with T = long unsigned int]	32	static
C:\Users\JERRY\Documents\MCUXpressoIDE_11.8.0_1165\workspace\evkmimxrt1060_tflm_label_image\eiq\tensorflow-lite\third_party\flatbuffers\include/flatbuffers/table.h:56:26:P flatbuffers::Table::GetPointer(flatbuffers::voffset_t) const [with P = const flatbuffers::String*]	16	static
C:\Users\JERRY\Documents\MCUXpressoIDE_11.8.0_1165\workspace\evkmimxrt1060_tflm_label_image\eiq\tensorflow-lite\third_party\flatbuffers\include/flatbuffers/table.h:56:26:P flatbuffers::Table::GetPointer(flatbuffers::voffset_t) const [with P = const flatbuffers::Vector<flatbuffers::Offset<tflite::Tensor> >*]	16	static
C:\Users\JERRY\Documents\MCUXpressoIDE_11.8.0_1165\workspace\evkmimxrt1060_tflm_label_image\eiq\tensorflow-lite\third_party\flatbuffers\include/flatbuffers/table.h:56:26:P flatbuffers::Table::GetPointer(flatbuffers::voffset_t) const [with P = const flatbuffers::Vector<flatbuffers::Offset<tflite::Operator> >*]	16	static
C:\Users\JERRY\Documents\MCUXpressoIDE_11.8.0_1165\workspace\evkmimxrt1060_tflm_label_image\eiq\tensorflow-lite\third_party\flatbuffers\include/flatbuffers/table.h:56:26:P flatbuffers::Table::GetPointer(flatbuffers::voffset_t) const [with P = const flatbuffers::Vector<flatbuffers::Offset<tflite::OperatorCode> >*]	16	static
C:\Users\JERRY\Documents\MCUXpressoIDE_11.8.0_1165\workspace\evkmimxrt1060_tflm_label_image\eiq\tensorflow-lite\third_party\flatbuffers\include/flatbuffers/table.h:56:26:P flatbuffers::Table::GetPointer(flatbuffers::voffset_t) const [with P = const flatbuffers::Vector<flatbuffers::Offset<tflite::SubGraph> >*]	16	static
C:\Users\JERRY\Documents\MCUXpressoIDE_11.8.0_1165\workspace\evkmimxrt1060_tflm_label_image\eiq\tensorflow-lite\third_party\flatbuffers\include/flatbuffers/table.h:56:26:P flatbuffers::Table::GetPointer(flatbuffers::voffset_t) const [with P = const flatbuffers::Vector<flatbuffers::Offset<tflite::Buffer> >*]	16	static
C:\Users\JERRY\Documents\MCUXpressoIDE_11.8.0_1165\workspace\evkmimxrt1060_tflm_label_image\eiq\tensorflow-lite\third_party\flatbuffers\include/flatbuffers/table.h:56:26:P flatbuffers::Table::GetPointer(flatbuffers::voffset_t) const [with P = const flatbuffers::Vector<flatbuffers::Offset<tflite::Metadata> >*]	16	static
C:\Users\JERRY\Documents\MCUXpressoIDE_11.8.0_1165\workspace\evkmimxrt1060_tflm_label_image\eiq\tensorflow-lite\third_party\flatbuffers\include/flatbuffers/vector.h:159:13:flatbuffers::uoffset_t flatbuffers::Vector<T>::size() const [with T = long int]	16	static
C:\Users\JERRY\Documents\MCUXpressoIDE_11.8.0_1165\workspace\evkmimxrt1060_tflm_label_image\eiq\tensorflow-lite\third_party\flatbuffers\include/flatbuffers/vector.h:169:15:flatbuffers::Vector<T>::return_type flatbuffers::Vector<T>::Get(flatbuffers::uoffset_t) const [with T = long int]	16	static
C:\Users\JERRY\Documents\MCUXpressoIDE_11.8.0_1165\workspace\evkmimxrt1060_tflm_label_image\eiq\tensorflow-lite\third_party\flatbuffers\include/flatbuffers/vector.h:159:13:flatbuffers::uoffset_t flatbuffers::Vector<T>::size() const [with T = flatbuffers::Offset<tflite::Tensor>]	16	static
C:\Users\JERRY\Documents\MCUXpressoIDE_11.8.0_1165\workspace\evkmimxrt1060_tflm_label_image\eiq\tensorflow-lite\third_party\flatbuffers\include/flatbuffers/vector.h:169:15:flatbuffers::Vector<T>::return_type flatbuffers::Vector<T>::Get(flatbuffers::uoffset_t) const [with T = flatbuffers::Offset<tflite::Tensor>]	16	static
C:\Users\JERRY\Documents\MCUXpressoIDE_11.8.0_1165\workspace\evkmimxrt1060_tflm_label_image\eiq\tensorflow-lite\third_party\flatbuffers\include/flatbuffers/vector.h:159:13:flatbuffers::uoffset_t flatbuffers::Vector<T>::size() const [with T = flatbuffers::Offset<tflite::Operator>]	16	static
C:\Users\JERRY\Documents\MCUXpressoIDE_11.8.0_1165\workspace\evkmimxrt1060_tflm_label_image\eiq\tensorflow-lite\third_party\flatbuffers\include/flatbuffers/vector.h:169:15:flatbuffers::Vector<T>::return_type flatbuffers::Vector<T>::Get(flatbuffers::uoffset_t) const [with T = flatbuffers::Offset<tflite::Operator>]	16	static
C:\Users\JERRY\Documents\MCUXpressoIDE_11.8.0_1165\workspace\evkmimxrt1060_tflm_label_image\eiq\tensorflow-lite\third_party\flatbuffers\include/flatbuffers/vector.h:159:13:flatbuffers::uoffset_t flatbuffers::Vector<T>::size() const [with T = flatbuffers::Offset<tflite::OperatorCode>]	16	static
C:\Users\JERRY\Documents\MCUXpressoIDE_11.8.0_1165\workspace\evkmimxrt1060_tflm_label_image\eiq\tensorflow-lite\third_party\flatbuffers\include/flatbuffers/vector.h:169:15:flatbuffers::Vector<T>::return_type flatbuffers::Vector<T>::Get(flatbuffers::uoffset_t) const [with T = flatbuffers::Offset<tflite::OperatorCode>]	16	static
C:\Users\JERRY\Documents\MCUXpressoIDE_11.8.0_1165\workspace\evkmimxrt1060_tflm_label_image\eiq\tensorflow-lite\third_party\flatbuffers\include/flatbuffers/vector.h:159:13:flatbuffers::uoffset_t flatbuffers::Vector<T>::size() const [with T = flatbuffers::Offset<tflite::SubGraph>]	16	static
C:\Users\JERRY\Documents\MCUXpressoIDE_11.8.0_1165\workspace\evkmimxrt1060_tflm_label_image\eiq\tensorflow-lite\third_party\flatbuffers\include/flatbuffers/vector.h:169:15:flatbuffers::Vector<T>::return_type flatbuffers::Vector<T>::Get(flatbuffers::uoffset_t) const [with T = flatbuffers::Offset<tflite::SubGraph>]	16	static
C:\Users\JERRY\Documents\MCUXpressoIDE_11.8.0_1165\workspace\evkmimxrt1060_tflm_label_image\eiq\tensorflow-lite\third_party\flatbuffers\include/flatbuffers/vector.h:159:13:flatbuffers::uoffset_t flatbuffers::Vector<T>::size() const [with T = flatbuffers::Offset<tflite::Buffer>]	16	static
C:\Users\JERRY\Documents\MCUXpressoIDE_11.8.0_1165\workspace\evkmimxrt1060_tflm_label_image\eiq\tensorflow-lite\third_party\flatbuffers\include/flatbuffers/vector.h:169:15:flatbuffers::Vector<T>::return_type flatbuffers::Vector<T>::Get(flatbuffers::uoffset_t) const [with T = flatbuffers::Offset<tflite::Buffer>]	16	static
C:\Users\JERRY\Documents\MCUXpressoIDE_11.8.0_1165\workspace\evkmimxrt1060_tflm_label_image\eiq\tensorflow-lite\third_party\flatbuffers\include/flatbuffers/vector.h:159:13:flatbuffers::uoffset_t flatbuffers::Vector<T>::size() const [with T = flatbuffers::Offset<tflite::Metadata>]	16	static
C:\Users\JERRY\Documents\MCUXpressoIDE_11.8.0_1165\workspace\evkmimxrt1060_tflm_label_image\eiq\tensorflow-lite\third_party\flatbuffers\include/flatbuffers/vector.h:169:15:flatbuffers::Vector<T>::return_type flatbuffers::Vector<T>::Get(flatbuffers::uoffset_t) const [with T = flatbuffers::Offset<tflite::Metadata>]	16	static
c:\nxp\mcuxpressoide_11.8.0_1165\ide\plugins\com.nxp.mcuxpresso.tools.win32_11.8.0.202306131047\tools\arm-none-eabi\include\c++\12.2.1\bits\stl_algobase.h:230:5:const _Tp& std::min(const _Tp&, const _Tp&) [with _Tp = unsigned int]	16	static
C:\Users\JERRY\Documents\MCUXpressoIDE_11.8.0_1165\workspace\evkmimxrt1060_tflm_label_image\eiq\tensorflow-lite\third_party\flatbuffers\include/flatbuffers/vector.h:174:15:flatbuffers::Vector<T>::return_type flatbuffers::Vector<T>::operator[](flatbuffers::uoffset_t) const [with T = flatbuffers::Offset<tflite::Buffer>]	16	static
C:\Users\JERRY\Documents\MCUXpressoIDE_11.8.0_1165\workspace\evkmimxrt1060_tflm_label_image\eiq\tensorflow-lite\third_party\flatbuffers\include/flatbuffers/vector.h:254:12:const T* flatbuffers::Vector<T>::data() const [with T = unsigned char]	16	static
C:\Users\JERRY\Documents\MCUXpressoIDE_11.8.0_1165\workspace\evkmimxrt1060_tflm_label_image\eiq\tensorflow-lite\third_party\flatbuffers\include/flatbuffers/base.h:416:24:T flatbuffers::EndianScalar(T) [with T = long int]	16	static
C:\Users\JERRY\Documents\MCUXpressoIDE_11.8.0_1165\workspace\evkmimxrt1060_tflm_label_image\eiq\tensorflow-lite\third_party\flatbuffers\include/flatbuffers/base.h:416:24:T flatbuffers::EndianScalar(T) [with T = short unsigned int]	16	static
C:\Users\JERRY\Documents\MCUXpressoIDE_11.8.0_1165\workspace\evkmimxrt1060_tflm_label_image\eiq\tensorflow-lite\third_party\flatbuffers\include/flatbuffers/base.h:416:24:T flatbuffers::EndianScalar(T) [with T = unsigned char]	16	static
C:\Users\JERRY\Documents\MCUXpressoIDE_11.8.0_1165\workspace\evkmimxrt1060_tflm_label_image\eiq\tensorflow-lite\third_party\flatbuffers\include/flatbuffers/table.h:50:26:P flatbuffers::Table::GetPointer(flatbuffers::voffset_t) [with P = const flatbuffers::Vector<unsigned char>*]	24	static
C:\Users\JERRY\Documents\MCUXpressoIDE_11.8.0_1165\workspace\evkmimxrt1060_tflm_label_image\eiq\tensorflow-lite\third_party\flatbuffers\include/flatbuffers/table.h:50:26:P flatbuffers::Table::GetPointer(flatbuffers::voffset_t) [with P = const void*]	24	static
C:\Users\JERRY\Documents\MCUXpressoIDE_11.8.0_1165\workspace\evkmimxrt1060_tflm_label_image\eiq\tensorflow-lite\third_party\flatbuffers\include/flatbuffers/table.h:50:26:P flatbuffers::Table::GetPointer(flatbuffers::voffset_t) [with P = const flatbuffers::Vector<long int>*]	24	static
C:\Users\JERRY\Documents\MCUXpressoIDE_11.8.0_1165\workspace\evkmimxrt1060_tflm_label_image\eiq\tensorflow-lite\third_party\flatbuffers\include/flatbuffers/table.h:50:26:P flatbuffers::Table::GetPointer(flatbuffers::voffset_t) [with P = const flatbuffers::String*]	24	static
C:\Users\JERRY\Documents\MCUXpressoIDE_11.8.0_1165\workspace\evkmimxrt1060_tflm_label_image\eiq\tensorflow-lite\third_party\flatbuffers\include/flatbuffers/table.h:50:26:P flatbuffers::Table::GetPointer(flatbuffers::voffset_t) [with P = const flatbuffers::Vector<flatbuffers::Offset<tflite::Tensor> >*]	24	static
C:\Users\JERRY\Documents\MCUXpressoIDE_11.8.0_1165\workspace\evkmimxrt1060_tflm_label_image\eiq\tensorflow-lite\third_party\flatbuffers\include/flatbuffers/table.h:50:26:P flatbuffers::Table::GetPointer(flatbuffers::voffset_t) [with P = const flatbuffers::Vector<flatbuffers::Offset<tflite::Operator> >*]	24	static
C:\Users\JERRY\Documents\MCUXpressoIDE_11.8.0_1165\workspace\evkmimxrt1060_tflm_label_image\eiq\tensorflow-lite\third_party\flatbuffers\include/flatbuffers/table.h:50:26:P flatbuffers::Table::GetPointer(flatbuffers::voffset_t) [with P = const flatbuffers::Vector<flatbuffers::Offset<tflite::OperatorCode> >*]	24	static
C:\Users\JERRY\Documents\MCUXpressoIDE_11.8.0_1165\workspace\evkmimxrt1060_tflm_label_image\eiq\tensorflow-lite\third_party\flatbuffers\include/flatbuffers/table.h:50:26:P flatbuffers::Table::GetPointer(flatbuffers::voffset_t) [with P = const flatbuffers::Vector<flatbuffers::Offset<tflite::SubGraph> >*]	24	static
C:\Users\JERRY\Documents\MCUXpressoIDE_11.8.0_1165\workspace\evkmimxrt1060_tflm_label_image\eiq\tensorflow-lite\third_party\flatbuffers\include/flatbuffers/table.h:50:26:P flatbuffers::Table::GetPointer(flatbuffers::voffset_t) [with P = const flatbuffers::Vector<flatbuffers::Offset<tflite::Buffer> >*]	24	static
C:\Users\JERRY\Documents\MCUXpressoIDE_11.8.0_1165\workspace\evkmimxrt1060_tflm_label_image\eiq\tensorflow-lite\third_party\flatbuffers\include/flatbuffers/table.h:50:26:P flatbuffers::Table::GetPointer(flatbuffers::voffset_t) [with P = const flatbuffers::Vector<flatbuffers::Offset<tflite::Metadata> >*]	24	static
C:\Users\JERRY\Documents\MCUXpressoIDE_11.8.0_1165\workspace\evkmimxrt1060_tflm_label_image\eiq\tensorflow-lite\third_party\flatbuffers\include/flatbuffers/vector.h:247:18:const uint8_t* flatbuffers::Vector<T>::Data() const [with T = unsigned char]	16	static
C:\Users\JERRY\Documents\MCUXpressoIDE_11.8.0_1165\workspace\evkmimxrt1060_tflm_label_image\eiq\tensorflow-lite\third_party\flatbuffers\include/flatbuffers/vector.h:247:18:const uint8_t* flatbuffers::Vector<T>::Data() const [with T = long int]	16	static
C:\Users\JERRY\Documents\MCUXpressoIDE_11.8.0_1165\workspace\evkmimxrt1060_tflm_label_image\eiq\tensorflow-lite\third_party\flatbuffers\include/flatbuffers/buffer.h:76:22:static flatbuffers::IndirectHelper<T>::return_type flatbuffers::IndirectHelper<T>::Read(const uint8_t*, flatbuffers::uoffset_t) [with T = long int]	16	static
C:\Users\JERRY\Documents\MCUXpressoIDE_11.8.0_1165\workspace\evkmimxrt1060_tflm_label_image\eiq\tensorflow-lite\third_party\flatbuffers\include/flatbuffers/vector.h:247:18:const uint8_t* flatbuffers::Vector<T>::Data() const [with T = flatbuffers::Offset<tflite::Tensor>]	16	static
C:\Users\JERRY\Documents\MCUXpressoIDE_11.8.0_1165\workspace\evkmimxrt1060_tflm_label_image\eiq\tensorflow-lite\third_party\flatbuffers\include/flatbuffers/buffer.h:84:22:static const T* flatbuffers::IndirectHelper<flatbuffers::Offset<T> >::Read(const uint8_t*, flatbuffers::uoffset_t) [with T = tflite::Tensor]	16	static
C:\Users\JERRY\Documents\MCUXpressoIDE_11.8.0_1165\workspace\evkmimxrt1060_tflm_label_image\eiq\tensorflow-lite\third_party\flatbuffers\include/flatbuffers/vector.h:247:18:const uint8_t* flatbuffers::Vector<T>::Data() const [with T = flatbuffers::Offset<tflite::Operator>]	16	static
C:\Users\JERRY\Documents\MCUXpressoIDE_11.8.0_1165\workspace\evkmimxrt1060_tflm_label_image\eiq\tensorflow-lite\third_party\flatbuffers\include/flatbuffers/buffer.h:84:22:static const T* flatbuffers::IndirectHelper<flatbuffers::Offset<T> >::Read(const uint8_t*, flatbuffers::uoffset_t) [with T = tflite::Operator]	16	static
C:\Users\JERRY\Documents\MCUXpressoIDE_11.8.0_1165\workspace\evkmimxrt1060_tflm_label_image\eiq\tensorflow-lite\third_party\flatbuffers\include/flatbuffers/vector.h:247:18:const uint8_t* flatbuffers::Vector<T>::Data() const [with T = flatbuffers::Offset<tflite::OperatorCode>]	16	static
C:\Users\JERRY\Documents\MCUXpressoIDE_11.8.0_1165\workspace\evkmimxrt1060_tflm_label_image\eiq\tensorflow-lite\third_party\flatbuffers\include/flatbuffers/buffer.h:84:22:static const T* flatbuffers::IndirectHelper<flatbuffers::Offset<T> >::Read(const uint8_t*, flatbuffers::uoffset_t) [with T = tflite::OperatorCode]	16	static
C:\Users\JERRY\Documents\MCUXpressoIDE_11.8.0_1165\workspace\evkmimxrt1060_tflm_label_image\eiq\tensorflow-lite\third_party\flatbuffers\include/flatbuffers/vector.h:247:18:const uint8_t* flatbuffers::Vector<T>::Data() const [with T = flatbuffers::Offset<tflite::SubGraph>]	16	static
C:\Users\JERRY\Documents\MCUXpressoIDE_11.8.0_1165\workspace\evkmimxrt1060_tflm_label_image\eiq\tensorflow-lite\third_party\flatbuffers\include/flatbuffers/buffer.h:84:22:static const T* flatbuffers::IndirectHelper<flatbuffers::Offset<T> >::Read(const uint8_t*, flatbuffers::uoffset_t) [with T = tflite::SubGraph]	16	static
C:\Users\JERRY\Documents\MCUXpressoIDE_11.8.0_1165\workspace\evkmimxrt1060_tflm_label_image\eiq\tensorflow-lite\third_party\flatbuffers\include/flatbuffers/vector.h:247:18:const uint8_t* flatbuffers::Vector<T>::Data() const [with T = flatbuffers::Offset<tflite::Buffer>]	16	static
C:\Users\JERRY\Documents\MCUXpressoIDE_11.8.0_1165\workspace\evkmimxrt1060_tflm_label_image\eiq\tensorflow-lite\third_party\flatbuffers\include/flatbuffers/buffer.h:84:22:static const T* flatbuffers::IndirectHelper<flatbuffers::Offset<T> >::Read(const uint8_t*, flatbuffers::uoffset_t) [with T = tflite::Buffer]	16	static
C:\Users\JERRY\Documents\MCUXpressoIDE_11.8.0_1165\workspace\evkmimxrt1060_tflm_label_image\eiq\tensorflow-lite\third_party\flatbuffers\include/flatbuffers/vector.h:247:18:const uint8_t* flatbuffers::Vector<T>::Data() const [with T = flatbuffers::Offset<tflite::Metadata>]	16	static
C:\Users\JERRY\Documents\MCUXpressoIDE_11.8.0_1165\workspace\evkmimxrt1060_tflm_label_image\eiq\tensorflow-lite\third_party\flatbuffers\include/flatbuffers/buffer.h:84:22:static const T* flatbuffers::IndirectHelper<flatbuffers::Offset<T> >::Read(const uint8_t*, flatbuffers::uoffset_t) [with T = tflite::Metadata]	16	static
