C:\Users\JERRY\Documents\MCUXpressoIDE_11.8.0_1165\workspace\evkmimxrt1060_tflm_label_image\drivers/fsl_common_arm.h:210:20:_SDK_AtomicLocalClearAndSet4Byte	48	static
C:\Users\JERRY\Documents\MCUXpressoIDE_11.8.0_1165\workspace\evkmimxrt1060_tflm_label_image\drivers/fsl_clock.h:1496:20:CLOCK_ControlGate	32	static
C:\Users\JERRY\Documents\MCUXpressoIDE_11.8.0_1165\workspace\evkmimxrt1060_tflm_label_image\drivers/fsl_clock.h:1513:20:CLOCK_EnableClock	16	static
C:\Users\JERRY\Documents\MCUXpressoIDE_11.8.0_1165\workspace\evkmimxrt1060_tflm_label_image\drivers/fsl_iomuxc.h:1288:20:IOMUXC_SetPinMux	24	static
C:\Users\JERRY\Documents\MCUXpressoIDE_11.8.0_1165\workspace\evkmimxrt1060_tflm_label_image\drivers/fsl_iomuxc.h:1320:20:IOMUXC_SetPinConfig	24	static
../board/pin_mux.c:37:6:BOARD_InitBootPins	8	static
../board/pin_mux.c:55:6:BOARD_InitPins	4	static
../board/pin_mux.c:77:6:BOARD_InitDEBUG_UARTPins	16	static
../board/pin_mux.c:140:6:BOARD_InitSDRAMPins	16	static
../board/pin_mux.c:216:6:BOARD_InitCSIPins	16	static
../board/pin_mux.c:279:6:BOARD_InitLCDPins	16	static
