C:\Users\jj910\Documents\MCUXpressoIDE_11.8.0_1165\workspace\evkmimxrt1060_tflm_label_image\eiq\tensorflow-lite/tensorflow/lite/core/api/op_resolver.h:58:35:virtual tflite::OpResolver::TfLiteDelegatePtrVector tflite::OpResolver::GetDelegates(int) const	0	static
C:\Users\jj910\Documents\MCUXpressoIDE_11.8.0_1165\workspace\evkmimxrt1060_tflm_label_image\eiq\tensorflow-lite/tensorflow/lite/core/api/op_resolver.h:77:34:virtual tflite::OpResolver::TfLiteDelegateCreators tflite::OpResolver::GetDelegateCreators() const	0	static
C:\Users\jj910\Documents\MCUXpressoIDE_11.8.0_1165\workspace\evkmimxrt1060_tflm_label_image\eiq\tensorflow-lite/tensorflow/lite/core/api/op_resolver.h:107:40:virtual tflite::OpResolver::TfLiteOpaqueDelegateCreators tflite::OpResolver::GetOpaqueDelegateCreators() const	0	static
C:\Users\jj910\Documents\MCUXpressoIDE_11.8.0_1165\workspace\evkmimxrt1060_tflm_label_image\eiq\tensorflow-lite/tensorflow/lite/core/api/op_resolver.h:125:16:virtual bool tflite::OpResolver::MayContainUserDefinedOps() const	0	static
C:\Users\jj910\Documents\MCUXpressoIDE_11.8.0_1165\workspace\evkmimxrt1060_tflm_label_image\eiq\tensorflow-lite/tensorflow/lite/micro/micro_mutable_op_resolver.h:51:29:const TfLiteRegistration* tflite::MicroMutableOpResolver<tOpCount>::FindOp(tflite::BuiltinOperator) const [with unsigned int tOpCount = 128]	8	static
C:\Users\jj910\Documents\MCUXpressoIDE_11.8.0_1165\workspace\evkmimxrt1060_tflm_label_image\eiq\tensorflow-lite/tensorflow/lite/micro/all_ops_resolver.h:28:7:virtual tflite::AllOpsResolver::~AllOpsResolver()	0	static
C:\Users\jj910\Documents\MCUXpressoIDE_11.8.0_1165\workspace\evkmimxrt1060_tflm_label_image\eiq\tensorflow-lite/tensorflow/lite/micro/micro_mutable_op_resolver.h:74:41:TfLiteStatus (* tflite::MicroMutableOpResolver<tOpCount>::GetOpDataParser(tflite::BuiltinOperator) const)(const tflite::Operator*, tflite::ErrorReporter*, tflite::BuiltinDataAllocator*, void**) [with unsigned int tOpCount = 128]	8	static
C:\Users\jj910\Documents\MCUXpressoIDE_11.8.0_1165\workspace\evkmimxrt1060_tflm_label_image\eiq\tensorflow-lite/tensorflow/lite/micro/micro_mutable_op_resolver.h:63:29:const TfLiteRegistration* tflite::MicroMutableOpResolver<tOpCount>::FindOp(const char*) const [with unsigned int tOpCount = 128]	24	static
C:\Users\jj910\Documents\MCUXpressoIDE_11.8.0_1165\workspace\evkmimxrt1060_tflm_label_image\eiq\tensorflow-lite/tensorflow/lite/micro/micro_op_resolver.h:53:29:virtual const TfLiteRegistration* tflite::MicroOpResolver::FindOp(tflite::BuiltinOperator, int) const	8	static
C:\Users\jj910\Documents\MCUXpressoIDE_11.8.0_1165\workspace\evkmimxrt1060_tflm_label_image\eiq\tensorflow-lite/tensorflow/lite/micro/micro_op_resolver.h:60:29:virtual const TfLiteRegistration* tflite::MicroOpResolver::FindOp(const char*, int) const	24	static
C:\Users\jj910\Documents\MCUXpressoIDE_11.8.0_1165\workspace\evkmimxrt1060_tflm_label_image\eiq\tensorflow-lite/tensorflow/lite/micro/micro_mutable_op_resolver.h:597:16:TfLiteStatus tflite::MicroMutableOpResolver<tOpCount>::AddBuiltin(tflite::BuiltinOperator, const TfLiteRegistration&, tflite::MicroOpResolver::BuiltinParseFunction) [with unsigned int tOpCount = 128]	32	static
../eiq/tensorflow-lite/tensorflow/lite/micro/all_ops_resolver.cpp:22:1:tflite::AllOpsResolver::AllOpsResolver()	80	static
