../eiq/tensorflow-lite/tensorflow/lite/micro/kernels/broadcast_args.cpp:31:14:TfLiteStatus tflite::{anonymous}::BroadcastArgsPrepare(TfLiteContext*, TfLiteNode*)	40	static
../eiq/tensorflow-lite/tensorflow/lite/micro/kernels/broadcast_args.cpp:86:20:TfLiteRegistration tflite::Register_BROADCAST_ARGS()	16	static
C:\Users\jj910\Documents\MCUXpressoIDE_11.8.0_1165\workspace\evkmimxrt1060_tflm_label_image\eiq\tensorflow-lite/tensorflow/lite/kernels/internal/reference/broadcast_args.h:25:6:void tflite::reference_ops::BroadcastArgs(const tflite::RuntimeShape&, const T*, const tflite::RuntimeShape&, const T*, const tflite::RuntimeShape&, T*) [with T = long int]	32	static
C:\Users\jj910\Documents\MCUXpressoIDE_11.8.0_1165\workspace\evkmimxrt1060_tflm_label_image\eiq\tensorflow-lite/tensorflow/lite/kernels/internal/reference/broadcast_args.h:25:6:void tflite::reference_ops::BroadcastArgs(const tflite::RuntimeShape&, const T*, const tflite::RuntimeShape&, const T*, const tflite::RuntimeShape&, T*) [with T = long long int]	48	static
../eiq/tensorflow-lite/tensorflow/lite/micro/kernels/broadcast_args.cpp:62:14:TfLiteStatus tflite::{anonymous}::BroadcastArgsEval(TfLiteContext*, TfLiteNode*)	104	static
