../eiq/tensorflow-lite/tensorflow/lite/micro/kernels/detection_postprocess.cpp:152:14:TfLiteStatus tflite::{anonymous}::Prepare(TfLiteContext*, TfLiteNode*)	72	static
c:\nxp\mcuxpressoide_11.8.0_1165\ide\plugins\com.nxp.mcuxpresso.tools.win32_11.8.0.202306131047\tools\arm-none-eabi\include\c++\12.2.1\bits\stl_heap.h:224:5:void std::__adjust_heap(_RandomAccessIterator, _Distance, _Distance, _Tp, _Compare) [with _RandomAccessIterator = int*; _Distance = int; _Tp = int; _Compare = __gnu_cxx::__ops::_Iter_comp_iter<tflite::{anonymous}::DecreasingPartialArgSort(const float*, int, int, int*)::<lambda(int, int)> >]	48	static
../eiq/tensorflow-lite/tensorflow/lite/micro/kernels/detection_postprocess.cpp:320:6:void tflite::{anonymous}::DecreasingPartialArgSort(const float*, int, int, int*)	64	static
C:\Users\jj910\Documents\MCUXpressoIDE_11.8.0_1165\workspace\evkmimxrt1060_tflm_label_image\eiq\tensorflow-lite\third_party\flatbuffers\include/flatbuffers/flexbuffers.h:870:26:int flexbuffers::KeyCompare(const void*, const void*) [with T = long unsigned int]	0	static
C:\Users\jj910\Documents\MCUXpressoIDE_11.8.0_1165\workspace\evkmimxrt1060_tflm_label_image\eiq\tensorflow-lite\third_party\flatbuffers\include/flatbuffers/flexbuffers.h:870:26:int flexbuffers::KeyCompare(const void*, const void*) [with T = long long unsigned int]	0	static
C:\Users\jj910\Documents\MCUXpressoIDE_11.8.0_1165\workspace\evkmimxrt1060_tflm_label_image\eiq\tensorflow-lite\third_party\flatbuffers\include/flatbuffers/flexbuffers.h:870:26:int flexbuffers::KeyCompare(const void*, const void*) [with T = unsigned char]	0	static
C:\Users\jj910\Documents\MCUXpressoIDE_11.8.0_1165\workspace\evkmimxrt1060_tflm_label_image\eiq\tensorflow-lite\third_party\flatbuffers\include/flatbuffers/flexbuffers.h:870:26:int flexbuffers::KeyCompare(const void*, const void*) [with T = short unsigned int]	0	static
../eiq/tensorflow-lite/tensorflow/lite/micro/kernels/detection_postprocess.cpp:354:6:void tflite::{anonymous}::MergeSort(int*, int*, int, Compare) [with Compare = DecreasingArgSort(const float*, int, int*, int*)::<lambda(int, int)>]	56	static
../eiq/tensorflow-lite/tensorflow/lite/micro/kernels/detection_postprocess.cpp:428:14:constprop(TfLiteContext*, TfLiteNode*, OpData*, const float*, int*, int*, int)	72	static
../eiq/tensorflow-lite/tensorflow/lite/micro/kernels/detection_postprocess.cpp:777:14:TfLiteStatus tflite::{anonymous}::Eval(TfLiteContext*, TfLiteNode*)	192	static
C:\Users\jj910\Documents\MCUXpressoIDE_11.8.0_1165\workspace\evkmimxrt1060_tflm_label_image\eiq\tensorflow-lite\third_party\flatbuffers\include/flatbuffers/flexbuffers.h:424:11:int64_t flexbuffers::Reference::AsInt64() const	32	static
../eiq/tensorflow-lite/tensorflow/lite/micro/kernels/detection_postprocess.cpp:120:7:void* tflite::{anonymous}::Init(TfLiteContext*, const char*, size_t)	64	static
../eiq/tensorflow-lite/tensorflow/lite/micro/kernels/detection_postprocess.cpp:802:21:TfLiteRegistration* tflite::Register_DETECTION_POSTPROCESS()	24	static
