../eiq/tensorflow-lite/tensorflow/lite/micro/kernels/micro_tensor_utils.cpp:49:6:void tflite::micro_tensor_utils::PortableSymmetricQuantizeFloats(const float*, int, int8_t*, float, float, float*)	8	static
../eiq/tensorflow-lite/tensorflow/lite/micro/kernels/micro_tensor_utils.cpp:38:6:void tflite::micro_tensor_utils::PortableSymmetricQuantizeFloats(const float*, int, int8_t*, float*, float*, float*)	20	static
../eiq/tensorflow-lite/tensorflow/lite/micro/kernels/micro_tensor_utils.cpp:70:6:void tflite::micro_tensor_utils::PortableAsymmetricQuantizeFloats(const float*, int, int8_t*, float*, int32_t*)	32	static
../eiq/tensorflow-lite/tensorflow/lite/micro/kernels/micro_tensor_utils.cpp:117:6:void tflite::micro_tensor_utils::PortableMatrixBatchVectorMultiplyAccumulate(const float*, int, int, const float*, int, float*)	48	static
../eiq/tensorflow-lite/tensorflow/lite/micro/kernels/micro_tensor_utils.cpp:136:6:void tflite::micro_tensor_utils::PortableMatrixBatchVectorMultiplyAccumulate(const int8_t*, int, int, const int8_t*, const float*, int, float*)	64	static
../eiq/tensorflow-lite/tensorflow/lite/micro/kernels/micro_tensor_utils.cpp:162:6:void tflite::micro_tensor_utils::PortableMatrixBatchVectorMultiplyAccumulate(const int8_t*, int, int, const int8_t*, const float*, int, float*, const float*, const int32_t*, int32_t*, int32_t*, bool*, tflite::CpuBackendContext*)	72	static
../eiq/tensorflow-lite/tensorflow/lite/micro/kernels/micro_tensor_utils.cpp:205:6:void tflite::micro_tensor_utils::PortableSparseMatrixBatchVectorMultiplyAccumulate1x4(const float*, const int32_t*, const int32_t*, int, int, const float*, int, float*)	64	static
../eiq/tensorflow-lite/tensorflow/lite/micro/kernels/micro_tensor_utils.cpp:229:6:void tflite::micro_tensor_utils::PortableSparseMatrixBatchVectorMultiplyAccumulate1x16(const int8_t*, const int32_t*, const int32_t*, int, int, const int8_t*, const int32_t*, int, int32_t, int32_t, int32_t, int32_t, int32_t, int32_t, int8_t*)	120	static
../eiq/tensorflow-lite/tensorflow/lite/micro/kernels/micro_tensor_utils.cpp:264:6:void tflite::micro_tensor_utils::PortableSparseMatrixBatchVectorMultiplyAccumulate(const float*, const uint8_t*, int, int, const float*, int, float*)	120	static
../eiq/tensorflow-lite/tensorflow/lite/micro/kernels/micro_tensor_utils.cpp:293:6:void tflite::micro_tensor_utils::PortableSparseMatrixBatchVectorMultiplyAccumulate(const int8_t*, const uint8_t*, int, int, const int8_t*, const float*, int, float*)	72	static
../eiq/tensorflow-lite/tensorflow/lite/micro/kernels/micro_tensor_utils.cpp:356:6:void tflite::micro_tensor_utils::PortableMatrixBatchVectorMultiplyAccumulate(const int8_t*, const int32_t*, const int8_t*, int32_t, int32_t, int32_t, int32_t, int32_t, int32_t, int32_t*, int16_t*, tflite::CpuBackendContext*)	88	static
../eiq/tensorflow-lite/tensorflow/lite/micro/kernels/micro_tensor_utils.cpp:366:6:void tflite::micro_tensor_utils::PortableMatrixBatchVectorMultiplyAccumulate(const int8_t*, const int32_t*, const int8_t*, int32_t, int32_t, int32_t, int32_t, int32_t, int32_t, int32_t*, int8_t*, tflite::CpuBackendContext*)	80	static
../eiq/tensorflow-lite/tensorflow/lite/micro/kernels/micro_tensor_utils.cpp:376:6:void tflite::micro_tensor_utils::PortableMatrixBatchVectorMultiply(const int8_t*, int32_t, const int8_t*, int32_t, int32_t, int32_t, int32_t, int32_t, int8_t*, int8_t)	80	static
../eiq/tensorflow-lite/tensorflow/lite/micro/kernels/micro_tensor_utils.cpp:408:6:void tflite::micro_tensor_utils::PortableMatrixBatchVectorMultiply(const int16_t*, const int8_t*, int32_t, int32_t, const int32_t*, int32_t, int32_t, int32_t, int32_t, int8_t*)	96	static
../eiq/tensorflow-lite/tensorflow/lite/micro/kernels/micro_tensor_utils.cpp:444:6:void tflite::micro_tensor_utils::PortableApplyLayerNorm(const int16_t*, const int16_t*, const int32_t*, int32_t, int32_t, int32_t, int, int, int16_t*)	104	static
../eiq/tensorflow-lite/tensorflow/lite/micro/kernels/micro_tensor_utils.cpp:493:6:void tflite::micro_tensor_utils::PortableApplyLayerNormFloat(const int16_t*, const int16_t*, int32_t, int32_t, const int32_t*, int, int, int16_t*)	80	static
../eiq/tensorflow-lite/tensorflow/lite/micro/kernels/micro_tensor_utils.cpp:538:6:void tflite::micro_tensor_utils::PortableMatrixScalarMultiplyAccumulate(const int8_t*, int32_t, int32_t, int32_t, int32_t*)	16	static
../eiq/tensorflow-lite/tensorflow/lite/micro/kernels/micro_tensor_utils.cpp:564:6:void tflite::micro_tensor_utils::PortableApplySigmoidFloat(const int16_t*, int32_t, int32_t, int16_t*)	64	static
../eiq/tensorflow-lite/tensorflow/lite/micro/kernels/micro_tensor_utils.cpp:621:6:void tflite::micro_tensor_utils::PortableApplyTanhFloat(const int16_t*, int32_t, int32_t, int32_t, int16_t*)	72	static
../eiq/tensorflow-lite/tensorflow/lite/micro/kernels/micro_tensor_utils.cpp:642:6:void tflite::micro_tensor_utils::PortableCwiseMul(const int16_t*, const int16_t*, int, int, int, int16_t*)	56	static
../eiq/tensorflow-lite/tensorflow/lite/micro/kernels/micro_tensor_utils.cpp:656:6:void tflite::micro_tensor_utils::PortableCwiseMul(const int16_t*, const int16_t*, int32_t, int32_t, int32_t, int32_t, int32_t, int8_t*)	72	static
../eiq/tensorflow-lite/tensorflow/lite/micro/kernels/micro_tensor_utils.cpp:675:6:void tflite::micro_tensor_utils::PortableCwiseAdd(const int16_t*, const int16_t*, int, int, int16_t*)	48	static
../eiq/tensorflow-lite/tensorflow/lite/micro/kernels/micro_tensor_utils.cpp:687:7:float tflite::micro_tensor_utils::PortableVectorVectorDotProduct(const float*, const float*, int)	0	static
../eiq/tensorflow-lite/tensorflow/lite/micro/kernels/micro_tensor_utils.cpp:707:6:void tflite::micro_tensor_utils::PortableBatchVectorBatchVectorDotProduct(const int16_t*, const int16_t*, int, int, int32_t*)	24	static
../eiq/tensorflow-lite/tensorflow/lite/micro/kernels/micro_tensor_utils.cpp:718:6:void tflite::micro_tensor_utils::PortableVectorBatchVectorCwiseProductAccumulate(const int16_t*, int, const int16_t*, int, int32_t, int, int16_t*)	88	static
../eiq/tensorflow-lite/tensorflow/lite/micro/kernels/micro_tensor_utils.cpp:733:6:void tflite::micro_tensor_utils::PortableSub1Vector(const float*, int, float*)	0	static
../eiq/tensorflow-lite/tensorflow/lite/micro/kernels/micro_tensor_utils.cpp:739:6:void tflite::micro_tensor_utils::PortableSub1Vector(const int16_t*, int, int16_t*)	32	static
../eiq/tensorflow-lite/tensorflow/lite/micro/kernels/micro_tensor_utils.cpp:746:6:void tflite::micro_tensor_utils::PortableVectorScalarMultiply(const int8_t*, int, float, float*)	0	static
../eiq/tensorflow-lite/tensorflow/lite/micro/kernels/micro_tensor_utils.cpp:753:6:void tflite::micro_tensor_utils::PortableMeanStddevNormalization(const float*, float*, int, int)	64	static
../eiq/tensorflow-lite/tensorflow/lite/micro/kernels/micro_tensor_utils.cpp:779:6:void tflite::micro_tensor_utils::PortableTwoGateSaturatingAdd(const int8_t*, int8_t, const int8_t*, int8_t, int32_t, int32_t, int32_t, int32_t, int32_t, int32_t, int16_t*)	96	static
C:\Users\jj910\Documents\MCUXpressoIDE_11.8.0_1165\workspace\evkmimxrt1060_tflm_label_image\eiq\tensorflow-lite\third_party\gemmlowp/fixedpoint/fixedpoint.h:842:25:gemmlowp::FixedPoint<tRawType, 0> gemmlowp::one_over_one_plus_x_for_x_in_0_1(FixedPoint<tRawType, 0>) [with tRawType = short int]	4	static
C:\Users\jj910\Documents\MCUXpressoIDE_11.8.0_1165\workspace\evkmimxrt1060_tflm_label_image\eiq\tensorflow-lite\third_party\gemmlowp/fixedpoint/fixedpoint.h:721:25:gemmlowp::FixedPoint<tRawType, 0> gemmlowp::exp_on_interval_between_negative_one_quarter_and_0_excl(FixedPoint<tRawType, 0>) [with tRawType = short int]	8	static
C:\Users\jj910\Documents\MCUXpressoIDE_11.8.0_1165\workspace\evkmimxrt1060_tflm_label_image\eiq\tensorflow-lite\third_party\gemmlowp/fixedpoint/fixedpoint.h:746:25:gemmlowp::FixedPoint<tRawType, 0> gemmlowp::exp_on_negative_values(FixedPoint<tRawType, tIntegerBits_a>) [with tRawType = short int; int tIntegerBits = 3]	16	static
../eiq/tensorflow-lite/tensorflow/lite/micro/kernels/micro_tensor_utils.cpp:550:6:void tflite::micro_tensor_utils::PortableApplySigmoid(const int16_t*, int32_t, int32_t, int16_t*)	72	static
C:\Users\jj910\Documents\MCUXpressoIDE_11.8.0_1165\workspace\evkmimxrt1060_tflm_label_image\eiq\tensorflow-lite\third_party\gemmlowp/fixedpoint/fixedpoint.h:746:25:gemmlowp::FixedPoint<tRawType, 0> gemmlowp::exp_on_negative_values(FixedPoint<tRawType, tIntegerBits_a>) [with tRawType = short int; int tIntegerBits = 1]	16	static
C:\Users\jj910\Documents\MCUXpressoIDE_11.8.0_1165\workspace\evkmimxrt1060_tflm_label_image\eiq\tensorflow-lite\third_party\gemmlowp/fixedpoint/fixedpoint.h:795:25:gemmlowp::FixedPoint<tRawType, 0> gemmlowp::one_minus_x_over_one_plus_x_for_x_in_0_1(FixedPoint<tRawType, 0>) [with tRawType = short int]	4	static
C:\Users\jj910\Documents\MCUXpressoIDE_11.8.0_1165\workspace\evkmimxrt1060_tflm_label_image\eiq\tensorflow-lite\third_party\gemmlowp/fixedpoint/fixedpoint.h:746:25:gemmlowp::FixedPoint<tRawType, 0> gemmlowp::exp_on_negative_values(FixedPoint<tRawType, tIntegerBits_a>) [with tRawType = short int; int tIntegerBits = 2]	16	static
C:\Users\jj910\Documents\MCUXpressoIDE_11.8.0_1165\workspace\evkmimxrt1060_tflm_label_image\eiq\tensorflow-lite\third_party\gemmlowp/fixedpoint/fixedpoint.h:746:25:gemmlowp::FixedPoint<tRawType, 0> gemmlowp::exp_on_negative_values(FixedPoint<tRawType, tIntegerBits_a>) [with tRawType = short int; int tIntegerBits = 4]	16	static
C:\Users\jj910\Documents\MCUXpressoIDE_11.8.0_1165\workspace\evkmimxrt1060_tflm_label_image\eiq\tensorflow-lite\third_party\gemmlowp/fixedpoint/fixedpoint.h:746:25:gemmlowp::FixedPoint<tRawType, 0> gemmlowp::exp_on_negative_values(FixedPoint<tRawType, tIntegerBits_a>) [with tRawType = short int; int tIntegerBits = 5]	16	static
C:\Users\jj910\Documents\MCUXpressoIDE_11.8.0_1165\workspace\evkmimxrt1060_tflm_label_image\eiq\tensorflow-lite\third_party\gemmlowp/fixedpoint/fixedpoint.h:746:25:gemmlowp::FixedPoint<tRawType, 0> gemmlowp::exp_on_negative_values(FixedPoint<tRawType, tIntegerBits_a>) [with tRawType = short int; int tIntegerBits = 6]	16	static
C:\Users\jj910\Documents\MCUXpressoIDE_11.8.0_1165\workspace\evkmimxrt1060_tflm_label_image\eiq\tensorflow-lite\third_party\gemmlowp/fixedpoint/fixedpoint.h:746:25:gemmlowp::FixedPoint<tRawType, 0> gemmlowp::exp_on_negative_values(FixedPoint<tRawType, tIntegerBits_a>) [with tRawType = short int; int tIntegerBits = 7]	16	static
../eiq/tensorflow-lite/tensorflow/lite/micro/kernels/micro_tensor_utils.cpp:598:6:void tflite::micro_tensor_utils::PortableApplyTanh(int32_t, const int16_t*, int32_t, int32_t, int16_t*)	64	static
