../eiq/tensorflow-lite/tensorflow/lite/micro/kernels/select.cpp:39:7:void* tflite::SelectInit(TfLiteContext*, const char*, size_t)	8	static
../eiq/tensorflow-lite/tensorflow/lite/micro/kernels/select.cpp:48:14:TfLiteStatus tflite::CheckBroadcastShape(TfLiteContext*, const TfLiteTensor*, const TfLiteTensor*, const TfLiteTensor*, const TfLiteIntArray*)	64	static
../eiq/tensorflow-lite/tensorflow/lite/micro/kernels/select.cpp:77:14:TfLiteStatus tflite::SelectPrepare(TfLiteContext*, TfLiteNode*)	160	static
../eiq/tensorflow-lite/tensorflow/lite/micro/kernels/select.cpp:191:20:TfLiteRegistration tflite::Register_SELECT_V2()	16	static
C:\Users\jj910\Documents\MCUXpressoIDE_11.8.0_1165\workspace\evkmimxrt1060_tflm_label_image\eiq\tensorflow-lite/tensorflow/lite/kernels/internal/reference/select.h:78:6:void tflite::reference_ops::BroadcastSelect5DSlow(const tflite::RuntimeShape&, const D*, const tflite::RuntimeShape&, const T*, const tflite::RuntimeShape&, const T*, const tflite::RuntimeShape&, T*) [with D = bool; T = float]	456	static
C:\Users\jj910\Documents\MCUXpressoIDE_11.8.0_1165\workspace\evkmimxrt1060_tflm_label_image\eiq\tensorflow-lite/tensorflow/lite/kernels/internal/reference/select.h:78:6:void tflite::reference_ops::BroadcastSelect5DSlow(const tflite::RuntimeShape&, const D*, const tflite::RuntimeShape&, const T*, const tflite::RuntimeShape&, const T*, const tflite::RuntimeShape&, T*) [with D = bool; T = signed char]	456	static
C:\Users\jj910\Documents\MCUXpressoIDE_11.8.0_1165\workspace\evkmimxrt1060_tflm_label_image\eiq\tensorflow-lite/tensorflow/lite/kernels/internal/reference/select.h:78:6:void tflite::reference_ops::BroadcastSelect5DSlow(const tflite::RuntimeShape&, const D*, const tflite::RuntimeShape&, const T*, const tflite::RuntimeShape&, const T*, const tflite::RuntimeShape&, T*) [with D = bool; T = short int]	464	static
../eiq/tensorflow-lite/tensorflow/lite/micro/kernels/select.cpp:127:14:TfLiteStatus tflite::SelectEval(TfLiteContext*, TfLiteNode*)	176	static
