../drivers/fsl_pxp.c:268:6:PXP_ResetControl	0	static
../drivers/fsl_pxp.c:302:6:PXP_Init	4	static
../drivers/fsl_pxp.c:322:6:PXP_Deinit	0	static
../drivers/fsl_pxp.c:337:6:PXP_Reset	0	static
../drivers/fsl_pxp.c:349:6:PXP_SetAlphaSurfaceBufferConfig	4	static
../drivers/fsl_pxp.c:365:6:PXP_SetAlphaSurfaceBlendConfig	4	static
../drivers/fsl_pxp.c:419:6:PXP_SetAlphaSurfacePosition	4	static
../drivers/fsl_pxp.c:477:6:PXP_SetAlphaSurfaceOverlayColorKey	0	static
../drivers/fsl_pxp.c:490:6:PXP_SetProcessSurfaceBufferConfig	4	static
../drivers/fsl_pxp.c:514:6:PXP_SetProcessSurfaceScaler	4	static
../drivers/fsl_pxp.c:538:6:PXP_SetProcessSurfacePosition	4	static
../drivers/fsl_pxp.c:588:6:PXP_SetProcessSurfaceColorKey	0	static
../drivers/fsl_pxp.c:601:6:PXP_SetOutputBufferConfig	8	static
../drivers/fsl_pxp.c:635:6:PXP_BuildRect	20	static
../drivers/fsl_pxp.c:736:6:PXP_SetNextCommand	0	static
../drivers/fsl_pxp.c:804:6:PXP_SetCsc1Mode	4	static
../drivers/fsl_pxp.c:1046:6:PXP_SetPorterDuffConfig	0	static
../drivers/fsl_pxp.c:1072:10:PXP_GetPorterDuffConfig	4	static
../drivers/fsl_pxp.c:1219:10:PXP_StartPictureCopy	36	static
../drivers/fsl_pxp.c:1259:10:PXP_StartMemCopy	16	static
../drivers/fsl_pxp.c:1302:10:PXP_MemCopy	24	static
