../drivers/fsl_lpi2c.c:2253:6:LPI2C_SlaveTransferHandleIRQ	16	static
../drivers/fsl_lpi2c.c:1644:6:LPI2C_MasterTransferHandleIRQ	48	static
../drivers/fsl_lpi2c.c:197:10:LPI2C_GetInstance	0	static
../drivers/fsl_lpi2c.c:262:10:LPI2C_MasterCheckAndClearError	0	static
../drivers/fsl_lpi2c.c:364:10:LPI2C_CheckForBusyBus	0	static
../drivers/fsl_lpi2c.c:401:6:LPI2C_MasterGetDefaultConfig	4	static
../drivers/fsl_lpi2c.c:535:6:LPI2C_MasterDeinit	0	static
../drivers/fsl_lpi2c.c:560:6:LPI2C_MasterConfigureDataMatch	4	static
../drivers/fsl_lpi2c.c:591:6:LPI2C_MasterSetBaudRate	36	static
../drivers/fsl_lpi2c.c:434:6:LPI2C_MasterInit	24	static
../drivers/fsl_lpi2c.c:730:10:LPI2C_MasterStart	8	static
../drivers/fsl_lpi2c.c:767:10:LPI2C_MasterStop	0	static
../drivers/fsl_lpi2c.c:828:10:LPI2C_MasterReceive	8	static
../drivers/fsl_lpi2c.c:930:10:LPI2C_MasterSend	4	static
../drivers/fsl_lpi2c.c:969:10:LPI2C_MasterTransferBlocking	48	static
../drivers/fsl_lpi2c.c:1091:6:LPI2C_MasterTransferCreateHandle	24	static
../drivers/fsl_lpi2c.c:1480:10:LPI2C_MasterTransferNonBlocking	20	static
../drivers/fsl_lpi2c.c:1546:10:LPI2C_MasterTransferGetCount	8	static
../drivers/fsl_lpi2c.c:1614:6:LPI2C_MasterTransferAbort	4	static
../drivers/fsl_lpi2c.c:1714:6:LPI2C_SlaveGetDefaultConfig	8	static
../drivers/fsl_lpi2c.c:1753:6:LPI2C_SlaveInit	16	static
../drivers/fsl_lpi2c.c:1825:6:LPI2C_SlaveDeinit	0	static
../drivers/fsl_lpi2c.c:1892:10:LPI2C_SlaveSend	12	static
../drivers/fsl_lpi2c.c:1979:10:LPI2C_SlaveReceive	12	static
../drivers/fsl_lpi2c.c:2073:6:LPI2C_SlaveTransferCreateHandle	24	static
../drivers/fsl_lpi2c.c:2130:10:LPI2C_SlaveTransferNonBlocking	8	static
../drivers/fsl_lpi2c.c:2190:10:LPI2C_SlaveTransferGetCount	0	static
../drivers/fsl_lpi2c.c:2225:6:LPI2C_SlaveTransferAbort	8	static
../drivers/fsl_lpi2c.c:2442:6:LPI2C1_DriverIRQHandler	8	static
../drivers/fsl_lpi2c.c:2451:6:LPI2C2_DriverIRQHandler	8	static
../drivers/fsl_lpi2c.c:2460:6:LPI2C3_DriverIRQHandler	8	static
../drivers/fsl_lpi2c.c:2469:6:LPI2C4_DriverIRQHandler	8	static
