../board/board.c:24:10:BOARD_DebugConsoleSrcFreq	8	static
../board/board.c:43:6:BOARD_InitDebugConsole	8	static
../board/board.c:51:6:BOARD_LPI2C_Init	48	static
../board/board.c:69:10:BOARD_LPI2C_Send	32	static
../board/board.c:89:10:BOARD_LPI2C_Receive	32	static
../board/board.c:109:10:BOARD_LPI2C_SendSCCB	32	static
../board/board.c:129:10:BOARD_LPI2C_ReceiveSCCB	40	static
../board/board.c:162:6:BOARD_Accel_I2C_Init	40	static
../board/board.c:167:10:BOARD_Accel_I2C_Send	48	static
../board/board.c:174:10:BOARD_Accel_I2C_Receive	32	static
../board/board.c:180:6:BOARD_Codec_I2C_Init	40	static
../board/board.c:185:10:BOARD_Codec_I2C_Send	32	static
../board/board.c:192:10:BOARD_Codec_I2C_Receive	32	static
../board/board.c:198:6:BOARD_Camera_I2C_Init	40	static
../board/board.c:205:10:BOARD_Camera_I2C_Send	32	static
../board/board.c:212:10:BOARD_Camera_I2C_Receive	32	static
../board/board.c:219:10:BOARD_Camera_I2C_SendSCCB	32	static
../board/board.c:226:10:BOARD_Camera_I2C_ReceiveSCCB	40	static
../board/board.c:233:10:BOARD_Touch_I2C_Send	32	static
../board/board.c:240:10:BOARD_Touch_I2C_Receive	32	static
../board/board.c:248:6:BOARD_ConfigMPU	32	static
