../eiq/tensorflow-lite/tensorflow/lite/c/common.cpp:30:8:size_t TfLiteIntArrayGetSizeInBytes(int)	0	static
../eiq/tensorflow-lite/tensorflow/lite/c/common.cpp:41:5:int TfLiteIntArrayEqual(const TfLiteIntArray*, const TfLiteIntArray*)	8	static
../eiq/tensorflow-lite/tensorflow/lite/c/common.cpp:47:5:int TfLiteIntArrayEqualsArray(const TfLiteIntArray*, int, const int*)	8	static
../eiq/tensorflow-lite/tensorflow/lite/c/common.cpp:81:5:int TfLiteFloatArrayGetSizeInBytes(int)	0	static
../eiq/tensorflow-lite/tensorflow/lite/c/common.cpp:242:13:const char* TfLiteTypeGetName(TfLiteType)	0	static
../eiq/tensorflow-lite/tensorflow/lite/c/common.cpp:284:16:TfLiteDelegate TfLiteDelegateCreate()	8	static
../eiq/tensorflow-lite/tensorflow/lite/c/common.cpp:286:36:TfLiteOpaqueDelegateStruct* TfLiteOpaqueDelegateCreate(const TfLiteOpaqueDelegateBuilder*)	16	static
../eiq/tensorflow-lite/tensorflow/lite/c/common.cpp:297:6:void TfLiteOpaqueDelegateDelete(const TfLiteOpaqueDelegateStruct*)	8	static
