../eiq/tensorflow-lite/tensorflow/lite/micro/kernels/cmsis_nn/pooling.cpp:140:7:void* tflite::{anonymous}::Init(TfLiteContext*, const char*, size_t)	0	static
../eiq/tensorflow-lite/tensorflow/lite/micro/kernels/cmsis_nn/pooling.cpp:145:14:TfLiteStatus tflite::{anonymous}::MaxPrepare(TfLiteContext*, TfLiteNode*)	8	static
../eiq/tensorflow-lite/tensorflow/lite/micro/kernels/cmsis_nn/pooling.cpp:152:14:TfLiteStatus tflite::{anonymous}::AveragePrepare(TfLiteContext*, TfLiteNode*)	80	static
../eiq/tensorflow-lite/tensorflow/lite/micro/kernels/cmsis_nn/pooling.cpp:189:14:TfLiteStatus tflite::{anonymous}::AverageEval(TfLiteContext*, TfLiteNode*)	176	static
../eiq/tensorflow-lite/tensorflow/lite/micro/kernels/cmsis_nn/pooling.cpp:236:14:TfLiteStatus tflite::{anonymous}::MaxEval(TfLiteContext*, TfLiteNode*)	176	static
../eiq/tensorflow-lite/tensorflow/lite/micro/kernels/cmsis_nn/pooling.cpp:218:14:TfLiteStatus tflite::{anonymous}::AverageEvalInt8(TfLiteContext*, TfLiteNode*)	168	static
../eiq/tensorflow-lite/tensorflow/lite/micro/kernels/cmsis_nn/pooling.cpp:264:14:TfLiteStatus tflite::{anonymous}::MaxEvalInt8(TfLiteContext*, TfLiteNode*)	168	static
../eiq/tensorflow-lite/tensorflow/lite/micro/kernels/cmsis_nn/pooling.cpp:283:20:TfLiteRegistration tflite::Register_AVERAGE_POOL_2D_INT8()	16	static
../eiq/tensorflow-lite/tensorflow/lite/micro/kernels/cmsis_nn/pooling.cpp:287:20:TfLiteRegistration tflite::Register_AVERAGE_POOL_2D()	16	static
../eiq/tensorflow-lite/tensorflow/lite/micro/kernels/cmsis_nn/pooling.cpp:291:20:TfLiteRegistration tflite::Register_MAX_POOL_2D_INT8()	16	static
../eiq/tensorflow-lite/tensorflow/lite/micro/kernels/cmsis_nn/pooling.cpp:295:20:TfLiteRegistration tflite::Register_MAX_POOL_2D()	16	static
