C:\Users\JERRY\Documents\MCUXpressoIDE_11.8.0_1165\workspace\evkmimxrt1060_tflm_label_image\eiq\tensorflow-lite/tensorflow/lite/core/api/error_reporter.h:37:11:tflite::ErrorReporter::~ErrorReporter()	16	static
C:\Users\JERRY\Documents\MCUXpressoIDE_11.8.0_1165\workspace\evkmimxrt1060_tflm_label_image\eiq\tensorflow-lite/tensorflow/lite/core/api/error_reporter.h:37:11:virtual tflite::ErrorReporter::~ErrorReporter()	16	static
C:\Users\JERRY\Documents\MCUXpressoIDE_11.8.0_1165\workspace\evkmimxrt1060_tflm_label_image\eiq\tensorflow-lite/tensorflow/lite/micro/micro_error_reporter.h:30:3:tflite::MicroErrorReporter::~MicroErrorReporter()	16	static
C:\Users\JERRY\Documents\MCUXpressoIDE_11.8.0_1165\workspace\evkmimxrt1060_tflm_label_image\eiq\tensorflow-lite/tensorflow/lite/micro/micro_error_reporter.h:30:3:virtual tflite::MicroErrorReporter::~MicroErrorReporter()	16	static
C:\Users\JERRY\Documents\MCUXpressoIDE_11.8.0_1165\workspace\evkmimxrt1060_tflm_label_image\eiq\tensorflow-lite/tensorflow/lite/micro/micro_error_reporter.h:34:3:static void tflite::MicroErrorReporter::operator delete(void*)	16	static
c:\nxp\mcuxpressoide_11.8.0_1165\ide\plugins\com.nxp.mcuxpresso.tools.win32_11.8.0.202306131047\tools\arm-none-eabi\include\c++\12.2.1\arm-none-eabi\thumb\v7e-m+dp\hard\bits\gthr-default.h:229:1:int __gthread_key_delete(__gthread_key_t)	16	static
C:\Users\JERRY\Documents\MCUXpressoIDE_11.8.0_1165\workspace\evkmimxrt1060_tflm_label_image\eiq\tensorflow-lite\third_party\flatbuffers\include/flatbuffers/buffer.h:34:13:void flatbuffers::EndianCheck()	16	static
C:\Users\JERRY\Documents\MCUXpressoIDE_11.8.0_1165\workspace\evkmimxrt1060_tflm_label_image\eiq\tensorflow-lite\third_party\flatbuffers\include/flatbuffers/table.h:29:18:const uint8_t* flatbuffers::Table::GetVTable() const	24	static
C:\Users\JERRY\Documents\MCUXpressoIDE_11.8.0_1165\workspace\evkmimxrt1060_tflm_label_image\eiq\tensorflow-lite\third_party\flatbuffers\include/flatbuffers/table.h:35:13:flatbuffers::voffset_t flatbuffers::Table::GetOptionalFieldOffset(flatbuffers::voffset_t) const	24	static
C:\Users\JERRY\Documents\MCUXpressoIDE_11.8.0_1165\workspace\evkmimxrt1060_tflm_label_image\eiq\tensorflow-lite/tensorflow/lite/schema/schema_generated.h:13152:12:uint32_t tflite::Model::version() const	16	static
C:\Users\JERRY\Documents\MCUXpressoIDE_11.8.0_1165\workspace\evkmimxrt1060_tflm_label_image\eiq\tensorflow-lite/tensorflow/lite/schema/schema_generated.h:20074:29:const tflite::Model* tflite::GetModel(const void*)	16	static
c:\nxp\mcuxpressoide_11.8.0_1165\ide\plugins\com.nxp.mcuxpresso.tools.win32_11.8.0.202306131047\tools\arm-none-eabi\include\c++\12.2.1\bits\stl_vector.h:312:7:std::_Vector_base<_Tp, _Alloc>::_Vector_base() [with _Tp = std::unique_ptr<TfLiteDelegate, void (*)(TfLiteDelegate*)>; _Alloc = std::allocator<std::unique_ptr<TfLiteDelegate, void (*)(TfLiteDelegate*)> >]	16	static
c:\nxp\mcuxpressoide_11.8.0_1165\ide\plugins\com.nxp.mcuxpresso.tools.win32_11.8.0.202306131047\tools\arm-none-eabi\include\c++\12.2.1\bits\stl_vector.h:526:7:std::vector<_Tp, _Alloc>::vector() [with _Tp = std::unique_ptr<TfLiteDelegate, void (*)(TfLiteDelegate*)>; _Alloc = std::allocator<std::unique_ptr<TfLiteDelegate, void (*)(TfLiteDelegate*)> >]	16	static
C:\Users\JERRY\Documents\MCUXpressoIDE_11.8.0_1165\workspace\evkmimxrt1060_tflm_label_image\eiq\tensorflow-lite/tensorflow/lite/core/api/op_resolver.h:58:35:virtual tflite::OpResolver::TfLiteDelegatePtrVector tflite::OpResolver::GetDelegates(int) const	24	static
c:\nxp\mcuxpressoide_11.8.0_1165\ide\plugins\com.nxp.mcuxpresso.tools.win32_11.8.0.202306131047\tools\arm-none-eabi\include\c++\12.2.1\bits\stl_vector.h:312:7:std::_Vector_base<_Tp, _Alloc>::_Vector_base() [with _Tp = std::function<std::unique_ptr<TfLiteDelegate, void (*)(TfLiteDelegate*)>(int)>; _Alloc = std::allocator<std::function<std::unique_ptr<TfLiteDelegate, void (*)(TfLiteDelegate*)>(int)> >]	16	static
c:\nxp\mcuxpressoide_11.8.0_1165\ide\plugins\com.nxp.mcuxpresso.tools.win32_11.8.0.202306131047\tools\arm-none-eabi\include\c++\12.2.1\bits\stl_vector.h:526:7:std::vector<_Tp, _Alloc>::vector() [with _Tp = std::function<std::unique_ptr<TfLiteDelegate, void (*)(TfLiteDelegate*)>(int)>; _Alloc = std::allocator<std::function<std::unique_ptr<TfLiteDelegate, void (*)(TfLiteDelegate*)>(int)> >]	16	static
C:\Users\JERRY\Documents\MCUXpressoIDE_11.8.0_1165\workspace\evkmimxrt1060_tflm_label_image\eiq\tensorflow-lite/tensorflow/lite/core/api/op_resolver.h:77:34:virtual tflite::OpResolver::TfLiteDelegateCreators tflite::OpResolver::GetDelegateCreators() const	16	static
c:\nxp\mcuxpressoide_11.8.0_1165\ide\plugins\com.nxp.mcuxpresso.tools.win32_11.8.0.202306131047\tools\arm-none-eabi\include\c++\12.2.1\bits\stl_vector.h:312:7:std::_Vector_base<_Tp, _Alloc>::_Vector_base() [with _Tp = std::function<std::unique_ptr<TfLiteOpaqueDelegateStruct, void (*)(TfLiteOpaqueDelegateStruct*)>(int)>; _Alloc = std::allocator<std::function<std::unique_ptr<TfLiteOpaqueDelegateStruct, void (*)(TfLiteOpaqueDelegateStruct*)>(int)> >]	16	static
c:\nxp\mcuxpressoide_11.8.0_1165\ide\plugins\com.nxp.mcuxpresso.tools.win32_11.8.0.202306131047\tools\arm-none-eabi\include\c++\12.2.1\bits\stl_vector.h:526:7:std::vector<_Tp, _Alloc>::vector() [with _Tp = std::function<std::unique_ptr<TfLiteOpaqueDelegateStruct, void (*)(TfLiteOpaqueDelegateStruct*)>(int)>; _Alloc = std::allocator<std::function<std::unique_ptr<TfLiteOpaqueDelegateStruct, void (*)(TfLiteOpaqueDelegateStruct*)>(int)> >]	16	static
C:\Users\JERRY\Documents\MCUXpressoIDE_11.8.0_1165\workspace\evkmimxrt1060_tflm_label_image\eiq\tensorflow-lite/tensorflow/lite/core/api/op_resolver.h:107:40:virtual tflite::OpResolver::TfLiteOpaqueDelegateCreators tflite::OpResolver::GetOpaqueDelegateCreators() const	16	static
C:\Users\JERRY\Documents\MCUXpressoIDE_11.8.0_1165\workspace\evkmimxrt1060_tflm_label_image\eiq\tensorflow-lite/tensorflow/lite/core/api/op_resolver.h:111:11:tflite::OpResolver::~OpResolver()	16	static
C:\Users\JERRY\Documents\MCUXpressoIDE_11.8.0_1165\workspace\evkmimxrt1060_tflm_label_image\eiq\tensorflow-lite/tensorflow/lite/core/api/op_resolver.h:111:11:virtual tflite::OpResolver::~OpResolver()	16	static
C:\Users\JERRY\Documents\MCUXpressoIDE_11.8.0_1165\workspace\evkmimxrt1060_tflm_label_image\eiq\tensorflow-lite/tensorflow/lite/core/api/op_resolver.h:125:16:virtual bool tflite::OpResolver::MayContainUserDefinedOps() const	16	static
C:\Users\JERRY\Documents\MCUXpressoIDE_11.8.0_1165\workspace\evkmimxrt1060_tflm_label_image\eiq\tensorflow-lite/tensorflow/lite/micro/micro_op_resolver.h:53:29:virtual const TfLiteRegistration* tflite::MicroOpResolver::FindOp(tflite::BuiltinOperator, int) const	24	static
C:\Users\JERRY\Documents\MCUXpressoIDE_11.8.0_1165\workspace\evkmimxrt1060_tflm_label_image\eiq\tensorflow-lite/tensorflow/lite/micro/micro_op_resolver.h:60:29:virtual const TfLiteRegistration* tflite::MicroOpResolver::FindOp(const char*, int) const	24	static
C:\Users\JERRY\Documents\MCUXpressoIDE_11.8.0_1165\workspace\evkmimxrt1060_tflm_label_image\eiq\tensorflow-lite/tensorflow/lite/micro/micro_op_resolver.h:68:3:tflite::MicroOpResolver::~MicroOpResolver()	16	static
C:\Users\JERRY\Documents\MCUXpressoIDE_11.8.0_1165\workspace\evkmimxrt1060_tflm_label_image\eiq\tensorflow-lite/tensorflow/lite/micro/micro_op_resolver.h:68:3:virtual tflite::MicroOpResolver::~MicroOpResolver()	16	static
C:\Users\JERRY\Documents\MCUXpressoIDE_11.8.0_1165\workspace\evkmimxrt1060_tflm_label_image\eiq\tensorflow-lite/tensorflow/lite/micro/all_ops_resolver.h:33:3:static void tflite::AllOpsResolver::operator delete(void*)	16	static
../source/model/model.cpp:44:10:status_t MODEL_Init()	5688	static
../source/model/model.cpp:94:10:status_t MODEL_RunInference()	8	static
../source/model/model.cpp:105:10:uint8_t* GetTensorData(TfLiteTensor*, tensor_dims_t*, tensor_type_t*)	32	static
../source/model/model.cpp:132:10:uint8_t* MODEL_GetInputTensorData(tensor_dims_t*, tensor_type_t*)	16	static
../source/model/model.cpp:137:10:uint8_t* MODEL_GetOutputTensorData(tensor_dims_t*, tensor_type_t*)	24	static
../source/model/model.cpp:147:6:void MODEL_ConvertInput(uint8_t*, tensor_dims_t*, tensor_type_t)	40	static
../source/model/model.cpp:174:13:const char* MODEL_GetModelName()	4	static
C:\Users\JERRY\Documents\MCUXpressoIDE_11.8.0_1165\workspace\evkmimxrt1060_tflm_label_image\eiq\tensorflow-lite\third_party\flatbuffers\include/flatbuffers/base.h:416:24:T flatbuffers::EndianScalar(T) [with T = long unsigned int]	16	static
C:\Users\JERRY\Documents\MCUXpressoIDE_11.8.0_1165\workspace\evkmimxrt1060_tflm_label_image\eiq\tensorflow-lite\third_party\flatbuffers\include/flatbuffers/base.h:427:3:T flatbuffers::ReadScalar(const void*) [with T = long unsigned int]	16	static
C:\Users\JERRY\Documents\MCUXpressoIDE_11.8.0_1165\workspace\evkmimxrt1060_tflm_label_image\eiq\tensorflow-lite\third_party\flatbuffers\include/flatbuffers/base.h:427:3:T flatbuffers::ReadScalar(const void*) [with T = long int]	16	static
C:\Users\JERRY\Documents\MCUXpressoIDE_11.8.0_1165\workspace\evkmimxrt1060_tflm_label_image\eiq\tensorflow-lite\third_party\flatbuffers\include/flatbuffers/base.h:427:3:T flatbuffers::ReadScalar(const void*) [with T = short unsigned int]	16	static
C:\Users\JERRY\Documents\MCUXpressoIDE_11.8.0_1165\workspace\evkmimxrt1060_tflm_label_image\eiq\tensorflow-lite\third_party\flatbuffers\include/flatbuffers/table.h:45:26:T flatbuffers::Table::GetField(flatbuffers::voffset_t, T) const [with T = long unsigned int]	32	static
C:\Users\JERRY\Documents\MCUXpressoIDE_11.8.0_1165\workspace\evkmimxrt1060_tflm_label_image\eiq\tensorflow-lite\third_party\flatbuffers\include/flatbuffers/buffer.h:132:31:const T* flatbuffers::GetRoot(const void*) [with T = tflite::Model]	16	static
c:\nxp\mcuxpressoide_11.8.0_1165\ide\plugins\com.nxp.mcuxpresso.tools.win32_11.8.0.202306131047\tools\arm-none-eabi\include\c++\12.2.1\bits\stl_vector.h:137:2:std::_Vector_base<_Tp, _Alloc>::_Vector_impl::_Vector_impl() [with _Tp = std::unique_ptr<TfLiteDelegate, void (*)(TfLiteDelegate*)>; _Alloc = std::allocator<std::unique_ptr<TfLiteDelegate, void (*)(TfLiteDelegate*)> >]	16	static
c:\nxp\mcuxpressoide_11.8.0_1165\ide\plugins\com.nxp.mcuxpresso.tools.win32_11.8.0.202306131047\tools\arm-none-eabi\include\c++\12.2.1\bits\stl_vector.h:137:2:std::_Vector_base<_Tp, _Alloc>::_Vector_impl::_Vector_impl() [with _Tp = std::function<std::unique_ptr<TfLiteDelegate, void (*)(TfLiteDelegate*)>(int)>; _Alloc = std::allocator<std::function<std::unique_ptr<TfLiteDelegate, void (*)(TfLiteDelegate*)>(int)> >]	16	static
c:\nxp\mcuxpressoide_11.8.0_1165\ide\plugins\com.nxp.mcuxpresso.tools.win32_11.8.0.202306131047\tools\arm-none-eabi\include\c++\12.2.1\bits\stl_vector.h:137:2:std::_Vector_base<_Tp, _Alloc>::_Vector_impl::_Vector_impl() [with _Tp = std::function<std::unique_ptr<TfLiteOpaqueDelegateStruct, void (*)(TfLiteOpaqueDelegateStruct*)>(int)>; _Alloc = std::allocator<std::function<std::unique_ptr<TfLiteOpaqueDelegateStruct, void (*)(TfLiteOpaqueDelegateStruct*)>(int)> >]	16	static
C:\Users\JERRY\Documents\MCUXpressoIDE_11.8.0_1165\workspace\evkmimxrt1060_tflm_label_image\eiq\tensorflow-lite\third_party\flatbuffers\include/flatbuffers/base.h:416:24:T flatbuffers::EndianScalar(T) [with T = long int]	16	static
C:\Users\JERRY\Documents\MCUXpressoIDE_11.8.0_1165\workspace\evkmimxrt1060_tflm_label_image\eiq\tensorflow-lite\third_party\flatbuffers\include/flatbuffers/base.h:416:24:T flatbuffers::EndianScalar(T) [with T = short unsigned int]	16	static
C:\Users\JERRY\Documents\MCUXpressoIDE_11.8.0_1165\workspace\evkmimxrt1060_tflm_label_image\eiq\tensorflow-lite\third_party\flatbuffers\include/flatbuffers/buffer.h:120:25:T* flatbuffers::GetMutableRoot(void*) [with T = tflite::Model]	16	static
c:\nxp\mcuxpressoide_11.8.0_1165\ide\plugins\com.nxp.mcuxpresso.tools.win32_11.8.0.202306131047\tools\arm-none-eabi\include\c++\12.2.1\bits\allocator.h:156:7:std::allocator< <template-parameter-1-1> >::allocator() [with _Tp = std::unique_ptr<TfLiteDelegate, void (*)(TfLiteDelegate*)>]	16	static
c:\nxp\mcuxpressoide_11.8.0_1165\ide\plugins\com.nxp.mcuxpresso.tools.win32_11.8.0.202306131047\tools\arm-none-eabi\include\c++\12.2.1\bits\stl_vector.h:99:2:std::_Vector_base<_Tp, _Alloc>::_Vector_impl_data::_Vector_impl_data() [with _Tp = std::unique_ptr<TfLiteDelegate, void (*)(TfLiteDelegate*)>; _Alloc = std::allocator<std::unique_ptr<TfLiteDelegate, void (*)(TfLiteDelegate*)> >]	16	static
c:\nxp\mcuxpressoide_11.8.0_1165\ide\plugins\com.nxp.mcuxpresso.tools.win32_11.8.0.202306131047\tools\arm-none-eabi\include\c++\12.2.1\bits\allocator.h:156:7:std::allocator< <template-parameter-1-1> >::allocator() [with _Tp = std::function<std::unique_ptr<TfLiteDelegate, void (*)(TfLiteDelegate*)>(int)>]	16	static
c:\nxp\mcuxpressoide_11.8.0_1165\ide\plugins\com.nxp.mcuxpresso.tools.win32_11.8.0.202306131047\tools\arm-none-eabi\include\c++\12.2.1\bits\stl_vector.h:99:2:std::_Vector_base<_Tp, _Alloc>::_Vector_impl_data::_Vector_impl_data() [with _Tp = std::function<std::unique_ptr<TfLiteDelegate, void (*)(TfLiteDelegate*)>(int)>; _Alloc = std::allocator<std::function<std::unique_ptr<TfLiteDelegate, void (*)(TfLiteDelegate*)>(int)> >]	16	static
c:\nxp\mcuxpressoide_11.8.0_1165\ide\plugins\com.nxp.mcuxpresso.tools.win32_11.8.0.202306131047\tools\arm-none-eabi\include\c++\12.2.1\bits\allocator.h:156:7:std::allocator< <template-parameter-1-1> >::allocator() [with _Tp = std::function<std::unique_ptr<TfLiteOpaqueDelegateStruct, void (*)(TfLiteOpaqueDelegateStruct*)>(int)>]	16	static
c:\nxp\mcuxpressoide_11.8.0_1165\ide\plugins\com.nxp.mcuxpresso.tools.win32_11.8.0.202306131047\tools\arm-none-eabi\include\c++\12.2.1\bits\stl_vector.h:99:2:std::_Vector_base<_Tp, _Alloc>::_Vector_impl_data::_Vector_impl_data() [with _Tp = std::function<std::unique_ptr<TfLiteOpaqueDelegateStruct, void (*)(TfLiteOpaqueDelegateStruct*)>(int)>; _Alloc = std::allocator<std::function<std::unique_ptr<TfLiteOpaqueDelegateStruct, void (*)(TfLiteOpaqueDelegateStruct*)>(int)> >]	16	static
c:\nxp\mcuxpressoide_11.8.0_1165\ide\plugins\com.nxp.mcuxpresso.tools.win32_11.8.0.202306131047\tools\arm-none-eabi\include\c++\12.2.1\bits\new_allocator.h:80:7:std::__new_allocator<_Tp>::__new_allocator() [with _Tp = std::unique_ptr<TfLiteDelegate, void (*)(TfLiteDelegate*)>]	16	static
c:\nxp\mcuxpressoide_11.8.0_1165\ide\plugins\com.nxp.mcuxpresso.tools.win32_11.8.0.202306131047\tools\arm-none-eabi\include\c++\12.2.1\bits\new_allocator.h:80:7:std::__new_allocator<_Tp>::__new_allocator() [with _Tp = std::function<std::unique_ptr<TfLiteDelegate, void (*)(TfLiteDelegate*)>(int)>]	16	static
c:\nxp\mcuxpressoide_11.8.0_1165\ide\plugins\com.nxp.mcuxpresso.tools.win32_11.8.0.202306131047\tools\arm-none-eabi\include\c++\12.2.1\bits\new_allocator.h:80:7:std::__new_allocator<_Tp>::__new_allocator() [with _Tp = std::function<std::unique_ptr<TfLiteOpaqueDelegateStruct, void (*)(TfLiteOpaqueDelegateStruct*)>(int)>]	16	static
C:\Users\JERRY\Documents\MCUXpressoIDE_11.8.0_1165\workspace\evkmimxrt1060_tflm_label_image\eiq\tensorflow-lite/tensorflow/lite/micro/micro_mutable_op_resolver.h:44:7:tflite::MicroMutableOpResolver<128>::~MicroMutableOpResolver()	16	static
C:\Users\JERRY\Documents\MCUXpressoIDE_11.8.0_1165\workspace\evkmimxrt1060_tflm_label_image\eiq\tensorflow-lite/tensorflow/lite/micro/micro_mutable_op_resolver.h:44:7:virtual tflite::MicroMutableOpResolver<128>::~MicroMutableOpResolver()	16	static
C:\Users\JERRY\Documents\MCUXpressoIDE_11.8.0_1165\workspace\evkmimxrt1060_tflm_label_image\eiq\tensorflow-lite/tensorflow/lite/micro/all_ops_resolver.h:28:7:tflite::AllOpsResolver::~AllOpsResolver()	16	static
C:\Users\JERRY\Documents\MCUXpressoIDE_11.8.0_1165\workspace\evkmimxrt1060_tflm_label_image\eiq\tensorflow-lite/tensorflow/lite/micro/all_ops_resolver.h:28:7:virtual tflite::AllOpsResolver::~AllOpsResolver()	16	static
C:\Users\JERRY\Documents\MCUXpressoIDE_11.8.0_1165\workspace\evkmimxrt1060_tflm_label_image\eiq\tensorflow-lite/tensorflow/lite/micro/micro_mutable_op_resolver.h:46:3:static void tflite::MicroMutableOpResolver<tOpCount>::operator delete(void*) [with unsigned int tOpCount = 128]	16	static
C:\Users\JERRY\Documents\MCUXpressoIDE_11.8.0_1165\workspace\evkmimxrt1060_tflm_label_image\eiq\tensorflow-lite/tensorflow/lite/micro/micro_mutable_op_resolver.h:51:29:const TfLiteRegistration* tflite::MicroMutableOpResolver<tOpCount>::FindOp(tflite::BuiltinOperator) const [with unsigned int tOpCount = 128]	24	static
C:\Users\JERRY\Documents\MCUXpressoIDE_11.8.0_1165\workspace\evkmimxrt1060_tflm_label_image\eiq\tensorflow-lite/tensorflow/lite/micro/micro_mutable_op_resolver.h:63:29:const TfLiteRegistration* tflite::MicroMutableOpResolver<tOpCount>::FindOp(const char*) const [with unsigned int tOpCount = 128]	24	static
C:\Users\JERRY\Documents\MCUXpressoIDE_11.8.0_1165\workspace\evkmimxrt1060_tflm_label_image\eiq\tensorflow-lite/tensorflow/lite/micro/micro_mutable_op_resolver.h:74:41:TfLiteStatus (* tflite::MicroMutableOpResolver<tOpCount>::GetOpDataParser(tflite::BuiltinOperator) const)(const tflite::Operator*, tflite::ErrorReporter*, tflite::BuiltinDataAllocator*, void**) [with unsigned int tOpCount = 128]	24	static
