Archive member included to satisfy reference by file (symbol)

c:/nxp/mcuxpressoide_11.8.0_1165/ide/plugins/com.nxp.mcuxpresso.tools.win32_11.8.0.202306131047/tools/bin/../lib/gcc/arm-none-eabi/12.2.1/../../../../arm-none-eabi/lib/thumb/v7e-m+dp/hard\libcr_nohost_nf.a(_cr__main.o)
                              ./startup/startup_mimxrt1062.o (__main)
c:/nxp/mcuxpressoide_11.8.0_1165/ide/plugins/com.nxp.mcuxpresso.tools.win32_11.8.0.202306131047/tools/bin/../lib/gcc/arm-none-eabi/12.2.1/../../../../arm-none-eabi/lib/thumb/v7e-m+dp/hard\libcr_c.a(memset.o)
                              ./drivers/fsl_gpt.o (memset)
c:/nxp/mcuxpressoide_11.8.0_1165/ide/plugins/com.nxp.mcuxpresso.tools.win32_11.8.0.202306131047/tools/bin/../lib/gcc/arm-none-eabi/12.2.1/../../../../arm-none-eabi/lib/thumb/v7e-m+dp/hard\libcr_c.a(alloc.o)
                              ./drivers/fsl_common.o (malloc)
c:/nxp/mcuxpressoide_11.8.0_1165/ide/plugins/com.nxp.mcuxpresso.tools.win32_11.8.0.202306131047/tools/bin/../lib/gcc/arm-none-eabi/12.2.1/../../../../arm-none-eabi/lib/thumb/v7e-m+dp/hard\libcr_c.a(errno.o)
                              ./utilities/fsl_str.o (errno)
c:/nxp/mcuxpressoide_11.8.0_1165/ide/plugins/com.nxp.mcuxpresso.tools.win32_11.8.0.202306131047/tools/bin/../lib/gcc/arm-none-eabi/12.2.1/../../../../arm-none-eabi/lib/thumb/v7e-m+dp/hard\libcr_c.a(initio.o)
                              c:/nxp/mcuxpressoide_11.8.0_1165/ide/plugins/com.nxp.mcuxpresso.tools.win32_11.8.0.202306131047/tools/bin/../lib/gcc/arm-none-eabi/12.2.1/../../../../arm-none-eabi/lib/thumb/v7e-m+dp/hard\libcr_nohost_nf.a(_cr__main.o) (_initio)
c:/nxp/mcuxpressoide_11.8.0_1165/ide/plugins/com.nxp.mcuxpresso.tools.win32_11.8.0.202306131047/tools/bin/../lib/gcc/arm-none-eabi/12.2.1/../../../../arm-none-eabi/lib/thumb/v7e-m+dp/hard\libcr_c.a(scanf.o)
                              ./utilities/fsl_str.o (strtoul)
c:/nxp/mcuxpressoide_11.8.0_1165/ide/plugins/com.nxp.mcuxpresso.tools.win32_11.8.0.202306131047/tools/bin/../lib/gcc/arm-none-eabi/12.2.1/../../../../arm-none-eabi/lib/thumb/v7e-m+dp/hard\libcr_c.a(setvbuf.o)
                              c:/nxp/mcuxpressoide_11.8.0_1165/ide/plugins/com.nxp.mcuxpresso.tools.win32_11.8.0.202306131047/tools/bin/../lib/gcc/arm-none-eabi/12.2.1/../../../../arm-none-eabi/lib/thumb/v7e-m+dp/hard\libcr_c.a(initio.o) (setvbuf)
c:/nxp/mcuxpressoide_11.8.0_1165/ide/plugins/com.nxp.mcuxpresso.tools.win32_11.8.0.202306131047/tools/bin/../lib/gcc/arm-none-eabi/12.2.1/../../../../arm-none-eabi/lib/thumb/v7e-m+dp/hard\libcr_c.a(strlen.o)
                              ./utilities/fsl_debug_console.o (strlen)
c:/nxp/mcuxpressoide_11.8.0_1165/ide/plugins/com.nxp.mcuxpresso.tools.win32_11.8.0.202306131047/tools/bin/../lib/gcc/arm-none-eabi/12.2.1/../../../../arm-none-eabi/lib/thumb/v7e-m+dp/hard\libcr_c.a(ungetc.o)
                              c:/nxp/mcuxpressoide_11.8.0_1165/ide/plugins/com.nxp.mcuxpresso.tools.win32_11.8.0.202306131047/tools/bin/../lib/gcc/arm-none-eabi/12.2.1/../../../../arm-none-eabi/lib/thumb/v7e-m+dp/hard\libcr_c.a(scanf.o) (ungetc)
c:/nxp/mcuxpressoide_11.8.0_1165/ide/plugins/com.nxp.mcuxpresso.tools.win32_11.8.0.202306131047/tools/bin/../lib/gcc/arm-none-eabi/12.2.1/../../../../arm-none-eabi/lib/thumb/v7e-m+dp/hard\libcr_c.a(__fillbuf.o)
                              c:/nxp/mcuxpressoide_11.8.0_1165/ide/plugins/com.nxp.mcuxpresso.tools.win32_11.8.0.202306131047/tools/bin/../lib/gcc/arm-none-eabi/12.2.1/../../../../arm-none-eabi/lib/thumb/v7e-m+dp/hard\libcr_c.a(scanf.o) (__filbuf)
c:/nxp/mcuxpressoide_11.8.0_1165/ide/plugins/com.nxp.mcuxpresso.tools.win32_11.8.0.202306131047/tools/bin/../lib/gcc/arm-none-eabi/12.2.1/../../../../arm-none-eabi/lib/thumb/v7e-m+dp/hard\libcr_c.a(__init_alloc.o)
                              c:/nxp/mcuxpressoide_11.8.0_1165/ide/plugins/com.nxp.mcuxpresso.tools.win32_11.8.0.202306131047/tools/bin/../lib/gcc/arm-none-eabi/12.2.1/../../../../arm-none-eabi/lib/thumb/v7e-m+dp/hard\libcr_c.a(alloc.o) (__heaps)
c:/nxp/mcuxpressoide_11.8.0_1165/ide/plugins/com.nxp.mcuxpresso.tools.win32_11.8.0.202306131047/tools/bin/../lib/gcc/arm-none-eabi/12.2.1/../../../../arm-none-eabi/lib/thumb/v7e-m+dp/hard\libcr_c.a(_cr_sbrk.o)
                              c:/nxp/mcuxpressoide_11.8.0_1165/ide/plugins/com.nxp.mcuxpresso.tools.win32_11.8.0.202306131047/tools/bin/../lib/gcc/arm-none-eabi/12.2.1/../../../../arm-none-eabi/lib/thumb/v7e-m+dp/hard\libcr_c.a(alloc.o) (_sbrk)
c:/nxp/mcuxpressoide_11.8.0_1165/ide/plugins/com.nxp.mcuxpresso.tools.win32_11.8.0.202306131047/tools/bin/../lib/gcc/arm-none-eabi/12.2.1/../../../../arm-none-eabi/lib/thumb/v7e-m+dp/hard\libcr_c.a(_deferredlazyseek.o)
                              c:/nxp/mcuxpressoide_11.8.0_1165/ide/plugins/com.nxp.mcuxpresso.tools.win32_11.8.0.202306131047/tools/bin/../lib/gcc/arm-none-eabi/12.2.1/../../../../arm-none-eabi/lib/thumb/v7e-m+dp/hard\libcr_c.a(__fillbuf.o) (_deferredlazyseek)
[...]
Memory Configuration

Name             Origin             Length             Attributes
BOARD_FLASH      0x60000000         0x00800000         xr
BOARD_SDRAM      0x80000000         0x01e00000         xrw
NCACHE_REGION    0x81e00000         0x00200000         xrw
SRAM_DTC         0x20000000         0x00020000         xrw
SRAM_ITC         0x00000000         0x00020000         xrw
SRAM_OC          0x20200000         0x000c0000         xrw
*default*        0x00000000         0xffffffff

Linker script and memory map

LOAD ./xip/evkbmimxrt1060_flexspi_nor_config.o
LOAD ./xip/fsl_flexspi_nor_boot.o
LOAD ./utilities/fsl_assert.o
LOAD ./utilities/fsl_debug_console.o
LOAD ./utilities/fsl_memcpy.o
LOAD ./utilities/fsl_str.o
LOAD ./startup/startup_mimxrt1062.o
LOAD ./source/gpt_timer.o
LOAD ./source/hello_world.o
LOAD ./source/semihost_hardfault.o
LOAD ./drivers/fsl_clock.o
LOAD ./drivers/fsl_common.o
LOAD ./drivers/fsl_common_arm.o
LOAD ./drivers/fsl_gpio.o
LOAD ./drivers/fsl_gpt.o
LOAD ./drivers/fsl_lpuart.o
LOAD ./device/system_MIMXRT1062.o
LOAD ./component/uart/fsl_adapter_lpuart.o
LOAD ./component/lists/fsl_component_generic_list.o
LOAD ./board/board.o
LOAD ./board/clock_config.o
LOAD ./board/dcd.o
LOAD ./board/pin_mux.o
START GROUP
LOAD c:/nxp/mcuxpressoide_11.8.0_1165/ide/plugins/com.nxp.mcuxpresso.tools.win32_11.8.0.202306131047/tools/bin/../lib/gcc/arm-none-eabi/12.2.1/../../../../arm-none-eabi/lib/thumb/v7e-m+dp/hard\libcr_nohost_nf.a
LOAD c:/nxp/mcuxpressoide_11.8.0_1165/ide/plugins/com.nxp.mcuxpresso.tools.win32_11.8.0.202306131047/tools/bin/../lib/gcc/arm-none-eabi/12.2.1/../../../../arm-none-eabi/lib/thumb/v7e-m+dp/hard\libcr_c.a
LOAD c:/nxp/mcuxpressoide_11.8.0_1165/ide/plugins/com.nxp.mcuxpresso.tools.win32_11.8.0.202306131047/tools/bin/../lib/gcc/arm-none-eabi/12.2.1/thumb/v7e-m+dp/hard\libcr_eabihelpers.a
LOAD c:/nxp/mcuxpressoide_11.8.0_1165/ide/plugins/com.nxp.mcuxpresso.tools.win32_11.8.0.202306131047/tools/bin/../lib/gcc/arm-none-eabi/12.2.1/thumb/v7e-m+dp/hard\libgcc.a
END GROUP
                0x60000000                __base_BOARD_FLASH = 0x60000000
                0x60000000                __base_Flash = 0x60000000
                0x60800000                __top_BOARD_FLASH = 0x60800000
                0x60800000                __top_Flash = 0x60800000
                0x80000000                __base_BOARD_SDRAM = 0x80000000
                0x80000000                __base_RAM = 0x80000000
                0x81e00000                __top_BOARD_SDRAM = 0x81e00000
                0x81e00000                __top_RAM = 0x81e00000
                0x81e00000                __base_NCACHE_REGION = 0x81e00000
                0x81e00000                __base_RAM2 = 0x81e00000
                0x82000000                __top_NCACHE_REGION = 0x82000000
                0x82000000                __top_RAM2 = 0x82000000
                0x20000000                __base_SRAM_DTC = 0x20000000
                0x20000000                __base_RAM3 = 0x20000000
                0x20020000                __top_SRAM_DTC = 0x20020000
                0x20020000                __top_RAM3 = 0x20020000
                0x00000000                __base_SRAM_ITC = 0x0
                0x00000000                __base_RAM4 = 0x0
                0x00020000                __top_SRAM_ITC = 0x20000
                0x00020000                __top_RAM4 = 0x20000
                0x20200000                __base_SRAM_OC = 0x20200000
                0x20200000                __base_RAM5 = 0x20200000
                0x202c0000                __top_SRAM_OC = 0x202c0000
                0x202c0000                __top_RAM5 = 0x202c0000

.boot_hdr       0x60000000     0x2000
 FILL mask 0xff
                0x60000000                __boot_hdr_start__ = ABSOLUTE (.)
 *(SORT_BY_ALIGNMENT(.boot_hdr.conf))
 .boot_hdr.conf
                0x60000000      0x200 ./xip/evkbmimxrt1060_flexspi_nor_config.o
                0x60000000                qspiflash_config
                0x00001000                . = 0x1000
 *fill*         0x60000200      0xe00 ff
 *(SORT_BY_ALIGNMENT(.boot_hdr.ivt))
 .boot_hdr.ivt  0x60001000       0x20 ./xip/fsl_flexspi_nor_boot.o
                0x60001000                image_vector_table
                0x00001020                . = 0x1020
 *(SORT_BY_ALIGNMENT(.boot_hdr.boot_data))
 .boot_hdr.boot_data
                0x60001020       0x10 ./xip/fsl_flexspi_nor_boot.o
                0x60001020                g_boot_data
                0x00001030                . = 0x1030
 *(SORT_BY_ALIGNMENT(.boot_hdr.dcd_data))
 .boot_hdr.dcd_data
                0x60001030      0x410 ./board/dcd.o
                0x60001030                dcd_data
                0x60001440                __boot_hdr_end__ = ABSOLUTE (.)
                0x00002000                . = 0x2000
 *fill*         0x60001440      0xbc0 ff

.text           0x60002000     0x5584
 FILL mask 0xff
                0x60002000                __vectors_start__ = ABSOLUTE (.)
 *(SORT_BY_ALIGNMENT(.isr_vector))
 .isr_vector    0x60002000      0x2b8 ./startup/startup_mimxrt1062.o
                0x60002000                g_pfnVectors
                0x60002000                __Vectors
                0x600022b8                . = ALIGN (0x4)
                0x600022b8                __section_table_start = .
                0x600022b8                __data_section_table = .
                0x600022b8        0x4 LONG 0x60007584 LOADADDR (.data)
                0x600022bc        0x4 LONG 0x80000000 ADDR (.data)
                0x600022c0        0x4 LONG 0x4 SIZEOF (.data)
                0x600022c4        0x4 LONG 0x60007584 LOADADDR (.data_RAM2)
                0x600022c8        0x4 LONG 0x81e00000 ADDR (.data_RAM2)
                0x600022cc        0x4 LONG 0x0 SIZEOF (.data_RAM2)
                0x600022d0        0x4 LONG 0x60007584 LOADADDR (.data_RAM3)
                0x600022d4        0x4 LONG 0x20000000 ADDR (.data_RAM3)
                0x600022d8        0x4 LONG 0x0 SIZEOF (.data_RAM3)
                0x600022dc        0x4 LONG 0x60007584 LOADADDR (.data_RAM4)
                0x600022e0        0x4 LONG 0x0 ADDR (.data_RAM4)
                0x600022e4        0x4 LONG 0x0 SIZEOF (.data_RAM4)
                0x600022e8        0x4 LONG 0x60007584 LOADADDR (.data_RAM5)
                0x600022ec        0x4 LONG 0x20200000 ADDR (.data_RAM5)
                0x600022f0        0x4 LONG 0x0 SIZEOF (.data_RAM5)
                0x600022f4                __data_section_table_end = .
                0x600022f4                __bss_section_table = .
                0x600022f4        0x4 LONG 0x80000004 ADDR (.bss)
                0x600022f8        0x4 LONG 0x120 SIZEOF (.bss)
                0x600022fc        0x4 LONG 0x81e00000 ADDR (.bss_RAM2)
                0x60002300        0x4 LONG 0x0 SIZEOF (.bss_RAM2)
                0x60002304        0x4 LONG 0x20000000 ADDR (.bss_RAM3)
                0x60002308        0x4 LONG 0x0 SIZEOF (.bss_RAM3)
                0x6000230c        0x4 LONG 0x0 ADDR (.bss_RAM4)
                0x60002310        0x4 LONG 0x0 SIZEOF (.bss_RAM4)
                0x60002314        0x4 LONG 0x20200000 ADDR (.bss_RAM5)
                0x60002318        0x4 LONG 0x0 SIZEOF (.bss_RAM5)
                0x6000231c                __bss_section_table_end = .
                0x6000231c                __section_table_end = .
 *(SORT_BY_ALIGNMENT(.after_vectors*))
 .after_vectors.reset
                0x6000231c       0x54 ./startup/startup_mimxrt1062.o
                0x6000231c                ResetISR
 .after_vectors.init_data
                0x60002370       0x1e ./startup/startup_mimxrt1062.o
                0x60002370                data_init
 .after_vectors.init_bss
                0x6000238e       0x12 ./startup/startup_mimxrt1062.o
                0x6000238e                bss_init
 .after_vectors
                0x600023a0       0x14 ./startup/startup_mimxrt1062.o
                0x600023a0                NMI_Handler
                0x600023a4                MemManage_Handler
                0x600023a6                BusFault_Handler
                0x600023a8                UsageFault_Handler
                0x600023aa                SVC_Handler
                0x600023ac                DebugMon_Handler
                0x600023ae                PendSV_Handler
                0x600023b0                SysTick_Handler
                0x600023b2                PIT_DriverIRQHandler
                0x600023b2                PMU_EVENT_DriverIRQHandler
                0x600023b2                PWM4_FAULT_DriverIRQHandler
                0x600023b2                DMA13_DMA29_DriverIRQHandler
                0x600023b2                SAI3_RX_DriverIRQHandler
                0x600023b2                LPSPI4_DriverIRQHandler
                0x600023b2                SEMC_DriverIRQHandler
                0x600023b2                SPDIF_DriverIRQHandler
                0x600023b2                CCM_2_DriverIRQHandler
                0x600023b2                PWM4_3_DriverIRQHandler
                0x600023b2                ENET2_DriverIRQHandler
                0x600023b2                FLEXRAM_DriverIRQHandler
                0x600023b2                LCDIF_DriverIRQHandler
                0x600023b2                USB_PHY1_DriverIRQHandler
                0x600023b2                GPIO3_Combined_0_15_DriverIRQHandler
                0x600023b2                CAN3_DriverIRQHandler
                0x600023b2                Reserved171_DriverIRQHandler
                0x600023b2                DMA7_DMA23_DriverIRQHandler
                0x600023b2                BEE_DriverIRQHandler
                0x600023b2                LPI2C3_DriverIRQHandler
                0x600023b2                GPR_IRQ_DriverIRQHandler
                0x600023b2                PWM2_FAULT_DriverIRQHandler
                0x600023b2                PWM3_1_DriverIRQHandler
                0x600023b2                DMA14_DMA30_DriverIRQHandler
                0x600023b2                TMR1_DriverIRQHandler
                0x600023b2                TRNG_DriverIRQHandler
                0x600023b2                PWM3_2_DriverIRQHandler
                0x600023b2                ENET_1588_Timer_DriverIRQHandler
                0x600023b2                FLEXIO2_DriverIRQHandler
                0x600023b2                GPIO2_Combined_16_31_DriverIRQHandler
                0x600023b2                Reserved143_DriverIRQHandler
                0x600023b2                LPSPI2_DriverIRQHandler
                0x600023b2                PWM4_1_DriverIRQHandler
                0x600023b2                PWM3_3_DriverIRQHandler
                0x600023b2                DMA0_DMA16_DriverIRQHandler
                0x600023b2                IntDefaultHandler
                0x600023b2                DMA2_DMA18_DriverIRQHandler
                0x600023b2                SRC_DriverIRQHandler
                0x600023b2                GPIO1_INT4_DriverIRQHandler
                0x600023b2                Reserved144_DriverIRQHandler
                0x600023b2                USDHC1_DriverIRQHandler
                0x600023b2                ENC3_DriverIRQHandler
                0x600023b2                PWM3_FAULT_DriverIRQHandler
                0x600023b2                EWM_DriverIRQHandler
                0x600023b2                FLEXSPI2_DriverIRQHandler
                0x600023b2                WDOG1_DriverIRQHandler
                0x600023b2                FLEXIO1_DriverIRQHandler
                0x600023b2                ENET_DriverIRQHandler
                0x600023b2                Reserved78_DriverIRQHandler
                0x600023b2                TMR4_DriverIRQHandler
                0x600023b2                ENC2_DriverIRQHandler
                0x600023b2                ADC_ETC_IRQ2_DriverIRQHandler
                0x600023b2                GPIO1_Combined_16_31_DriverIRQHandler
                0x600023b2                GPIO1_INT7_DriverIRQHandler
                0x600023b2                SAI1_DriverIRQHandler
                0x600023b2                DCDC_DriverIRQHandler
                0x600023b2                DMA12_DMA28_DriverIRQHandler
                0x600023b2                PWM4_0_DriverIRQHandler
                0x600023b2                ADC_ETC_ERROR_IRQ_DriverIRQHandler
                0x600023b2                ACMP2_DriverIRQHandler
                0x600023b2                GPIO5_Combined_0_15_DriverIRQHandler
                0x600023b2                GPIO1_INT0_DriverIRQHandler
                0x600023b2                GPIO1_INT2_DriverIRQHandler
                0x600023b2                RTWDOG_DriverIRQHandler
                0x600023b2                FLEXSPI_DriverIRQHandler
                0x600023b2                GPT2_DriverIRQHandler
                0x600023b2                USB_PHY2_DriverIRQHandler
                0x600023b2                DMA10_DMA26_DriverIRQHandler
                0x600023b2                PWM2_1_DriverIRQHandler
                0x600023b2                PWM1_1_DriverIRQHandler
                0x600023b2                PXP_DriverIRQHandler
                0x600023b2                ADC1_DriverIRQHandler
                0x600023b2                GPIO10_Combined_0_31_DriverIRQHandler
                0x600023b2                PWM1_0_DriverIRQHandler
                0x600023b2                SJC_DriverIRQHandler
                0x600023b2                DMA1_DMA17_DriverIRQHandler
                0x600023b2                ENC1_DriverIRQHandler
                0x600023b2                ENC4_DriverIRQHandler
                0x600023b2                CAN2_DriverIRQHandler
                0x600023b2                DCP_DriverIRQHandler
                0x600023b2                CTI0_ERROR_DriverIRQHandler
                0x600023b2                DMA8_DMA24_DriverIRQHandler
                0x600023b2                GPT1_DriverIRQHandler
                0x600023b2                ACMP3_DriverIRQHandler
                0x600023b2                DMA6_DMA22_DriverIRQHandler
                0x600023b2                CSU_DriverIRQHandler
                0x600023b2                GPIO1_INT5_DriverIRQHandler
                0x600023b2                TMR3_DriverIRQHandler
                0x600023b2                TMR2_DriverIRQHandler
                0x600023b2                CTI1_ERROR_DriverIRQHandler
                0x600023b2                GPIO1_Combined_0_15_DriverIRQHandler
                0x600023b2                USDHC2_DriverIRQHandler
                0x600023b2                PWM4_2_DriverIRQHandler
                0x600023b2                KPP_DriverIRQHandler
                0x600023b2                SAI2_DriverIRQHandler
                0x600023b2                CORE_DriverIRQHandler
                0x600023b2                TSC_DIG_DriverIRQHandler
                0x600023b2                DMA11_DMA27_DriverIRQHandler
                0x600023b2                CSI_DriverIRQHandler
                0x600023b2                PWM2_3_DriverIRQHandler
                0x600023b2                XBAR1_IRQ_2_3_DriverIRQHandler
                0x600023b2                SNVS_HP_WRAPPER_TZ_DriverIRQHandler
                0x600023b2                GPIO3_Combined_16_31_DriverIRQHandler
                0x600023b2                PWM1_FAULT_DriverIRQHandler
                0x600023b2                LPI2C1_DriverIRQHandler
                0x600023b2                ENET2_1588_Timer_DriverIRQHandler
                0x600023b2                PWM2_2_DriverIRQHandler
                0x600023b2                DMA4_DMA20_DriverIRQHandler
                0x600023b2                DMA9_DMA25_DriverIRQHandler
                0x600023b2                SNVS_HP_WRAPPER_DriverIRQHandler
                0x600023b2                XBAR1_IRQ_0_1_DriverIRQHandler
                0x600023b2                ADC_ETC_IRQ1_DriverIRQHandler
                0x600023b2                LPSPI1_DriverIRQHandler
                0x600023b2                DMA3_DMA19_DriverIRQHandler
                0x600023b2                GPIO1_INT3_DriverIRQHandler
                0x600023b2                DCP_VMI_DriverIRQHandler
                0x600023b2                LPI2C4_DriverIRQHandler
                0x600023b2                GPC_DriverIRQHandler
                0x600023b2                GPIO2_Combined_0_15_DriverIRQHandler
                0x600023b2                PWM1_2_DriverIRQHandler
                0x600023b2                USB_OTG1_DriverIRQHandler
                0x600023b2                TEMP_LOW_HIGH_DriverIRQHandler
                0x600023b2                SAI3_TX_DriverIRQHandler
                0x600023b2                FLEXIO3_DriverIRQHandler
                0x600023b2                WDOG2_DriverIRQHandler
                0x600023b2                Reserved68_DriverIRQHandler
                0x600023b2                PWM3_0_DriverIRQHandler
                0x600023b2                GPIO4_Combined_0_15_DriverIRQHandler
                0x600023b2                GPIO4_Combined_16_31_DriverIRQHandler
                0x600023b2                GPIO6_7_8_9_DriverIRQHandler
                0x600023b2                GPIO5_Combined_16_31_DriverIRQHandler
                0x600023b2                DMA5_DMA21_DriverIRQHandler
                0x600023b2                CCM_1_DriverIRQHandler
                0x600023b2                ADC2_DriverIRQHandler
                0x600023b2                Reserved115_DriverIRQHandler
                0x600023b2                TEMP_PANIC_DriverIRQHandler
                0x600023b2                ACMP4_DriverIRQHandler
                0x600023b2                DMA15_DMA31_DriverIRQHandler
                0x600023b2                LPSPI3_DriverIRQHandler
                0x600023b2                PWM1_3_DriverIRQHandler
                0x600023b2                ACMP1_DriverIRQHandler
                0x600023b2                LPI2C2_DriverIRQHandler
                0x600023b2                Reserved86_DriverIRQHandler
                0x600023b2                DMA_ERROR_DriverIRQHandler
                0x600023b2                ADC_ETC_IRQ0_DriverIRQHandler
                0x600023b2                CAN1_DriverIRQHandler
                0x600023b2                GPIO1_INT6_DriverIRQHandler
                0x600023b2                GPIO1_INT1_DriverIRQHandler
                0x600023b2                PWM2_0_DriverIRQHandler
                0x600023b2                SNVS_LP_WRAPPER_DriverIRQHandler
                0x600023b2                USB_OTG2_DriverIRQHandler
 *(SORT_BY_ALIGNMENT(.text*))
 .text.__assertion_failed
                0x600023b4       0x18 ./utilities/fsl_assert.o
                0x600023b4                __assertion_failed
 .text.DbgConsole_Init
                0x600023cc       0x88 ./utilities/fsl_debug_console.o
                0x600023cc                DbgConsole_Init
 .text.DbgConsole_Vprintf
                0x60002454       0x3c ./utilities/fsl_debug_console.o
                0x60002454                DbgConsole_Vprintf
 .text.DbgConsole_Putchar
                0x60002490       0x30 ./utilities/fsl_debug_console.o
                0x60002490                DbgConsole_Putchar
 .text.DbgConsole_Getchar
                0x600024c0       0x3c ./utilities/fsl_debug_console.o
                0x600024c0                DbgConsole_Getchar
 .text.DbgConsole_PrintfFormattedData
                0x600024fc      0x3e0 ./utilities/fsl_debug_console.o
 .text          0x600028dc       0xa0 ./utilities/fsl_memcpy.o
                0x600028dc                memcpy
 .text.__NVIC_EnableIRQ
                0x6000297c       0x3c ./source/hello_world.o
 .text.CLOCK_ControlGate
                0x600029b8       0x60 ./source/hello_world.o
 .text.GPIO_PinRead
                0x60002a18       0x30 ./source/hello_world.o
 .text.GPT_SetClockDivider
                0x60002a48       0x40 ./source/hello_world.o
 .text.GPT_SetOutputCompareValue
                0x60002a88       0x34 ./source/hello_world.o
 .text.GPT2_IRQHandler
                0x60002abc       0x34 ./source/hello_world.o
                0x60002abc                GPT2_IRQHandler
 .text.main     0x60002af0       0xe8 ./source/hello_world.o
                0x60002af0                main
 .text.CLOCK_GetOscFreq
                0x60002bd8       0x30 ./drivers/fsl_clock.o
 .text.CLOCK_GetPeriphClkFreq
                0x60002c08       0xec ./drivers/fsl_clock.o
 .text.CLOCK_GetPllUsb1SWFreq
                0x60002cf4       0x44 ./drivers/fsl_clock.o
 .text.CLOCK_InitExternalClk
                0x60002d38       0x6c ./drivers/fsl_clock.o
                0x60002d38                CLOCK_InitExternalClk
 .text.CLOCK_SwitchOsc
                0x60002da4       0x34 ./drivers/fsl_clock.o
                0x60002da4                CLOCK_SwitchOsc
 .text.CLOCK_InitRcOsc24M
                0x60002dd8       0x24 ./drivers/fsl_clock.o
                0x60002dd8                CLOCK_InitRcOsc24M
 .text.CLOCK_GetAhbFreq
                0x60002dfc       0x24 ./drivers/fsl_clock.o
                0x60002dfc                CLOCK_GetAhbFreq
 .text.CLOCK_GetSemcFreq
                0x60002e20       0x5c ./drivers/fsl_clock.o
                0x60002e20                CLOCK_GetSemcFreq
 .text.CLOCK_GetIpgFreq
                0x60002e7c       0x24 ./drivers/fsl_clock.o
                0x60002e7c                CLOCK_GetIpgFreq
 .text.CLOCK_GetPerClkFreq
                0x60002ea0       0x40 ./drivers/fsl_clock.o
                0x60002ea0                CLOCK_GetPerClkFreq
 .text.CLOCK_GetFreq
                0x60002ee0      0x1c8 ./drivers/fsl_clock.o
                0x60002ee0                CLOCK_GetFreq
 .text.CLOCK_InitArmPll
                0x600030a8       0x68 ./drivers/fsl_clock.o
                0x600030a8                CLOCK_InitArmPll
 .text.CLOCK_DeinitUsb2Pll
                0x60003110       0x18 ./drivers/fsl_clock.o
                0x60003110                CLOCK_DeinitUsb2Pll
 .text.CLOCK_DeinitAudioPll
                0x60003128       0x1c ./drivers/fsl_clock.o
                0x60003128                CLOCK_DeinitAudioPll
 .text.CLOCK_DeinitEnetPll
                0x60003144       0x1c ./drivers/fsl_clock.o
                0x60003144                CLOCK_DeinitEnetPll
 .text.CLOCK_GetPllFreq
                0x60003160      0x3d8 ./drivers/fsl_clock.o
                0x60003160                CLOCK_GetPllFreq
 .text.CLOCK_GetSysPfdFreq
                0x60003538       0xac ./drivers/fsl_clock.o
                0x60003538                CLOCK_GetSysPfdFreq
 .text.CLOCK_GetUsb1PfdFreq
                0x600035e4       0xac ./drivers/fsl_clock.o
                0x600035e4                CLOCK_GetUsb1PfdFreq
 .text.CLOCK_ControlGate
                0x60003690       0x60 ./drivers/fsl_gpio.o
 .text.GPIO_GetInstance
                0x600036f0       0x4c ./drivers/fsl_gpio.o
 .text.GPIO_PinInit
                0x6000373c       0xa4 ./drivers/fsl_gpio.o
                0x6000373c                GPIO_PinInit
 .text.GPIO_PinWrite
                0x600037e0       0x48 ./drivers/fsl_gpio.o
                0x600037e0                GPIO_PinWrite
 .text.GPIO_PinSetInterruptConfig
                0x60003828       0xfc ./drivers/fsl_gpio.o
                0x60003828                GPIO_PinSetInterruptConfig
 .text.CLOCK_ControlGate
                0x60003924       0x60 ./drivers/fsl_gpt.o
 .text.GPT_SetClockDivider
                0x60003984       0x40 ./drivers/fsl_gpt.o
 .text.GPT_GetInstance
                0x600039c4       0x4c ./drivers/fsl_gpt.o
 .text.GPT_Init
                0x60003a10       0xc4 ./drivers/fsl_gpt.o
                0x60003a10                GPT_Init
 .text.GPT_GetDefaultConfig
                0x60003ad4       0x5c ./drivers/fsl_gpt.o
                0x60003ad4                GPT_GetDefaultConfig
 .text.CLOCK_ControlGate
                0x60003b30       0x60 ./drivers/fsl_lpuart.o
 .text.LPUART_GetInstance
                0x60003b90       0x4c ./drivers/fsl_lpuart.o
                0x60003b90                LPUART_GetInstance
 .text.LPUART_Init
                0x60003bdc      0x320 ./drivers/fsl_lpuart.o
                0x60003bdc                LPUART_Init
 .text.LPUART_GetDefaultConfig
                0x60003efc       0x88 ./drivers/fsl_lpuart.o
                0x60003efc                LPUART_GetDefaultConfig
 .text.LPUART_GetStatusFlags
                0x60003f84       0x38 ./drivers/fsl_lpuart.o
                0x60003f84                LPUART_GetStatusFlags
 .text.LPUART_ClearStatusFlags
                0x60003fbc       0x7c ./drivers/fsl_lpuart.o
                0x60003fbc                LPUART_ClearStatusFlags
 .text.LPUART_WriteBlocking
                0x60004038       0x68 ./drivers/fsl_lpuart.o
                0x60004038                LPUART_WriteBlocking
 .text.LPUART_ReadBlocking
                0x600040a0      0x160 ./drivers/fsl_lpuart.o
                0x600040a0                LPUART_ReadBlocking
 .text.LPUART1_DriverIRQHandler
                0x60004200       0x28 ./drivers/fsl_lpuart.o
                0x60004200                LPUART1_DriverIRQHandler
 .text.LPUART2_DriverIRQHandler
                0x60004228       0x28 ./drivers/fsl_lpuart.o
                0x60004228                LPUART2_DriverIRQHandler
 .text.LPUART3_DriverIRQHandler
                0x60004250       0x28 ./drivers/fsl_lpuart.o
                0x60004250                LPUART3_DriverIRQHandler
 .text.LPUART4_DriverIRQHandler
                0x60004278       0x28 ./drivers/fsl_lpuart.o
                0x60004278                LPUART4_DriverIRQHandler
 .text.LPUART5_DriverIRQHandler
                0x600042a0       0x28 ./drivers/fsl_lpuart.o
                0x600042a0                LPUART5_DriverIRQHandler
 .text.LPUART6_DriverIRQHandler
                0x600042c8       0x28 ./drivers/fsl_lpuart.o
                0x600042c8                LPUART6_DriverIRQHandler
 .text.LPUART7_DriverIRQHandler
                0x600042f0       0x28 ./drivers/fsl_lpuart.o
                0x600042f0                LPUART7_DriverIRQHandler
 .text.LPUART8_DriverIRQHandler
                0x60004318       0x28 ./drivers/fsl_lpuart.o
                0x60004318                LPUART8_DriverIRQHandler
 .text.SystemInit
                0x60004340      0x144 ./device/system_MIMXRT1062.o
                0x60004340                SystemInit
 .text.SystemCoreClockUpdate
                0x60004484      0x214 ./device/system_MIMXRT1062.o
                0x60004484                SystemCoreClockUpdate
 .text.HAL_UartInitCommon
                0x60004698       0xe0 ./component/uart/fsl_adapter_lpuart.o
 .text.HAL_UartInit
                0x60004778       0x84 ./component/uart/fsl_adapter_lpuart.o
                0x60004778                HAL_UartInit
 .text.HAL_UartReceiveBlocking
                0x600047fc       0x6c ./component/uart/fsl_adapter_lpuart.o
                0x600047fc                HAL_UartReceiveBlocking
 .text.HAL_UartSendBlocking
                0x60004868       0x64 ./component/uart/fsl_adapter_lpuart.o
                0x60004868                HAL_UartSendBlocking
 .text.ARM_MPU_Enable
                0x600048cc       0x44 ./board/board.o
 .text.ARM_MPU_Disable
                0x60004910       0x40 ./board/board.o
 .text.CLOCK_GetMux
                0x60004950       0x44 ./board/board.o
 .text.CLOCK_GetDiv
                0x60004994       0x44 ./board/board.o
 .text.CLOCK_GetOscFreq
                0x600049d8       0x30 ./board/board.o
 .text.BOARD_DebugConsoleSrcFreq
                0x60004a08       0x64 ./board/board.o
                0x60004a08                BOARD_DebugConsoleSrcFreq
 .text.BOARD_ConfigMPU
                0x60004a6c      0x34c ./board/board.o
                0x60004a6c                BOARD_ConfigMPU
 .text.CLOCK_SetMux
                0x60004db8       0x9c ./board/clock_config.o
 .text.CLOCK_SetDiv
                0x60004e54       0x9c ./board/clock_config.o
 .text.CLOCK_ControlGate
                0x60004ef0       0x60 ./board/clock_config.o
 .text.CLOCK_SetXtalFreq
                0x60004f50       0x20 ./board/clock_config.o
 .text.CLOCK_SetRtcXtalFreq
                0x60004f70       0x20 ./board/clock_config.o
 .text.IOMUXC_MQSConfig
                0x60004f90       0x44 ./board/clock_config.o
 .text.BOARD_BootClockRUN
                0x60004fd4      0x67c ./board/clock_config.o
                0x60004fd4                BOARD_BootClockRUN
 .text.CLOCK_ControlGate
                0x60005650       0x60 ./board/pin_mux.o
 .text.BOARD_InitPins
                0x600056b0      0x12c ./board/pin_mux.o
                0x600056b0                BOARD_InitPins
 .text._initio  0x600057dc       0x78 c:/nxp/mcuxpressoide_11.8.0_1165/ide/plugins/com.nxp.mcuxpresso.tools.win32_11.8.0.202306131047/tools/bin/../lib/gcc/arm-none-eabi/12.2.1/../../../../arm-none-eabi/lib/thumb/v7e-m+dp/hard\libcr_c.a(initio.o)
                0x600057dc                _initio
 .text._Cwritebuf
                0x60005854       0x6c c:/nxp/mcuxpressoide_11.8.0_1165/ide/plugins/com.nxp.mcuxpresso.tools.win32_11.8.0.202306131047/tools/bin/../lib/gcc/arm-none-eabi/12.2.1/../../../../arm-none-eabi/lib/thumb/v7e-m+dp/hard\libcr_c.a(_writebuf.o)
                0x60005854                _Cwritebuf
 .text.fflush   0x600058c0       0x3c c:/nxp/mcuxpressoide_11.8.0_1165/ide/plugins/com.nxp.mcuxpresso.tools.win32_11.8.0.202306131047/tools/bin/../lib/gcc/arm-none-eabi/12.2.1/../../../../arm-none-eabi/lib/thumb/v7e-m+dp/hard\libcr_c.a(fflush.o)
                0x600058c0                fflush
 .text.fseek    0x600058fc       0xf8 c:/nxp/mcuxpressoide_11.8.0_1165/ide/plugins/com.nxp.mcuxpresso.tools.win32_11.8.0.202306131047/tools/bin/../lib/gcc/arm-none-eabi/12.2.1/../../../../arm-none-eabi/lib/thumb/v7e-m+dp/hard\libcr_c.a(fseek.o)
                0x600058fc                fseek
 .text.ftell    0x600059f4       0x44 c:/nxp/mcuxpressoide_11.8.0_1165/ide/plugins/com.nxp.mcuxpresso.tools.win32_11.8.0.202306131047/tools/bin/../lib/gcc/arm-none-eabi/12.2.1/../../../../arm-none-eabi/lib/thumb/v7e-m+dp/hard\libcr_c.a(ftell.o)
                0x600059f4                ftell
 .text.DbgConsole_Printf
                0x60005a38       0x2c ./utilities/fsl_debug_console.o
                0x60005a38                DbgConsole_Printf
 .text.DbgConsole_PrintfPaddingCharacter
                0x60005a64       0x40 ./utilities/fsl_debug_console.o
 .text.DbgConsole_ConvertRadixNumToString
                0x60005aa4       0xc2 ./utilities/fsl_debug_console.o
 .text.DMA0_DMA16_IRQHandler
                0x60005b66        0x8 ./startup/startup_mimxrt1062.o
                0x60005b66                DMA0_DMA16_IRQHandler
 .text.DMA1_DMA17_IRQHandler
                0x60005b6e        0x8 ./startup/startup_mimxrt1062.o
                0x60005b6e                DMA1_DMA17_IRQHandler
 .text.DMA2_DMA18_IRQHandler
                0x60005b76        0x8 ./startup/startup_mimxrt1062.o
                0x60005b76                DMA2_DMA18_IRQHandler
 .text.DMA3_DMA19_IRQHandler
                0x60005b7e        0x8 ./startup/startup_mimxrt1062.o
                0x60005b7e                DMA3_DMA19_IRQHandler
 .text.DMA4_DMA20_IRQHandler
                0x60005b86        0x8 ./startup/startup_mimxrt1062.o
                0x60005b86                DMA4_DMA20_IRQHandler
 .text.DMA5_DMA21_IRQHandler
                0x60005b8e        0x8 ./startup/startup_mimxrt1062.o
                0x60005b8e                DMA5_DMA21_IRQHandler
 .text.DMA6_DMA22_IRQHandler
                0x60005b96        0x8 ./startup/startup_mimxrt1062.o
                0x60005b96                DMA6_DMA22_IRQHandler
 .text.DMA7_DMA23_IRQHandler
                0x60005b9e        0x8 ./startup/startup_mimxrt1062.o
                0x60005b9e                DMA7_DMA23_IRQHandler
 .text.DMA8_DMA24_IRQHandler
                0x60005ba6        0x8 ./startup/startup_mimxrt1062.o
                0x60005ba6                DMA8_DMA24_IRQHandler
 .text.DMA9_DMA25_IRQHandler
                0x60005bae        0x8 ./startup/startup_mimxrt1062.o
                0x60005bae                DMA9_DMA25_IRQHandler
 .text.DMA10_DMA26_IRQHandler
                0x60005bb6        0x8 ./startup/startup_mimxrt1062.o
                0x60005bb6                DMA10_DMA26_IRQHandler
 .text.DMA11_DMA27_IRQHandler
                0x60005bbe        0x8 ./startup/startup_mimxrt1062.o
                0x60005bbe                DMA11_DMA27_IRQHandler
 .text.DMA12_DMA28_IRQHandler
                0x60005bc6        0x8 ./startup/startup_mimxrt1062.o
                0x60005bc6                DMA12_DMA28_IRQHandler
 .text.DMA13_DMA29_IRQHandler
                0x60005bce        0x8 ./startup/startup_mimxrt1062.o
                0x60005bce                DMA13_DMA29_IRQHandler
 .text.DMA14_DMA30_IRQHandler
                0x60005bd6        0x8 ./startup/startup_mimxrt1062.o
                0x60005bd6                DMA14_DMA30_IRQHandler
 .text.DMA15_DMA31_IRQHandler
                0x60005bde        0x8 ./startup/startup_mimxrt1062.o
                0x60005bde                DMA15_DMA31_IRQHandler
 .text.DMA_ERROR_IRQHandler
                0x60005be6        0x8 ./startup/startup_mimxrt1062.o
                0x60005be6                DMA_ERROR_IRQHandler
 .text.CTI0_ERROR_IRQHandler
                0x60005bee        0x8 ./startup/startup_mimxrt1062.o
                0x60005bee                CTI0_ERROR_IRQHandler
 .text.CTI1_ERROR_IRQHandler
                0x60005bf6        0x8 ./startup/startup_mimxrt1062.o
                0x60005bf6                CTI1_ERROR_IRQHandler
 .text.CORE_IRQHandler
                0x60005bfe        0x8 ./startup/startup_mimxrt1062.o
                0x60005bfe                CORE_IRQHandler
 .text.LPUART1_IRQHandler
                0x60005c06        0x8 ./startup/startup_mimxrt1062.o
                0x60005c06                LPUART1_IRQHandler
 .text.LPUART2_IRQHandler
                0x60005c0e        0x8 ./startup/startup_mimxrt1062.o
                0x60005c0e                LPUART2_IRQHandler
 .text.LPUART3_IRQHandler
                0x60005c16        0x8 ./startup/startup_mimxrt1062.o
                0x60005c16                LPUART3_IRQHandler
 .text.LPUART4_IRQHandler
                0x60005c1e        0x8 ./startup/startup_mimxrt1062.o
                0x60005c1e                LPUART4_IRQHandler
 .text.LPUART5_IRQHandler
                0x60005c26        0x8 ./startup/startup_mimxrt1062.o
                0x60005c26                LPUART5_IRQHandler
 .text.LPUART6_IRQHandler
                0x60005c2e        0x8 ./startup/startup_mimxrt1062.o
                0x60005c2e                LPUART6_IRQHandler
 .text.LPUART7_IRQHandler
                0x60005c36        0x8 ./startup/startup_mimxrt1062.o
                0x60005c36                LPUART7_IRQHandler
 .text.LPUART8_IRQHandler
                0x60005c3e        0x8 ./startup/startup_mimxrt1062.o
                0x60005c3e                LPUART8_IRQHandler
 .text.LPI2C1_IRQHandler
                0x60005c46        0x8 ./startup/startup_mimxrt1062.o
                0x60005c46                LPI2C1_IRQHandler
 .text.LPI2C2_IRQHandler
                0x60005c4e        0x8 ./startup/startup_mimxrt1062.o
                0x60005c4e                LPI2C2_IRQHandler
 .text.LPI2C3_IRQHandler
                0x60005c56        0x8 ./startup/startup_mimxrt1062.o
                0x60005c56                LPI2C3_IRQHandler
 .text.LPI2C4_IRQHandler
                0x60005c5e        0x8 ./startup/startup_mimxrt1062.o
                0x60005c5e                LPI2C4_IRQHandler
 .text.LPSPI1_IRQHandler
                0x60005c66        0x8 ./startup/startup_mimxrt1062.o
                0x60005c66                LPSPI1_IRQHandler
 .text.LPSPI2_IRQHandler
                0x60005c6e        0x8 ./startup/startup_mimxrt1062.o
                0x60005c6e                LPSPI2_IRQHandler
 .text.LPSPI3_IRQHandler
                0x60005c76        0x8 ./startup/startup_mimxrt1062.o
                0x60005c76                LPSPI3_IRQHandler
 .text.LPSPI4_IRQHandler
                0x60005c7e        0x8 ./startup/startup_mimxrt1062.o
                0x60005c7e                LPSPI4_IRQHandler
 .text.CAN1_IRQHandler
                0x60005c86        0x8 ./startup/startup_mimxrt1062.o
                0x60005c86                CAN1_IRQHandler
 .text.CAN2_IRQHandler
                0x60005c8e        0x8 ./startup/startup_mimxrt1062.o
                0x60005c8e                CAN2_IRQHandler
 .text.FLEXRAM_IRQHandler
                0x60005c96        0x8 ./startup/startup_mimxrt1062.o
                0x60005c96                FLEXRAM_IRQHandler
 .text.KPP_IRQHandler
                0x60005c9e        0x8 ./startup/startup_mimxrt1062.o
                0x60005c9e                KPP_IRQHandler
 .text.TSC_DIG_IRQHandler
                0x60005ca6        0x8 ./startup/startup_mimxrt1062.o
                0x60005ca6                TSC_DIG_IRQHandler
 .text.GPR_IRQ_IRQHandler
                0x60005cae        0x8 ./startup/startup_mimxrt1062.o
                0x60005cae                GPR_IRQ_IRQHandler
 .text.LCDIF_IRQHandler
                0x60005cb6        0x8 ./startup/startup_mimxrt1062.o
                0x60005cb6                LCDIF_IRQHandler
 .text.CSI_IRQHandler
                0x60005cbe        0x8 ./startup/startup_mimxrt1062.o
                0x60005cbe                CSI_IRQHandler
 .text.PXP_IRQHandler
                0x60005cc6        0x8 ./startup/startup_mimxrt1062.o
                0x60005cc6                PXP_IRQHandler
 .text.WDOG2_IRQHandler
                0x60005cce        0x8 ./startup/startup_mimxrt1062.o
                0x60005cce                WDOG2_IRQHandler
 .text.SNVS_HP_WRAPPER_IRQHandler
                0x60005cd6        0x8 ./startup/startup_mimxrt1062.o
                0x60005cd6                SNVS_HP_WRAPPER_IRQHandler
 .text.SNVS_HP_WRAPPER_TZ_IRQHandler
                0x60005cde        0x8 ./startup/startup_mimxrt1062.o
                0x60005cde                SNVS_HP_WRAPPER_TZ_IRQHandler
 .text.SNVS_LP_WRAPPER_IRQHandler
                0x60005ce6        0x8 ./startup/startup_mimxrt1062.o
                0x60005ce6                SNVS_LP_WRAPPER_IRQHandler
 .text.CSU_IRQHandler
                0x60005cee        0x8 ./startup/startup_mimxrt1062.o
                0x60005cee                CSU_IRQHandler
 .text.DCP_IRQHandler
                0x60005cf6        0x8 ./startup/startup_mimxrt1062.o
                0x60005cf6                DCP_IRQHandler
 .text.DCP_VMI_IRQHandler
                0x60005cfe        0x8 ./startup/startup_mimxrt1062.o
                0x60005cfe                DCP_VMI_IRQHandler
 .text.Reserved68_IRQHandler
                0x60005d06        0x8 ./startup/startup_mimxrt1062.o
                0x60005d06                Reserved68_IRQHandler
 .text.TRNG_IRQHandler
                0x60005d0e        0x8 ./startup/startup_mimxrt1062.o
                0x60005d0e                TRNG_IRQHandler
 .text.SJC_IRQHandler
                0x60005d16        0x8 ./startup/startup_mimxrt1062.o
                0x60005d16                SJC_IRQHandler
 .text.BEE_IRQHandler
                0x60005d1e        0x8 ./startup/startup_mimxrt1062.o
                0x60005d1e                BEE_IRQHandler
 .text.SAI1_IRQHandler
                0x60005d26        0x8 ./startup/startup_mimxrt1062.o
                0x60005d26                SAI1_IRQHandler
 .text.SAI2_IRQHandler
                0x60005d2e        0x8 ./startup/startup_mimxrt1062.o
                0x60005d2e                SAI2_IRQHandler
 .text.SAI3_RX_IRQHandler
                0x60005d36        0x8 ./startup/startup_mimxrt1062.o
                0x60005d36                SAI3_RX_IRQHandler
 .text.SAI3_TX_IRQHandler
                0x60005d3e        0x8 ./startup/startup_mimxrt1062.o
                0x60005d3e                SAI3_TX_IRQHandler
 .text.SPDIF_IRQHandler
                0x60005d46        0x8 ./startup/startup_mimxrt1062.o
                0x60005d46                SPDIF_IRQHandler
 .text.PMU_EVENT_IRQHandler
                0x60005d4e        0x8 ./startup/startup_mimxrt1062.o
                0x60005d4e                PMU_EVENT_IRQHandler
 .text.Reserved78_IRQHandler
                0x60005d56        0x8 ./startup/startup_mimxrt1062.o
                0x60005d56                Reserved78_IRQHandler
 .text.TEMP_LOW_HIGH_IRQHandler
                0x60005d5e        0x8 ./startup/startup_mimxrt1062.o
                0x60005d5e                TEMP_LOW_HIGH_IRQHandler
 .text.TEMP_PANIC_IRQHandler
                0x60005d66        0x8 ./startup/startup_mimxrt1062.o
                0x60005d66                TEMP_PANIC_IRQHandler
 .text.USB_PHY1_IRQHandler
                0x60005d6e        0x8 ./startup/startup_mimxrt1062.o
                0x60005d6e                USB_PHY1_IRQHandler
 .text.USB_PHY2_IRQHandler
                0x60005d76        0x8 ./startup/startup_mimxrt1062.o
                0x60005d76                USB_PHY2_IRQHandler
 .text.ADC1_IRQHandler
                0x60005d7e        0x8 ./startup/startup_mimxrt1062.o
                0x60005d7e                ADC1_IRQHandler
 .text.ADC2_IRQHandler
                0x60005d86        0x8 ./startup/startup_mimxrt1062.o
                0x60005d86                ADC2_IRQHandler
 .text.DCDC_IRQHandler
                0x60005d8e        0x8 ./startup/startup_mimxrt1062.o
                0x60005d8e                DCDC_IRQHandler
 .text.Reserved86_IRQHandler
                0x60005d96        0x8 ./startup/startup_mimxrt1062.o
                0x60005d96                Reserved86_IRQHandler
 .text.GPIO10_Combined_0_31_IRQHandler
                0x60005d9e        0x8 ./startup/startup_mimxrt1062.o
                0x60005d9e                GPIO10_Combined_0_31_IRQHandler
 .text.GPIO1_INT0_IRQHandler
                0x60005da6        0x8 ./startup/startup_mimxrt1062.o
                0x60005da6                GPIO1_INT0_IRQHandler
 .text.GPIO1_INT1_IRQHandler
                0x60005dae        0x8 ./startup/startup_mimxrt1062.o
                0x60005dae                GPIO1_INT1_IRQHandler
 .text.GPIO1_INT2_IRQHandler
                0x60005db6        0x8 ./startup/startup_mimxrt1062.o
                0x60005db6                GPIO1_INT2_IRQHandler
 .text.GPIO1_INT3_IRQHandler
                0x60005dbe        0x8 ./startup/startup_mimxrt1062.o
                0x60005dbe                GPIO1_INT3_IRQHandler
 .text.GPIO1_INT4_IRQHandler
                0x60005dc6        0x8 ./startup/startup_mimxrt1062.o
                0x60005dc6                GPIO1_INT4_IRQHandler
 .text.GPIO1_INT5_IRQHandler
                0x60005dce        0x8 ./startup/startup_mimxrt1062.o
                0x60005dce                GPIO1_INT5_IRQHandler
 .text.GPIO1_INT6_IRQHandler
                0x60005dd6        0x8 ./startup/startup_mimxrt1062.o
                0x60005dd6                GPIO1_INT6_IRQHandler
 .text.GPIO1_INT7_IRQHandler
                0x60005dde        0x8 ./startup/startup_mimxrt1062.o
                0x60005dde                GPIO1_INT7_IRQHandler
 .text.GPIO1_Combined_0_15_IRQHandler
                0x60005de6        0x8 ./startup/startup_mimxrt1062.o
                0x60005de6                GPIO1_Combined_0_15_IRQHandler
 .text.GPIO1_Combined_16_31_IRQHandler
                0x60005dee        0x8 ./startup/startup_mimxrt1062.o
                0x60005dee                GPIO1_Combined_16_31_IRQHandler
 .text.GPIO2_Combined_0_15_IRQHandler
                0x60005df6        0x8 ./startup/startup_mimxrt1062.o
                0x60005df6                GPIO2_Combined_0_15_IRQHandler
 .text.GPIO2_Combined_16_31_IRQHandler
                0x60005dfe        0x8 ./startup/startup_mimxrt1062.o
                0x60005dfe                GPIO2_Combined_16_31_IRQHandler
 .text.GPIO3_Combined_0_15_IRQHandler
                0x60005e06        0x8 ./startup/startup_mimxrt1062.o
                0x60005e06                GPIO3_Combined_0_15_IRQHandler
 .text.GPIO3_Combined_16_31_IRQHandler
                0x60005e0e        0x8 ./startup/startup_mimxrt1062.o
                0x60005e0e                GPIO3_Combined_16_31_IRQHandler
 .text.GPIO4_Combined_0_15_IRQHandler
                0x60005e16        0x8 ./startup/startup_mimxrt1062.o
                0x60005e16                GPIO4_Combined_0_15_IRQHandler
 .text.GPIO4_Combined_16_31_IRQHandler
                0x60005e1e        0x8 ./startup/startup_mimxrt1062.o
                0x60005e1e                GPIO4_Combined_16_31_IRQHandler
 .text.GPIO5_Combined_0_15_IRQHandler
                0x60005e26        0x8 ./startup/startup_mimxrt1062.o
                0x60005e26                GPIO5_Combined_0_15_IRQHandler
 .text.GPIO5_Combined_16_31_IRQHandler
                0x60005e2e        0x8 ./startup/startup_mimxrt1062.o
                0x60005e2e                GPIO5_Combined_16_31_IRQHandler
 .text.FLEXIO1_IRQHandler
                0x60005e36        0x8 ./startup/startup_mimxrt1062.o
                0x60005e36                FLEXIO1_IRQHandler
 .text.FLEXIO2_IRQHandler
                0x60005e3e        0x8 ./startup/startup_mimxrt1062.o
                0x60005e3e                FLEXIO2_IRQHandler
 .text.WDOG1_IRQHandler
                0x60005e46        0x8 ./startup/startup_mimxrt1062.o
                0x60005e46                WDOG1_IRQHandler
 .text.RTWDOG_IRQHandler
                0x60005e4e        0x8 ./startup/startup_mimxrt1062.o
                0x60005e4e                RTWDOG_IRQHandler
 .text.EWM_IRQHandler
                0x60005e56        0x8 ./startup/startup_mimxrt1062.o
                0x60005e56                EWM_IRQHandler
 .text.CCM_1_IRQHandler
                0x60005e5e        0x8 ./startup/startup_mimxrt1062.o
                0x60005e5e                CCM_1_IRQHandler
 .text.CCM_2_IRQHandler
                0x60005e66        0x8 ./startup/startup_mimxrt1062.o
                0x60005e66                CCM_2_IRQHandler
 .text.GPC_IRQHandler
                0x60005e6e        0x8 ./startup/startup_mimxrt1062.o
                0x60005e6e                GPC_IRQHandler
 .text.SRC_IRQHandler
                0x60005e76        0x8 ./startup/startup_mimxrt1062.o
                0x60005e76                SRC_IRQHandler
 .text.Reserved115_IRQHandler
                0x60005e7e        0x8 ./startup/startup_mimxrt1062.o
                0x60005e7e                Reserved115_IRQHandler
 .text.GPT1_IRQHandler
                0x60005e86        0x8 ./startup/startup_mimxrt1062.o
                0x60005e86                GPT1_IRQHandler
 .text.PWM1_0_IRQHandler
                0x60005e8e        0x8 ./startup/startup_mimxrt1062.o
                0x60005e8e                PWM1_0_IRQHandler
 .text.PWM1_1_IRQHandler
                0x60005e96        0x8 ./startup/startup_mimxrt1062.o
                0x60005e96                PWM1_1_IRQHandler
 .text.PWM1_2_IRQHandler
                0x60005e9e        0x8 ./startup/startup_mimxrt1062.o
                0x60005e9e                PWM1_2_IRQHandler
 .text.PWM1_3_IRQHandler
                0x60005ea6        0x8 ./startup/startup_mimxrt1062.o
                0x60005ea6                PWM1_3_IRQHandler
 .text.PWM1_FAULT_IRQHandler
                0x60005eae        0x8 ./startup/startup_mimxrt1062.o
                0x60005eae                PWM1_FAULT_IRQHandler
 .text.FLEXSPI2_IRQHandler
                0x60005eb6        0x8 ./startup/startup_mimxrt1062.o
                0x60005eb6                FLEXSPI2_IRQHandler
 .text.FLEXSPI_IRQHandler
                0x60005ebe        0x8 ./startup/startup_mimxrt1062.o
                0x60005ebe                FLEXSPI_IRQHandler
 .text.SEMC_IRQHandler
                0x60005ec6        0x8 ./startup/startup_mimxrt1062.o
                0x60005ec6                SEMC_IRQHandler
 .text.USDHC1_IRQHandler
                0x60005ece        0x8 ./startup/startup_mimxrt1062.o
                0x60005ece                USDHC1_IRQHandler
 .text.USDHC2_IRQHandler
                0x60005ed6        0x8 ./startup/startup_mimxrt1062.o
                0x60005ed6                USDHC2_IRQHandler
 .text.USB_OTG2_IRQHandler
                0x60005ede        0x8 ./startup/startup_mimxrt1062.o
                0x60005ede                USB_OTG2_IRQHandler
 .text.USB_OTG1_IRQHandler
                0x60005ee6        0x8 ./startup/startup_mimxrt1062.o
                0x60005ee6                USB_OTG1_IRQHandler
 .text.ENET_IRQHandler
                0x60005eee        0x8 ./startup/startup_mimxrt1062.o
                0x60005eee                ENET_IRQHandler
 .text.ENET_1588_Timer_IRQHandler
                0x60005ef6        0x8 ./startup/startup_mimxrt1062.o
                0x60005ef6                ENET_1588_Timer_IRQHandler
 .text.XBAR1_IRQ_0_1_IRQHandler
                0x60005efe        0x8 ./startup/startup_mimxrt1062.o
                0x60005efe                XBAR1_IRQ_0_1_IRQHandler
 .text.XBAR1_IRQ_2_3_IRQHandler
                0x60005f06        0x8 ./startup/startup_mimxrt1062.o
                0x60005f06                XBAR1_IRQ_2_3_IRQHandler
 .text.ADC_ETC_IRQ0_IRQHandler
                0x60005f0e        0x8 ./startup/startup_mimxrt1062.o
                0x60005f0e                ADC_ETC_IRQ0_IRQHandler
 .text.ADC_ETC_IRQ1_IRQHandler
                0x60005f16        0x8 ./startup/startup_mimxrt1062.o
                0x60005f16                ADC_ETC_IRQ1_IRQHandler
 .text.ADC_ETC_IRQ2_IRQHandler
                0x60005f1e        0x8 ./startup/startup_mimxrt1062.o
                0x60005f1e                ADC_ETC_IRQ2_IRQHandler
 .text.ADC_ETC_ERROR_IRQ_IRQHandler
                0x60005f26        0x8 ./startup/startup_mimxrt1062.o
                0x60005f26                ADC_ETC_ERROR_IRQ_IRQHandler
 .text.PIT_IRQHandler
                0x60005f2e        0x8 ./startup/startup_mimxrt1062.o
                0x60005f2e                PIT_IRQHandler
 .text.ACMP1_IRQHandler
                0x60005f36        0x8 ./startup/startup_mimxrt1062.o
                0x60005f36                ACMP1_IRQHandler
 .text.ACMP2_IRQHandler
                0x60005f3e        0x8 ./startup/startup_mimxrt1062.o
                0x60005f3e                ACMP2_IRQHandler
 .text.ACMP3_IRQHandler
                0x60005f46        0x8 ./startup/startup_mimxrt1062.o
                0x60005f46                ACMP3_IRQHandler
 .text.ACMP4_IRQHandler
                0x60005f4e        0x8 ./startup/startup_mimxrt1062.o
                0x60005f4e                ACMP4_IRQHandler
 .text.Reserved143_IRQHandler
                0x60005f56        0x8 ./startup/startup_mimxrt1062.o
                0x60005f56                Reserved143_IRQHandler
 .text.Reserved144_IRQHandler
                0x60005f5e        0x8 ./startup/startup_mimxrt1062.o
                0x60005f5e                Reserved144_IRQHandler
 .text.ENC1_IRQHandler
                0x60005f66        0x8 ./startup/startup_mimxrt1062.o
                0x60005f66                ENC1_IRQHandler
 .text.ENC2_IRQHandler
                0x60005f6e        0x8 ./startup/startup_mimxrt1062.o
                0x60005f6e                ENC2_IRQHandler
 .text.ENC3_IRQHandler
                0x60005f76        0x8 ./startup/startup_mimxrt1062.o
                0x60005f76                ENC3_IRQHandler
 .text.ENC4_IRQHandler
                0x60005f7e        0x8 ./startup/startup_mimxrt1062.o
                0x60005f7e                ENC4_IRQHandler
 .text.TMR1_IRQHandler
                0x60005f86        0x8 ./startup/startup_mimxrt1062.o
                0x60005f86                TMR1_IRQHandler
 .text.TMR2_IRQHandler
                0x60005f8e        0x8 ./startup/startup_mimxrt1062.o
                0x60005f8e                TMR2_IRQHandler
 .text.TMR3_IRQHandler
                0x60005f96        0x8 ./startup/startup_mimxrt1062.o
                0x60005f96                TMR3_IRQHandler
 .text.TMR4_IRQHandler
                0x60005f9e        0x8 ./startup/startup_mimxrt1062.o
                0x60005f9e                TMR4_IRQHandler
 .text.PWM2_0_IRQHandler
                0x60005fa6        0x8 ./startup/startup_mimxrt1062.o
                0x60005fa6                PWM2_0_IRQHandler
 .text.PWM2_1_IRQHandler
                0x60005fae        0x8 ./startup/startup_mimxrt1062.o
                0x60005fae                PWM2_1_IRQHandler
 .text.PWM2_2_IRQHandler
                0x60005fb6        0x8 ./startup/startup_mimxrt1062.o
                0x60005fb6                PWM2_2_IRQHandler
 .text.PWM2_3_IRQHandler
                0x60005fbe        0x8 ./startup/startup_mimxrt1062.o
                0x60005fbe                PWM2_3_IRQHandler
 .text.PWM2_FAULT_IRQHandler
                0x60005fc6        0x8 ./startup/startup_mimxrt1062.o
                0x60005fc6                PWM2_FAULT_IRQHandler
 .text.PWM3_0_IRQHandler
                0x60005fce        0x8 ./startup/startup_mimxrt1062.o
                0x60005fce                PWM3_0_IRQHandler
 .text.PWM3_1_IRQHandler
                0x60005fd6        0x8 ./startup/startup_mimxrt1062.o
                0x60005fd6                PWM3_1_IRQHandler
 .text.PWM3_2_IRQHandler
                0x60005fde        0x8 ./startup/startup_mimxrt1062.o
                0x60005fde                PWM3_2_IRQHandler
 .text.PWM3_3_IRQHandler
                0x60005fe6        0x8 ./startup/startup_mimxrt1062.o
                0x60005fe6                PWM3_3_IRQHandler
 .text.PWM3_FAULT_IRQHandler
                0x60005fee        0x8 ./startup/startup_mimxrt1062.o
                0x60005fee                PWM3_FAULT_IRQHandler
 .text.PWM4_0_IRQHandler
                0x60005ff6        0x8 ./startup/startup_mimxrt1062.o
                0x60005ff6                PWM4_0_IRQHandler
 .text.PWM4_1_IRQHandler
                0x60005ffe        0x8 ./startup/startup_mimxrt1062.o
                0x60005ffe                PWM4_1_IRQHandler
 .text.PWM4_2_IRQHandler
                0x60006006        0x8 ./startup/startup_mimxrt1062.o
                0x60006006                PWM4_2_IRQHandler
 .text.PWM4_3_IRQHandler
                0x6000600e        0x8 ./startup/startup_mimxrt1062.o
                0x6000600e                PWM4_3_IRQHandler
 .text.PWM4_FAULT_IRQHandler
                0x60006016        0x8 ./startup/startup_mimxrt1062.o
                0x60006016                PWM4_FAULT_IRQHandler
 .text.ENET2_IRQHandler
                0x6000601e        0x8 ./startup/startup_mimxrt1062.o
                0x6000601e                ENET2_IRQHandler
 .text.ENET2_1588_Timer_IRQHandler
                0x60006026        0x8 ./startup/startup_mimxrt1062.o
                0x60006026                ENET2_1588_Timer_IRQHandler
 .text.CAN3_IRQHandler
                0x6000602e        0x8 ./startup/startup_mimxrt1062.o
                0x6000602e                CAN3_IRQHandler
 .text.Reserved171_IRQHandler
                0x60006036        0x8 ./startup/startup_mimxrt1062.o
                0x60006036                Reserved171_IRQHandler
 .text.FLEXIO3_IRQHandler
                0x6000603e        0x8 ./startup/startup_mimxrt1062.o
                0x6000603e                FLEXIO3_IRQHandler
 .text.GPIO6_7_8_9_IRQHandler
                0x60006046        0x8 ./startup/startup_mimxrt1062.o
                0x60006046                GPIO6_7_8_9_IRQHandler
 .text._SDK_AtomicLocalClearAndSet4Byte
                0x6000604e       0x50 ./source/hello_world.o
 .text.CLOCK_EnableClock
                0x6000609e       0x1e ./source/hello_world.o
 .text.EnableIRQ
                0x600060bc       0x32 ./source/hello_world.o
 .text.GPT_StartTimer
                0x600060ee       0x20 ./source/hello_world.o
 .text.GPT_EnableInterrupts
                0x6000610e       0x22 ./source/hello_world.o
 .text.GPT_ClearStatusFlags
                0x60006130       0x1e ./source/hello_world.o
 .text.HardFault_Handler
                0x6000614e       0x36 ./source/semihost_hardfault.o
                0x6000614e                HardFault_Handler
 .text.CLOCK_GetRtcFreq
                0x60006184       0x12 ./drivers/fsl_clock.o
 .text.CLOCK_IsPllBypassed
                0x60006196       0x32 ./drivers/fsl_clock.o
 .text.CLOCK_IsPllEnabled
                0x600061c8       0x3c ./drivers/fsl_clock.o
 .text.CLOCK_GetPllBypassRefClk
                0x60006204       0x34 ./drivers/fsl_clock.o
 .text._SDK_AtomicLocalClearAndSet4Byte
                0x60006238       0x50 ./drivers/fsl_gpio.o
 .text.CLOCK_EnableClock
                0x60006288       0x1e ./drivers/fsl_gpio.o
 .text.GPIO_SetPinInterruptConfig
                0x600062a6       0x22 ./drivers/fsl_gpio.o
 .text._SDK_AtomicLocalClearAndSet4Byte
                0x600062c8       0x50 ./drivers/fsl_gpt.o
 .text.CLOCK_EnableClock
                0x60006318       0x1e ./drivers/fsl_gpt.o
 .text.GPT_SoftwareReset
                0x60006336       0x32 ./drivers/fsl_gpt.o
 .text.GPT_SetClockSource
                0x60006368       0x50 ./drivers/fsl_gpt.o
 .text._SDK_AtomicLocalClearAndSet4Byte
                0x600063b8       0x50 ./drivers/fsl_lpuart.o
 .text.CLOCK_EnableClock
                0x60006408       0x1e ./drivers/fsl_lpuart.o
 .text.LPUART_SoftwareReset
                0x60006426       0x2c ./drivers/fsl_lpuart.o
 .text.SystemInitHook
                0x60006452        0xe ./device/system_MIMXRT1062.o
                0x60006452                SystemInitHook
 .text.HAL_UartGetStatus
                0x60006460       0x28 ./component/uart/fsl_adapter_lpuart.o
 .text.BOARD_InitDebugConsole
                0x60006488       0x22 ./board/board.o
                0x60006488                BOARD_InitDebugConsole
 .text._SDK_AtomicLocalClearAndSet4Byte
                0x600064aa       0x50 ./board/clock_config.o
 .text.CLOCK_DisableClock
                0x600064fa       0x1e ./board/clock_config.o
 .text.CLOCK_SetPllBypass
                0x60006518       0x4e ./board/clock_config.o
 .text.IOMUXC_SetSaiMClkClockSource
                0x60006566       0x6c ./board/clock_config.o
 .text.BOARD_InitBootClocks
                0x600065d2        0xc ./board/clock_config.o
                0x600065d2                BOARD_InitBootClocks
 .text._SDK_AtomicLocalClearAndSet4Byte
                0x600065de       0x50 ./board/pin_mux.o
 .text.CLOCK_EnableClock
                0x6000662e       0x1e ./board/pin_mux.o
 .text.IOMUXC_SetPinMux
                0x6000664c       0x3a ./board/pin_mux.o
 .text.IOMUXC_SetPinConfig
                0x60006686       0x26 ./board/pin_mux.o
 .text.BOARD_InitBootPins
                0x600066ac        0xc ./board/pin_mux.o
                0x600066ac                BOARD_InitBootPins
 .text.__main   0x600066b8        0xe c:/nxp/mcuxpressoide_11.8.0_1165/ide/plugins/com.nxp.mcuxpresso.tools.win32_11.8.0.202306131047/tools/bin/../lib/gcc/arm-none-eabi/12.2.1/../../../../arm-none-eabi/lib/thumb/v7e-m+dp/hard\libcr_nohost_nf.a(_cr__main.o)
                0x600066b8                __main
 .text.memset   0x600066c6        0x4 c:/nxp/mcuxpressoide_11.8.0_1165/ide/plugins/com.nxp.mcuxpresso.tools.win32_11.8.0.202306131047/tools/bin/../lib/gcc/arm-none-eabi/12.2.1/../../../../arm-none-eabi/lib/thumb/v7e-m+dp/hard\libcr_c.a(memset.o)
                0x600066c6                memset
 .text.free     0x600066ca       0x30 c:/nxp/mcuxpressoide_11.8.0_1165/ide/plugins/com.nxp.mcuxpresso.tools.win32_11.8.0.202306131047/tools/bin/../lib/gcc/arm-none-eabi/12.2.1/../../../../arm-none-eabi/lib/thumb/v7e-m+dp/hard\libcr_c.a(alloc.o)
                0x600066ca                free
 .text.setvbuf  0x600066fa       0x3e c:/nxp/mcuxpressoide_11.8.0_1165/ide/plugins/com.nxp.mcuxpresso.tools.win32_11.8.0.202306131047/tools/bin/../lib/gcc/arm-none-eabi/12.2.1/../../../../arm-none-eabi/lib/thumb/v7e-m+dp/hard\libcr_c.a(setvbuf.o)
                0x600066fa                setvbuf
 .text.strlen   0x60006738       0x4e c:/nxp/mcuxpressoide_11.8.0_1165/ide/plugins/com.nxp.mcuxpresso.tools.win32_11.8.0.202306131047/tools/bin/../lib/gcc/arm-none-eabi/12.2.1/../../../../arm-none-eabi/lib/thumb/v7e-m+dp/hard\libcr_c.a(strlen.o)
                0x60006738                strlen
 .text._deferredlazyseek
                0x60006786       0x40 c:/nxp/mcuxpressoide_11.8.0_1165/ide/plugins/com.nxp.mcuxpresso.tools.win32_11.8.0.202306131047/tools/bin/../lib/gcc/arm-none-eabi/12.2.1/../../../../arm-none-eabi/lib/thumb/v7e-m+dp/hard\libcr_c.a(_deferredlazyseek.o)
                0x60006786                _deferredlazyseek
 .text._fdopen  0x600067c6       0x68 c:/nxp/mcuxpressoide_11.8.0_1165/ide/plugins/com.nxp.mcuxpresso.tools.win32_11.8.0.202306131047/tools/bin/../lib/gcc/arm-none-eabi/12.2.1/../../../../arm-none-eabi/lib/thumb/v7e-m+dp/hard\libcr_c.a(_fdopen.o)
                0x600067c6                _fdopen
 .text._fflush  0x6000682e       0x52 c:/nxp/mcuxpressoide_11.8.0_1165/ide/plugins/com.nxp.mcuxpresso.tools.win32_11.8.0.202306131047/tools/bin/../lib/gcc/arm-none-eabi/12.2.1/../../../../arm-none-eabi/lib/thumb/v7e-m+dp/hard\libcr_c.a(_fflush.o)
                0x6000682e                _fflush
 .text.fclose   0x60006880       0x58 c:/nxp/mcuxpressoide_11.8.0_1165/ide/plugins/com.nxp.mcuxpresso.tools.win32_11.8.0.202306131047/tools/bin/../lib/gcc/arm-none-eabi/12.2.1/../../../../arm-none-eabi/lib/thumb/v7e-m+dp/hard\libcr_c.a(fclose.o)
                0x60006880                fclose
 .text.remove   0x600068d8       0x14 c:/nxp/mcuxpressoide_11.8.0_1165/ide/plugins/com.nxp.mcuxpresso.tools.win32_11.8.0.202306131047/tools/bin/../lib/gcc/arm-none-eabi/12.2.1/../../../../arm-none-eabi/lib/thumb/v7e-m+dp/hard\libcr_c.a(remove.o)
                0x600068d8                remove
 .text._do_fflush
                0x600068ec       0x40 c:/nxp/mcuxpressoide_11.8.0_1165/ide/plugins/com.nxp.mcuxpresso.tools.win32_11.8.0.202306131047/tools/bin/../lib/gcc/arm-none-eabi/12.2.1/../../../../arm-none-eabi/lib/thumb/v7e-m+dp/hard\libcr_c.a(_do_fflush.o)
                0x600068ec                _do_fflush
 .text.__aeabi_division_uldivmod
                0x6000692c      0x174 c:/nxp/mcuxpressoide_11.8.0_1165/ide/plugins/com.nxp.mcuxpresso.tools.win32_11.8.0.202306131047/tools/bin/../lib/gcc/arm-none-eabi/12.2.1/thumb/v7e-m+dp/hard\libcr_eabihelpers.a(division_64.o)
                0x6000692c                __aeabi_uldivmod
                0x60006930                __bhs_ldivmod1
 .text.__aeabi_division_idiv0
                0x60006aa0        0x2 c:/nxp/mcuxpressoide_11.8.0_1165/ide/plugins/com.nxp.mcuxpresso.tools.win32_11.8.0.202306131047/tools/bin/../lib/gcc/arm-none-eabi/12.2.1/thumb/v7e-m+dp/hard\libcr_eabihelpers.a(division_idiv0.o)
                0x60006aa0                __aeabi_idiv0
 .text.__aeabi_memset_lowlevel
                0x60006aa2       0x32 c:/nxp/mcuxpressoide_11.8.0_1165/ide/plugins/com.nxp.mcuxpresso.tools.win32_11.8.0.202306131047/tools/bin/../lib/gcc/arm-none-eabi/12.2.1/thumb/v7e-m+dp/hard\libcr_eabihelpers.a(memcpy.o)
                0x60006aa2                __aeabi_lowlevel_memset
 .text.__sys_close
                0x60006ad4        0x6 c:/nxp/mcuxpressoide_11.8.0_1165/ide/plugins/com.nxp.mcuxpresso.tools.win32_11.8.0.202306131047/tools/bin/../lib/gcc/arm-none-eabi/12.2.1/../../../../arm-none-eabi/lib/thumb/v7e-m+dp/hard\libcr_nohost_nf.a(__sys_close.o)
                0x60006ad4                __sys_close
 .text.__sys_flen
                0x60006ada        0x6 c:/nxp/mcuxpressoide_11.8.0_1165/ide/plugins/com.nxp.mcuxpresso.tools.win32_11.8.0.202306131047/tools/bin/../lib/gcc/arm-none-eabi/12.2.1/../../../../arm-none-eabi/lib/thumb/v7e-m+dp/hard\libcr_nohost_nf.a(__sys_flen.o)
                0x60006ada                __sys_flen
 .text.__sys_istty
                0x60006ae0        0x6 c:/nxp/mcuxpressoide_11.8.0_1165/ide/plugins/com.nxp.mcuxpresso.tools.win32_11.8.0.202306131047/tools/bin/../lib/gcc/arm-none-eabi/12.2.1/../../../../arm-none-eabi/lib/thumb/v7e-m+dp/hard\libcr_nohost_nf.a(__sys_istty.o)
                0x60006ae0                __sys_istty
 .text.__sys_remove
                0x60006ae6        0x6 c:/nxp/mcuxpressoide_11.8.0_1165/ide/plugins/com.nxp.mcuxpresso.tools.win32_11.8.0.202306131047/tools/bin/../lib/gcc/arm-none-eabi/12.2.1/../../../../arm-none-eabi/lib/thumb/v7e-m+dp/hard\libcr_nohost_nf.a(__sys_remove.o)
                0x60006ae6                __sys_remove
 .text.__sys_seek
                0x60006aec        0x6 c:/nxp/mcuxpressoide_11.8.0_1165/ide/plugins/com.nxp.mcuxpresso.tools.win32_11.8.0.202306131047/tools/bin/../lib/gcc/arm-none-eabi/12.2.1/../../../../arm-none-eabi/lib/thumb/v7e-m+dp/hard\libcr_nohost_nf.a(__sys_seek.o)
                0x60006aec                __sys_seek
 .text.__sys_tmpnam
                0x60006af2        0x6 c:/nxp/mcuxpressoide_11.8.0_1165/ide/plugins/com.nxp.mcuxpresso.tools.win32_11.8.0.202306131047/tools/bin/../lib/gcc/arm-none-eabi/12.2.1/../../../../arm-none-eabi/lib/thumb/v7e-m+dp/hard\libcr_nohost_nf.a(__sys_tmpnam.o)
                0x60006af2                __sys_tmpnam
 .text.__sys_write
                0x60006af8        0x4 c:/nxp/mcuxpressoide_11.8.0_1165/ide/plugins/com.nxp.mcuxpresso.tools.win32_11.8.0.202306131047/tools/bin/../lib/gcc/arm-none-eabi/12.2.1/../../../../arm-none-eabi/lib/thumb/v7e-m+dp/hard\libcr_nohost_nf.a(__sys_write.o)
                0x60006af8                __sys_write
 *(SORT_BY_ALIGNMENT(.rodata) SORT_BY_ALIGNMENT(.rodata.*) SORT_BY_ALIGNMENT(.constdata) SORT_BY_ALIGNMENT(.constdata.*))
 .rodata.__assertion_failed.str1.4
                0x60006afc       0x14 ./utilities/fsl_assert.o
 .rodata.CLOCK_ControlGate.str1.4
                0x60006b10       0x7f ./source/hello_world.o
 *fill*         0x60006b8f        0x1 ff
 .rodata.GPIO_PinRead.str1.4
                0x60006b90       0x7a ./source/hello_world.o
 *fill*         0x60006c0a        0x2 ff
 .rodata.GPT_SetClockDivider.str1.4
                0x60006c0c       0x95 ./source/hello_world.o
 *fill*         0x60006ca1        0x3 ff
 .rodata.GPT_SetOutputCompareValue.str1.4
                0x60006ca4       0x96 ./source/hello_world.o
 *fill*         0x60006d3a        0x2 ff
 .rodata.GPT2_IRQHandler.str1.4
                0x60006d3c       0x1f ./source/hello_world.o
 *fill*         0x60006d5b        0x1 ff
 .rodata.main.str1.4
                0x60006d5c       0x60 ./source/hello_world.o
 .rodata.CLOCK_InitExternalClk.str1.4
                0x60006dbc       0x21 ./drivers/fsl_clock.o
 *fill*         0x60006ddd        0x3 ff
 .rodata.CLOCK_GetPllFreq.str1.4
                0x60006de0       0x6d ./drivers/fsl_clock.o
 *fill*         0x60006e4d        0x3 ff
 .rodata.enetRefClkFreq.1
                0x60006e50       0x10 ./drivers/fsl_clock.o
 .rodata.CLOCK_ControlGate.str1.4
                0x60006e60       0x20 ./drivers/fsl_gpio.o
 .rodata.s_gpioBases
                0x60006e80       0x2c ./drivers/fsl_gpio.o
 .rodata.s_gpioClock
                0x60006eac        0xc ./drivers/fsl_gpio.o
 .rodata.GPIO_GetInstance.str1.4
                0x60006eb8       0x33 ./drivers/fsl_gpio.o
 *fill*         0x60006eeb        0x1 ff
 .rodata.GPIO_PinWrite.str1.4
                0x60006eec       0x1b ./drivers/fsl_gpio.o
 .rodata.CLOCK_ControlGate.str1.4
                0x60006f07       0x20 ./drivers/fsl_gpt.o
 *fill*         0x60006f07        0x1 ff
 .rodata.GPT_SetClockDivider.str1.4
                0x60006f08       0x36 ./drivers/fsl_gpt.o
 *fill*         0x60006f3e        0x2 ff
 .rodata.s_gptBases
                0x60006f40        0xc ./drivers/fsl_gpt.o
 .rodata.s_gptClocks
                0x60006f4c        0x6 ./drivers/fsl_gpt.o
 *fill*         0x60006f52        0x2 ff
 .rodata.GPT_GetInstance.str1.4
                0x60006f54       0x31 ./drivers/fsl_gpt.o
 *fill*         0x60006f85        0x3 ff
 .rodata.GPT_Init.str1.4
                0x60006f88       0x22 ./drivers/fsl_gpt.o
 *fill*         0x60006faa        0x2 ff
 .rodata.GPT_GetDefaultConfig.str1.4
                0x60006fac       0x1f ./drivers/fsl_gpt.o
 .rodata.CLOCK_ControlGate.str1.4
                0x60006fcb       0x20 ./drivers/fsl_lpuart.o
 *fill*         0x60006fcb        0x1 ff
 .rodata.s_lpuartBases
                0x60006fcc       0x24 ./drivers/fsl_lpuart.o
 .rodata.s_lpuartClock
                0x60006ff0       0x12 ./drivers/fsl_lpuart.o
 *fill*         0x60007002        0x2 ff
 .rodata.LPUART_GetInstance.str1.4
                0x60007004       0x38 ./drivers/fsl_lpuart.o
 .rodata.LPUART_Init.str1.4
                0x6000703c      0x10a ./drivers/fsl_lpuart.o
 *fill*         0x60007146        0x2 ff
 .rodata.LPUART_GetDefaultConfig.str1.4
                0x60007148       0x22 ./drivers/fsl_lpuart.o
 *fill*         0x6000716a        0x2 ff
 .rodata.LPUART_WriteBlocking.str1.4
                0x6000716c       0x21 ./drivers/fsl_lpuart.o
 *fill*         0x6000718d        0x3 ff
 .rodata.LPUART_ReadBlocking.str1.4
                0x60007190       0x21 ./drivers/fsl_lpuart.o
 *fill*         0x600071b1        0x3 ff
 .rodata.s_LpuartAdapterBase
                0x600071b4       0x24 ./component/uart/fsl_adapter_lpuart.o
 .rodata.HAL_UartInit.str1.4
                0x600071d8      0x116 ./component/uart/fsl_adapter_lpuart.o
 *fill*         0x600072ee        0x2 ff
 .rodata.HAL_UartReceiveBlocking.str1.4
                0x600072f0       0x7b ./component/uart/fsl_adapter_lpuart.o
 *fill*         0x6000736b        0x1 ff
 .rodata.HAL_UartSendBlocking.str1.4
                0x6000736c       0x7b ./component/uart/fsl_adapter_lpuart.o
 *fill*         0x600073e7        0x1 ff
 .rodata.BOARD_ConfigMPU.str1.4
                0x600073e8       0x69 ./board/board.o
 *fill*         0x60007451        0x3 ff
 .rodata.CLOCK_SetMux.str1.4
                0x60007454       0x90 ./board/clock_config.o
 .rodata.CLOCK_SetDiv.str1.4
                0x600074e4       0x90 ./board/clock_config.o
 .rodata.CLOCK_ControlGate.str1.4
                0x60007574       0x7f ./board/clock_config.o
 .rodata.armPllConfig_BOARD_BootClockRUN
                0x60007574        0x8 ./board/clock_config.o
                0x60007574                armPllConfig_BOARD_BootClockRUN
 .rodata.CLOCK_ControlGate.str1.4
                0x6000757c       0x7f ./board/pin_mux.o
 .rodata.__num_Ciob_streams
                0x6000757c        0x4 c:/nxp/mcuxpressoide_11.8.0_1165/ide/plugins/com.nxp.mcuxpresso.tools.win32_11.8.0.202306131047/tools/bin/../lib/gcc/arm-none-eabi/12.2.1/../../../../arm-none-eabi/lib/thumb/v7e-m+dp/hard\libcr_nohost_nf.a(__ciob.o)
                0x6000757c                __num_Ciob_streams
 .rodata._initio.str1.1
                0x60007580        0x4 c:/nxp/mcuxpressoide_11.8.0_1165/ide/plugins/com.nxp.mcuxpresso.tools.win32_11.8.0.202306131047/tools/bin/../lib/gcc/arm-none-eabi/12.2.1/../../../../arm-none-eabi/lib/thumb/v7e-m+dp/hard\libcr_c.a(initio.o)
                0x600075fc                . = ALIGN (0x4)

.glue_7         0x60007584        0x0
 .glue_7        0x60007584        0x0 linker stubs

.glue_7t        0x60007584        0x0
 .glue_7t       0x60007584        0x0 linker stubs

.vfp11_veneer   0x60007584        0x0
 .vfp11_veneer  0x60007584        0x0 linker stubs

.v4_bx          0x60007584        0x0
 .v4_bx         0x60007584        0x0 linker stubs

.iplt           0x60007584        0x0
 .iplt          0x60007584        0x0 ./xip/fsl_flexspi_nor_boot.o

.rel.dyn        0x60007584        0x0
 .rel.iplt      0x60007584        0x0 ./xip/fsl_flexspi_nor_boot.o

.ARM.extab
 *(SORT_BY_ALIGNMENT(.ARM.extab*) SORT_BY_ALIGNMENT(.gnu.linkonce.armextab.*))

.ARM.exidx      0x60007584        0x0
                0x60007584                __exidx_start = .
 *(SORT_BY_ALIGNMENT(.ARM.exidx*) SORT_BY_ALIGNMENT(.gnu.linkonce.armexidx.*))
                0x60007584                __exidx_end = .
                0x60007584                _etext = .

.data_RAM2      0x81e00000        0x0 load address 0x60007584
 FILL mask 0xff
                [!provide]                PROVIDE (__start_data_RAM2 = .)
                [!provide]                PROVIDE (__start_data_NCACHE_REGION = .)
 *(SORT_BY_ALIGNMENT(.ramfunc.$RAM2))
 *(SORT_BY_ALIGNMENT(.ramfunc.$NCACHE_REGION))
 *(SORT_BY_ALIGNMENT(NonCacheable.init))
 *(SORT_BY_ALIGNMENT(.data.$RAM2))
 *(SORT_BY_ALIGNMENT(.data.$NCACHE_REGION))
 *(SORT_BY_ALIGNMENT(.data.$RAM2.*))
 *(SORT_BY_ALIGNMENT(.data.$NCACHE_REGION.*))
                0x81e00000                . = ALIGN (0x4)
                [!provide]                PROVIDE (__end_data_RAM2 = .)
                [!provide]                PROVIDE (__end_data_NCACHE_REGION = .)

.data_RAM3      0x20000000        0x0 load address 0x60007584
 FILL mask 0xff
                [!provide]                PROVIDE (__start_data_RAM3 = .)
                [!provide]                PROVIDE (__start_data_SRAM_DTC = .)
 *(SORT_BY_ALIGNMENT(.ramfunc.$RAM3))
 *(SORT_BY_ALIGNMENT(.ramfunc.$SRAM_DTC))
 *(SORT_BY_ALIGNMENT(.data.$RAM3))
 *(SORT_BY_ALIGNMENT(.data.$SRAM_DTC))
 *(SORT_BY_ALIGNMENT(.data.$RAM3.*))
 *(SORT_BY_ALIGNMENT(.data.$SRAM_DTC.*))
                0x20000000                . = ALIGN (0x4)
                [!provide]                PROVIDE (__end_data_RAM3 = .)
                [!provide]                PROVIDE (__end_data_SRAM_DTC = .)

.data_RAM4      0x00000000        0x0 load address 0x60007584
 FILL mask 0xff
                [!provide]                PROVIDE (__start_data_RAM4 = .)
                [!provide]                PROVIDE (__start_data_SRAM_ITC = .)
 *(SORT_BY_ALIGNMENT(.ramfunc.$RAM4))
 *(SORT_BY_ALIGNMENT(.ramfunc.$SRAM_ITC))
 *(SORT_BY_ALIGNMENT(.data.$RAM4))
 *(SORT_BY_ALIGNMENT(.data.$SRAM_ITC))
 *(SORT_BY_ALIGNMENT(.data.$RAM4.*))
 *(SORT_BY_ALIGNMENT(.data.$SRAM_ITC.*))
                0x00000000                . = ALIGN (0x4)
                [!provide]                PROVIDE (__end_data_RAM4 = .)
                [!provide]                PROVIDE (__end_data_SRAM_ITC = .)

.data_RAM5      0x20200000        0x0 load address 0x60007584
 FILL mask 0xff
                [!provide]                PROVIDE (__start_data_RAM5 = .)
                [!provide]                PROVIDE (__start_data_SRAM_OC = .)
 *(SORT_BY_ALIGNMENT(.ramfunc.$RAM5))
 *(SORT_BY_ALIGNMENT(.ramfunc.$SRAM_OC))
 *(SORT_BY_ALIGNMENT(.data.$RAM5))
 *(SORT_BY_ALIGNMENT(.data.$SRAM_OC))
 *(SORT_BY_ALIGNMENT(.data.$RAM5.*))
 *(SORT_BY_ALIGNMENT(.data.$SRAM_OC.*))
                0x20200000                . = ALIGN (0x4)
                [!provide]                PROVIDE (__end_data_RAM5 = .)
                [!provide]                PROVIDE (__end_data_SRAM_OC = .)

.uninit_RESERVED
                0x80000000        0x0
                0x80000000                _start_uninit_RESERVED = .
 *(SORT_BY_ALIGNMENT(.bss.$RESERVED*))
                0x80000000                . = ALIGN (0x4)
                0x80000000                _end_uninit_RESERVED = .

.data           0x80000000        0x4 load address 0x60007584
 FILL mask 0xff
                0x80000000                _data = .
                [!provide]                PROVIDE (__start_data_RAM = .)
                [!provide]                PROVIDE (__start_data_BOARD_SDRAM = .)
 *(SORT_BY_ALIGNMENT(vtable))
 *(SORT_BY_ALIGNMENT(.ramfunc*))
 *(SORT_BY_ALIGNMENT(CodeQuickAccess))
 *(SORT_BY_ALIGNMENT(DataQuickAccess))
 *(SORT_BY_ALIGNMENT(RamFunction))
 *(SORT_BY_ALIGNMENT(.data*))
 .data.SystemCoreClock
                0x80000000        0x4 ./device/system_MIMXRT1062.o
                0x80000000                SystemCoreClock
                0x80000004                . = ALIGN (0x4)
                0x80000004                _edata = .
                [!provide]                PROVIDE (__end_data_RAM = .)
                [!provide]                PROVIDE (__end_data_BOARD_SDRAM = .)

.igot.plt       0x80000004        0x0 load address 0x60007588
 .igot.plt      0x80000004        0x0 ./xip/fsl_flexspi_nor_boot.o

.bss_RAM2       0x81e00000        0x0
                [!provide]                PROVIDE (__start_bss_RAM2 = .)
                [!provide]                PROVIDE (__start_bss_NCACHE_REGION = .)
 *(SORT_BY_ALIGNMENT(NonCacheable))
 *(SORT_BY_ALIGNMENT(.bss.$RAM2))
 *(SORT_BY_ALIGNMENT(.bss.$NCACHE_REGION))
 *(SORT_BY_ALIGNMENT(.bss.$RAM2.*))
 *(SORT_BY_ALIGNMENT(.bss.$NCACHE_REGION.*))
                0x81e00000                . = ALIGN ((. != 0x0)?0x4:0x1)
                [!provide]                PROVIDE (__end_bss_RAM2 = .)
                [!provide]                PROVIDE (__end_bss_NCACHE_REGION = .)

.bss_RAM3       0x20000000        0x0
                [!provide]                PROVIDE (__start_bss_RAM3 = .)
                [!provide]                PROVIDE (__start_bss_SRAM_DTC = .)
 *(SORT_BY_ALIGNMENT(.bss.$RAM3))
 *(SORT_BY_ALIGNMENT(.bss.$SRAM_DTC))
 *(SORT_BY_ALIGNMENT(.bss.$RAM3.*))
 *(SORT_BY_ALIGNMENT(.bss.$SRAM_DTC.*))
                0x20000000                . = ALIGN ((. != 0x0)?0x4:0x1)
                [!provide]                PROVIDE (__end_bss_RAM3 = .)
                [!provide]                PROVIDE (__end_bss_SRAM_DTC = .)

.bss_RAM4       0x00000000        0x0
                [!provide]                PROVIDE (__start_bss_RAM4 = .)
                [!provide]                PROVIDE (__start_bss_SRAM_ITC = .)
 *(SORT_BY_ALIGNMENT(.bss.$RAM4))
 *(SORT_BY_ALIGNMENT(.bss.$SRAM_ITC))
 *(SORT_BY_ALIGNMENT(.bss.$RAM4.*))
 *(SORT_BY_ALIGNMENT(.bss.$SRAM_ITC.*))
                0x00000000                . = ALIGN ((. != 0x0)?0x4:0x1)
                [!provide]                PROVIDE (__end_bss_RAM4 = .)
                [!provide]                PROVIDE (__end_bss_SRAM_ITC = .)

.bss_RAM5       0x20200000        0x0
                [!provide]                PROVIDE (__start_bss_RAM5 = .)
                [!provide]                PROVIDE (__start_bss_SRAM_OC = .)
 *(SORT_BY_ALIGNMENT(.bss.$RAM5))
 *(SORT_BY_ALIGNMENT(.bss.$SRAM_OC))
 *(SORT_BY_ALIGNMENT(.bss.$RAM5.*))
 *(SORT_BY_ALIGNMENT(.bss.$SRAM_OC.*))
                0x20200000                . = ALIGN ((. != 0x0)?0x4:0x1)
                [!provide]                PROVIDE (__end_bss_RAM5 = .)
                [!provide]                PROVIDE (__end_bss_SRAM_OC = .)

.bss            0x80000004      0x120
                0x80000004                _bss = .
                [!provide]                PROVIDE (__start_bss_RAM = .)
                [!provide]                PROVIDE (__start_bss_BOARD_SDRAM = .)
 *(SORT_BY_ALIGNMENT(.bss*))
 .bss.s_debugConsole
                0x80000004       0x14 ./utilities/fsl_debug_console.o
 .bss.g_xtalFreq
                0x80000018        0x4 ./drivers/fsl_clock.o
                0x80000018                g_xtalFreq
 .bss.g_rtcXtalFreq
                0x8000001c        0x4 ./drivers/fsl_clock.o
                0x8000001c                g_rtcXtalFreq
 .bss.s_lpuartHandle
                0x80000020       0x24 ./drivers/fsl_lpuart.o
                0x80000020                s_lpuartHandle
 .bss.s_lpuartIsr
                0x80000044       0x24 ./drivers/fsl_lpuart.o
                0x80000044                s_lpuartIsr
 .bss.errno     0x80000068        0x4 c:/nxp/mcuxpressoide_11.8.0_1165/ide/plugins/com.nxp.mcuxpresso.tools.win32_11.8.0.202306131047/tools/bin/../lib/gcc/arm-none-eabi/12.2.1/../../../../arm-none-eabi/lib/thumb/v7e-m+dp/hard\libcr_c.a(errno.o)
                0x80000068                errno
 .bss.__Ciob    0x8000006c       0xb4 c:/nxp/mcuxpressoide_11.8.0_1165/ide/plugins/com.nxp.mcuxpresso.tools.win32_11.8.0.202306131047/tools/bin/../lib/gcc/arm-none-eabi/12.2.1/../../../../arm-none-eabi/lib/thumb/v7e-m+dp/hard\libcr_nohost_nf.a(__ciob.o)
                0x8000006c                __Ciob
 .bss.gptIsrFlag
                0x80000120        0x1 ./source/hello_world.o
                0x80000120                gptIsrFlag
 *(SORT_BY_ALIGNMENT(COMMON))
                0x80000124                . = ALIGN (0x4)
 *fill*         0x80000121        0x3 
                0x80000124                _ebss = .
                [!provide]                PROVIDE (__end_bss_RAM = .)
                [!provide]                PROVIDE (__end_bss_BOARD_SDRAM = .)
                [!provide]                PROVIDE (end = .)

.noinit_RAM2    0x81e00000        0x0
                [!provide]                PROVIDE (__start_noinit_RAM2 = .)
                [!provide]                PROVIDE (__start_noinit_NCACHE_REGION = .)
 *(SORT_BY_ALIGNMENT(.noinit.$RAM2))
 *(SORT_BY_ALIGNMENT(.noinit.$NCACHE_REGION))
 *(SORT_BY_ALIGNMENT(.noinit.$RAM2.*))
 *(SORT_BY_ALIGNMENT(.noinit.$NCACHE_REGION.*))
                0x81e00000                . = ALIGN (0x4)
                [!provide]                PROVIDE (__end_noinit_RAM2 = .)
                [!provide]                PROVIDE (__end_noinit_NCACHE_REGION = .)

.noinit_RAM3    0x20000000        0x0
                [!provide]                PROVIDE (__start_noinit_RAM3 = .)
                [!provide]                PROVIDE (__start_noinit_SRAM_DTC = .)
 *(SORT_BY_ALIGNMENT(.noinit.$RAM3))
 *(SORT_BY_ALIGNMENT(.noinit.$SRAM_DTC))
 *(SORT_BY_ALIGNMENT(.noinit.$RAM3.*))
 *(SORT_BY_ALIGNMENT(.noinit.$SRAM_DTC.*))
                0x20000000                . = ALIGN (0x4)
                [!provide]                PROVIDE (__end_noinit_RAM3 = .)
                [!provide]                PROVIDE (__end_noinit_SRAM_DTC = .)

.noinit_RAM4    0x00000000        0x0
                [!provide]                PROVIDE (__start_noinit_RAM4 = .)
                [!provide]                PROVIDE (__start_noinit_SRAM_ITC = .)
 *(SORT_BY_ALIGNMENT(.noinit.$RAM4))
 *(SORT_BY_ALIGNMENT(.noinit.$SRAM_ITC))
 *(SORT_BY_ALIGNMENT(.noinit.$RAM4.*))
 *(SORT_BY_ALIGNMENT(.noinit.$SRAM_ITC.*))
                0x00000000                . = ALIGN (0x4)
                [!provide]                PROVIDE (__end_noinit_RAM4 = .)
                [!provide]                PROVIDE (__end_noinit_SRAM_ITC = .)

.noinit_RAM5    0x20200000        0x0
                [!provide]                PROVIDE (__start_noinit_RAM5 = .)
                [!provide]                PROVIDE (__start_noinit_SRAM_OC = .)
 *(SORT_BY_ALIGNMENT(.noinit.$RAM5))
 *(SORT_BY_ALIGNMENT(.noinit.$SRAM_OC))
 *(SORT_BY_ALIGNMENT(.noinit.$RAM5.*))
 *(SORT_BY_ALIGNMENT(.noinit.$SRAM_OC.*))
                0x20200000                . = ALIGN (0x4)
                [!provide]                PROVIDE (__end_noinit_RAM5 = .)
                [!provide]                PROVIDE (__end_noinit_SRAM_OC = .)

.noinit         0x80000124        0x0
                0x80000124                _noinit = .
                [!provide]                PROVIDE (__start_noinit_RAM = .)
                [!provide]                PROVIDE (__start_noinit_BOARD_SDRAM = .)
 *(SORT_BY_ALIGNMENT(.noinit*))
                0x80000124                . = ALIGN (0x4)
                0x80000124                _end_noinit = .
                [!provide]                PROVIDE (__end_noinit_RAM = .)
                [!provide]                PROVIDE (__end_noinit_BOARD_SDRAM = .)
                0x00001000                _HeapSize = 0x1000

.heap           0x80000124     0x1000
                0x80000124                _pvHeapStart = .
                0x80001124                . = (. + _HeapSize)
 *fill*         0x80000124     0x1000 
                0x80001124                . = ALIGN (0x4)
                0x80001124                _pvHeapLimit = .
                0x00001000                _StackSize = 0x1000

.heap2stackfill
                0x80001124     0x1000
                0x80002124                . = (. + _StackSize)
 *fill*         0x80001124     0x1000 

.stack          0x81dff000        0x0
                0x81dff000                _vStackBase = .
                0x81dff000                . = ALIGN (0x4)
                0x81e00000                _vStackTop = (. + _StackSize)
                0x60002000                _image_start = LOADADDR (.text)
                0x60007588                _image_end = (LOADADDR (.data) + SIZEOF (.data))
                0x00005588                _image_size = (_image_end - _image_start)
OUTPUT(evkbmimxrt1060_hello_world.axf elf32-littlearm)
LOAD linker stubs

.debug_info     0x00000000     0xfb5f
 .debug_info    0x00000000      0x80f ./xip/evkbmimxrt1060_flexspi_nor_config.o
 .debug_info    0x0000080f      0x48a ./xip/fsl_flexspi_nor_boot.o
 .debug_info    0x00000c99       0xcb ./utilities/fsl_assert.o
 .debug_info    0x00000d64      0xc68 ./utilities/fsl_debug_console.o
 .debug_info    0x000019cc       0x25 ./utilities/fsl_memcpy.o
 .debug_info    0x000019f1     0x1402 ./startup/startup_mimxrt1062.o
 .debug_info    0x00002df3     0x16f9 ./source/hello_world.o
 .debug_info    0x000044ec       0x3d ./source/semihost_hardfault.o
 .debug_info    0x00004529     0x240c ./drivers/fsl_clock.o
 .debug_info    0x00006935      0xdd0 ./drivers/fsl_gpio.o
 .debug_info    0x00007705      0xde2 ./drivers/fsl_gpt.o
 .debug_info    0x000084e7     0x27f3 ./drivers/fsl_lpuart.o
 .debug_info    0x0000acda      0xc28 ./device/system_MIMXRT1062.o
 .debug_info    0x0000b902      0xb96 ./component/uart/fsl_adapter_lpuart.o
 .debug_info    0x0000c498      0xffd ./board/board.o
 .debug_info    0x0000d495     0x19df ./board/clock_config.o
 .debug_info    0x0000ee74       0xa2 ./board/dcd.o
 .debug_info    0x0000ef16      0xc49 ./board/pin_mux.o

.debug_abbrev   0x00000000     0x2495
 .debug_abbrev  0x00000000      0x114 ./xip/evkbmimxrt1060_flexspi_nor_config.o
 .debug_abbrev  0x00000114       0xe8 ./xip/fsl_flexspi_nor_boot.o
 .debug_abbrev  0x000001fc       0x8f ./utilities/fsl_assert.o
 .debug_abbrev  0x0000028b      0x26e ./utilities/fsl_debug_console.o
 .debug_abbrev  0x000004f9       0x14 ./utilities/fsl_memcpy.o
 .debug_abbrev  0x0000050d      0x149 ./startup/startup_mimxrt1062.o
 .debug_abbrev  0x00000656      0x3e1 ./source/hello_world.o
 .debug_abbrev  0x00000a37       0x2f ./source/semihost_hardfault.o
 .debug_abbrev  0x00000a66      0x376 ./drivers/fsl_clock.o
 .debug_abbrev  0x00000ddc      0x2ce ./drivers/fsl_gpio.o
 .debug_abbrev  0x000010aa      0x2b0 ./drivers/fsl_gpt.o
 .debug_abbrev  0x0000135a      0x4a1 ./drivers/fsl_lpuart.o
 .debug_abbrev  0x000017fb      0x178 ./device/system_MIMXRT1062.o
 .debug_abbrev  0x00001973      0x1ee ./component/uart/fsl_adapter_lpuart.o
 .debug_abbrev  0x00001b61      0x319 ./board/board.o
 .debug_abbrev  0x00001e7a      0x310 ./board/clock_config.o
 .debug_abbrev  0x0000218a       0x63 ./board/dcd.o
 .debug_abbrev  0x000021ed      0x2a8 ./board/pin_mux.o

.debug_aranges  0x00000000      0xcd8
 .debug_aranges
                0x00000000       0x18 ./xip/evkbmimxrt1060_flexspi_nor_config.o
 .debug_aranges
                0x00000018       0x18 ./xip/fsl_flexspi_nor_boot.o
 .debug_aranges
                0x00000030       0x20 ./utilities/fsl_assert.o
 .debug_aranges
                0x00000050       0x78 ./utilities/fsl_debug_console.o
 .debug_aranges
                0x000000c8       0x20 ./utilities/fsl_memcpy.o
 .debug_aranges
                0x000000e8      0x570 ./startup/startup_mimxrt1062.o
 .debug_aranges
                0x00000658       0x80 ./source/hello_world.o
 .debug_aranges
                0x000006d8       0x20 ./source/semihost_hardfault.o
 .debug_aranges
                0x000006f8      0x1b0 ./drivers/fsl_clock.o
 .debug_aranges
                0x000008a8       0x58 ./drivers/fsl_gpio.o
 .debug_aranges
                0x00000900       0x70 ./drivers/fsl_gpt.o
 .debug_aranges
                0x00000970      0x1a8 ./drivers/fsl_lpuart.o
 .debug_aranges
                0x00000b18       0x30 ./device/system_MIMXRT1062.o
 .debug_aranges
                0x00000b48       0x58 ./component/uart/fsl_adapter_lpuart.o
 .debug_aranges
                0x00000ba0       0x58 ./board/board.o
 .debug_aranges
                0x00000bf8       0x78 ./board/clock_config.o
 .debug_aranges
                0x00000c70       0x18 ./board/dcd.o
 .debug_aranges
                0x00000c88       0x50 ./board/pin_mux.o

.debug_macro    0x00000000    0x2d608
 .debug_macro   0x00000000      0x142 ./xip/evkbmimxrt1060_flexspi_nor_config.o
 .debug_macro   0x00000142      0xb2c ./xip/evkbmimxrt1060_flexspi_nor_config.o
 .debug_macro   0x00000c6e       0x10 ./xip/evkbmimxrt1060_flexspi_nor_config.o
 .debug_macro   0x00000c7e      0x12e ./xip/evkbmimxrt1060_flexspi_nor_config.o
 .debug_macro   0x00000dac      0x5b3 ./xip/evkbmimxrt1060_flexspi_nor_config.o
 .debug_macro   0x0000135f       0x22 ./xip/evkbmimxrt1060_flexspi_nor_config.o
 .debug_macro   0x00001381       0x16 ./xip/evkbmimxrt1060_flexspi_nor_config.o
 .debug_macro   0x00001397       0x22 ./xip/evkbmimxrt1060_flexspi_nor_config.o
 .debug_macro   0x000013b9       0x10 ./xip/evkbmimxrt1060_flexspi_nor_config.o
 .debug_macro   0x000013c9       0x4d ./xip/evkbmimxrt1060_flexspi_nor_config.o
 .debug_macro   0x00001416       0x1c ./xip/evkbmimxrt1060_flexspi_nor_config.o
 .debug_macro   0x00001432       0x22 ./xip/evkbmimxrt1060_flexspi_nor_config.o
 .debug_macro   0x00001454       0xfb ./xip/evkbmimxrt1060_flexspi_nor_config.o
 .debug_macro   0x0000154f     0x1313 ./xip/evkbmimxrt1060_flexspi_nor_config.o
 .debug_macro   0x00002862      0x11f ./xip/evkbmimxrt1060_flexspi_nor_config.o
 .debug_macro   0x00002981       0x22 ./xip/evkbmimxrt1060_flexspi_nor_config.o
 .debug_macro   0x000029a3       0x22 ./xip/evkbmimxrt1060_flexspi_nor_config.o
 .debug_macro   0x000029c5    0x26960 ./xip/evkbmimxrt1060_flexspi_nor_config.o
 .debug_macro   0x00029325      0x8cb ./xip/evkbmimxrt1060_flexspi_nor_config.o
 .debug_macro   0x00029bf0       0x7a ./xip/evkbmimxrt1060_flexspi_nor_config.o
 .debug_macro   0x00029c6a       0xb6 ./xip/evkbmimxrt1060_flexspi_nor_config.o
 .debug_macro   0x00029d20      0x24e ./xip/evkbmimxrt1060_flexspi_nor_config.o
 .debug_macro   0x00029f6e      0x1a4 ./xip/evkbmimxrt1060_flexspi_nor_config.o
 .debug_macro   0x0002a112      0x167 ./xip/fsl_flexspi_nor_boot.o
 .debug_macro   0x0002a279      0x148 ./xip/fsl_flexspi_nor_boot.o
 .debug_macro   0x0002a3c1       0x10 ./xip/fsl_flexspi_nor_boot.o
 .debug_macro   0x0002a3d1      0x1ae ./xip/fsl_flexspi_nor_boot.o
 .debug_macro   0x0002a57f       0x7c ./xip/fsl_flexspi_nor_boot.o
 .debug_macro   0x0002a5fb      0x13e ./utilities/fsl_assert.o
 .debug_macro   0x0002a739       0x1c ./utilities/fsl_assert.o
 .debug_macro   0x0002a755       0x1c ./utilities/fsl_assert.o
 .debug_macro   0x0002a771       0x1c ./utilities/fsl_assert.o
 .debug_macro   0x0002a78d       0x22 ./utilities/fsl_assert.o
 .debug_macro   0x0002a7af      0x16e ./utilities/fsl_debug_console.o
 .debug_macro   0x0002a91d       0x16 ./utilities/fsl_debug_console.o
 .debug_macro   0x0002a933       0x10 ./utilities/fsl_debug_console.o
 .debug_macro   0x0002a943       0x28 ./utilities/fsl_debug_console.o
 .debug_macro   0x0002a96b       0xc4 ./utilities/fsl_debug_console.o
 .debug_macro   0x0002aa2f       0x16 ./utilities/fsl_debug_console.o
 .debug_macro   0x0002aa45       0x47 ./utilities/fsl_debug_console.o
 .debug_macro   0x0002aa8c       0x29 ./startup/startup_mimxrt1062.o
 .debug_macro   0x0002aab5      0x19d ./source/hello_world.o
 .debug_macro   0x0002ac52       0xa0 ./source/hello_world.o
 .debug_macro   0x0002acf2       0x10 ./source/hello_world.o
 .debug_macro   0x0002ad02       0x11 ./source/semihost_hardfault.o
 .debug_macro   0x0002ad13      0x12d ./drivers/fsl_clock.o
 .debug_macro   0x0002ae40      0x13d ./drivers/fsl_gpio.o
 .debug_macro   0x0002af7d      0x13d ./drivers/fsl_gpt.o
 .debug_macro   0x0002b0ba      0x13c ./drivers/fsl_lpuart.o
 .debug_macro   0x0002b1f6       0x10 ./drivers/fsl_lpuart.o
 .debug_macro   0x0002b206       0xb3 ./device/system_MIMXRT1062.o
 .debug_macro   0x0002b2b9      0x15b ./component/uart/fsl_adapter_lpuart.o
 .debug_macro   0x0002b414       0x41 ./component/uart/fsl_adapter_lpuart.o
 .debug_macro   0x0002b455      0x16c ./board/board.o
 .debug_macro   0x0002b5c1     0x1c11 ./board/board.o
 .debug_macro   0x0002d1d2      0x13f ./board/clock_config.o
 .debug_macro   0x0002d311      0x142 ./board/clock_config.o
 .debug_macro   0x0002d453       0x51 ./board/dcd.o
 .debug_macro   0x0002d4a4       0x22 ./board/dcd.o
 .debug_macro   0x0002d4c6      0x142 ./board/pin_mux.o

.debug_line     0x00000000     0x83a6
 .debug_line    0x00000000      0x3ec ./xip/evkbmimxrt1060_flexspi_nor_config.o
 .debug_line    0x000003ec      0x45a ./xip/fsl_flexspi_nor_boot.o
 .debug_line    0x00000846      0x3f2 ./utilities/fsl_assert.o
 .debug_line    0x00000c38      0x8ed ./utilities/fsl_debug_console.o
 .debug_line    0x00001525       0x88 ./utilities/fsl_memcpy.o
 .debug_line    0x000015ad     0x11a5 ./startup/startup_mimxrt1062.o
 .debug_line    0x00002752      0x722 ./source/hello_world.o
 .debug_line    0x00002e74       0x59 ./source/semihost_hardfault.o
 .debug_line    0x00002ecd     0x11cd ./drivers/fsl_clock.o
 .debug_line    0x0000409a      0x587 ./drivers/fsl_gpio.o
 .debug_line    0x00004621      0x63a ./drivers/fsl_gpt.o
 .debug_line    0x00004c5b     0x151f ./drivers/fsl_lpuart.o
 .debug_line    0x0000617a      0x514 ./device/system_MIMXRT1062.o
 .debug_line    0x0000668e      0x5c1 ./component/uart/fsl_adapter_lpuart.o
 .debug_line    0x00006c4f      0x8bb ./board/board.o
 .debug_line    0x0000750a      0x818 ./board/clock_config.o
 .debug_line    0x00007d22      0x168 ./board/dcd.o
 .debug_line    0x00007e8a      0x51c ./board/pin_mux.o

.debug_str      0x00000000   0x169693
 .debug_str     0x00000000   0x14ddd0 ./xip/evkbmimxrt1060_flexspi_nor_config.o
                             0x14de5f (size before relaxing)
 .debug_str     0x0014ddd0     0x1877 ./xip/fsl_flexspi_nor_boot.o
                             0x14e856 (size before relaxing)
 .debug_str     0x0014f647      0x198 ./utilities/fsl_assert.o
                             0x14c7a7 (size before relaxing)
 .debug_str     0x0014f7df      0xd92 ./utilities/fsl_debug_console.o
                             0x14df2a (size before relaxing)
 .debug_str     0x00150571       0x28 ./utilities/fsl_memcpy.o
                                 0x85 (size before relaxing)
 .debug_str     0x00150599      0xe45 ./startup/startup_mimxrt1062.o
                               0x3e83 (size before relaxing)
 .debug_str     0x001513de     0x1da6 ./source/hello_world.o
                             0x15053c (size before relaxing)
 .debug_str     0x00153184       0x1f ./source/semihost_hardfault.o
                               0x2fe9 (size before relaxing)
 .debug_str     0x001531a3     0x17d7 ./drivers/fsl_clock.o
                             0x14eb85 (size before relaxing)
 .debug_str     0x0015497a      0x200 ./drivers/fsl_gpio.o