C:\Users\justi\Documents\MCUXpressoIDE_11.8.0_1165\practice\evkbmimxrt1060_lvgl_guider\lvgl\lvgl/src/core/lv_disp.h:182:26:lv_scr_act	8	static
C:\Users\justi\Documents\MCUXpressoIDE_11.8.0_1165\practice\evkbmimxrt1060_lvgl_guider\drivers/fsl_gpio.h:112:20:GPIO_PortSet	16	static
C:\Users\justi\Documents\MCUXpressoIDE_11.8.0_1165\practice\evkbmimxrt1060_lvgl_guider\drivers/fsl_gpio.h:136:20:GPIO_PortClear	16	static
../generated/events_init.c:16:13:screen_img_1_event_handler	40	static
../generated/events_init.c:59:13:screen_img_2_event_handler	40	static
../generated/events_init.c:103:13:screen_img_3_event_handler	40	static
../generated/events_init.c:147:13:screen_btn_1_event_handler	40	static
../generated/events_init.c:184:6:events_init_screen	16	static
../generated/events_init.c:191:13:screen1_Menu_event_handler	40	static
../generated/events_init.c:228:13:screen1_btn_1_event_handler	40	static
../generated/events_init.c:270:6:events_init_screen1	16	static
../generated/events_init.c:275:13:screen2_Menu_event_handler	40	static
../generated/events_init.c:311:13:screen2_btn_1_event_handler	40	static
../generated/events_init.c:347:6:events_init_screen2	16	static
../generated/events_init.c:352:13:screen3_Menu_event_handler	40	static
../generated/events_init.c:395:13:screen3_btn_1_event_handler	40	static
../generated/events_init.c:431:6:events_init_screen3	16	static
../generated/events_init.c:436:13:screen_1_back_event_handler	40	static
../generated/events_init.c:479:13:screen_1_T_plus_event_handler	24	static
../generated/events_init.c:509:13:screen_1_T_minus_event_handler	24	static
../generated/events_init.c:539:13:screen_1_H_minus_event_handler	24	static
../generated/events_init.c:560:13:screen_1_H_plus_event_handler	24	static
../generated/events_init.c:591:13:screen_1_Reset_T_event_handler	24	static
../generated/events_init.c:621:13:screen_1_Reset_H_event_handler	24	static
../generated/events_init.c:651:6:events_init_screen_1	16	static
../generated/events_init.c:661:13:screen_2_back_event_handler	40	static
../generated/events_init.c:691:13:screen_2_T_plus_event_handler	24	static
../generated/events_init.c:721:13:screen_2_T_minus_event_handler	24	static
../generated/events_init.c:751:13:screen_2_H_minus_event_handler	24	static
../generated/events_init.c:787:13:screen_2_H_plus_event_handler	24	static
../generated/events_init.c:818:13:screen_2_btn_2_event_handler	24	static
../generated/events_init.c:848:13:screen_2_btn_1_event_handler	24	static
../generated/events_init.c:878:6:events_init_screen_2	16	static
../generated/events_init.c:888:13:screen_3_back_event_handler	40	static
../generated/events_init.c:932:13:screen_3_T_plus_event_handler	24	static
../generated/events_init.c:962:13:screen_3_T_minus_event_handler	24	static
../generated/events_init.c:992:13:screen_3_H_minus_event_handler	24	static
../generated/events_init.c:1027:13:screen_3_H_plus_event_handler	24	static
../generated/events_init.c:1058:13:screen_3_btn_2_event_handler	24	static
../generated/events_init.c:1088:13:screen_3_btn_1_event_handler	24	static
../generated/events_init.c:1118:6:events_init_screen_3	16	static
../generated/events_init.c:1128:13:add_btn_1_event_handler	40	static
../generated/events_init.c:1165:6:events_init_add	16	static
../generated/events_init.c:1170:6:events_init	16	static
