C:\NXP\GUI-Guider-Projects\scratch\sdk\Core\lvgl\lvgl/src/core/lv_disp.h:182:26:lv_scr_act	8	static
C:/NXP/GUI-Guider-Projects/scratch/generated/events_init.c:28:13:screen_img_1_event_handler	40	static
C:/NXP/GUI-Guider-Projects/scratch/generated/events_init.c:56:13:screen_img_2_event_handler	40	static
C:/NXP/GUI-Guider-Projects/scratch/generated/events_init.c:84:13:screen_img_3_event_handler	40	static
C:/NXP/GUI-Guider-Projects/scratch/generated/events_init.c:112:13:screen_btn_1_event_handler	40	static
C:/NXP/GUI-Guider-Projects/scratch/generated/events_init.c:135:6:events_init_screen	16	static
C:/NXP/GUI-Guider-Projects/scratch/generated/events_init.c:142:13:screen1_Menu_event_handler	40	static
C:/NXP/GUI-Guider-Projects/scratch/generated/events_init.c:165:13:screen1_btn_1_event_handler	40	static
C:/NXP/GUI-Guider-Projects/scratch/generated/events_init.c:193:6:events_init_screen1	16	static
C:/NXP/GUI-Guider-Projects/scratch/generated/events_init.c:198:13:screen2_Menu_event_handler	40	static
C:/NXP/GUI-Guider-Projects/scratch/generated/events_init.c:221:13:screen2_btn_1_event_handler	40	static
C:/NXP/GUI-Guider-Projects/scratch/generated/events_init.c:244:6:events_init_screen2	16	static
C:/NXP/GUI-Guider-Projects/scratch/generated/events_init.c:249:13:screen3_Menu_event_handler	40	static
C:/NXP/GUI-Guider-Projects/scratch/generated/events_init.c:277:13:screen3_btn_1_event_handler	40	static
C:/NXP/GUI-Guider-Projects/scratch/generated/events_init.c:300:6:events_init_screen3	16	static
C:/NXP/GUI-Guider-Projects/scratch/generated/events_init.c:305:13:screen_1_back_event_handler	40	static
C:/NXP/GUI-Guider-Projects/scratch/generated/events_init.c:333:13:screen_1_T_plus_event_handler	24	static
C:/NXP/GUI-Guider-Projects/scratch/generated/events_init.c:349:13:screen_1_T_minus_event_handler	24	static
C:/NXP/GUI-Guider-Projects/scratch/generated/events_init.c:365:13:screen_1_H_minus_event_handler	24	static
C:/NXP/GUI-Guider-Projects/scratch/generated/events_init.c:386:13:screen_1_H_plus_event_handler	24	static
C:/NXP/GUI-Guider-Projects/scratch/generated/events_init.c:403:13:screen_1_Reset_T_event_handler	24	static
C:/NXP/GUI-Guider-Projects/scratch/generated/events_init.c:419:13:screen_1_Reset_H_event_handler	24	static
C:/NXP/GUI-Guider-Projects/scratch/generated/events_init.c:435:6:events_init_screen_1	16	static
C:/NXP/GUI-Guider-Projects/scratch/generated/events_init.c:445:13:screen_2_back_event_handler	40	static
C:/NXP/GUI-Guider-Projects/scratch/generated/events_init.c:473:13:screen_2_T_plus_event_handler	24	static
C:/NXP/GUI-Guider-Projects/scratch/generated/events_init.c:489:13:screen_2_T_minus_event_handler	24	static
C:/NXP/GUI-Guider-Projects/scratch/generated/events_init.c:505:13:screen_2_H_minus_event_handler	24	static
C:/NXP/GUI-Guider-Projects/scratch/generated/events_init.c:527:13:screen_2_H_plus_event_handler	24	static
C:/NXP/GUI-Guider-Projects/scratch/generated/events_init.c:544:13:screen_2_btn_2_event_handler	24	static
C:/NXP/GUI-Guider-Projects/scratch/generated/events_init.c:560:13:screen_2_btn_1_event_handler	24	static
C:/NXP/GUI-Guider-Projects/scratch/generated/events_init.c:576:6:events_init_screen_2	16	static
C:/NXP/GUI-Guider-Projects/scratch/generated/events_init.c:586:13:screen_3_back_event_handler	40	static
C:/NXP/GUI-Guider-Projects/scratch/generated/events_init.c:614:13:screen_3_T_plus_event_handler	24	static
C:/NXP/GUI-Guider-Projects/scratch/generated/events_init.c:630:13:screen_3_T_minus_event_handler	24	static
C:/NXP/GUI-Guider-Projects/scratch/generated/events_init.c:646:13:screen_3_H_minus_event_handler	24	static
C:/NXP/GUI-Guider-Projects/scratch/generated/events_init.c:667:13:screen_3_H_plus_event_handler	24	static
C:/NXP/GUI-Guider-Projects/scratch/generated/events_init.c:684:13:screen_3_btn_2_event_handler	24	static
C:/NXP/GUI-Guider-Projects/scratch/generated/events_init.c:700:13:screen_3_btn_1_event_handler	24	static
C:/NXP/GUI-Guider-Projects/scratch/generated/events_init.c:716:6:events_init_screen_3	16	static
C:/NXP/GUI-Guider-Projects/scratch/generated/events_init.c:726:13:add_btn_1_event_handler	40	static
C:/NXP/GUI-Guider-Projects/scratch/generated/events_init.c:749:6:events_init_add	16	static
C:/NXP/GUI-Guider-Projects/scratch/generated/events_init.c:754:6:events_init	16	static
