C:\Users\JERRY\Documents\MCUXpressoIDE_11.8.0_1165\workspace\evkmimxrt1060_tflm_label_image\eiq\tensorflow-lite/tensorflow/lite/kernels/kernel_util.h:155:12:int tflite::NumInputs(const TfLiteNode*)	16	static
c:\nxp\mcuxpressoide_11.8.0_1165\ide\plugins\com.nxp.mcuxpresso.tools.win32_11.8.0.202306131047\tools\arm-none-eabi\include\c++\12.2.1\arm-none-eabi\thumb\v7e-m+dp\hard\bits\gthr-default.h:229:1:int __gthread_key_delete(__gthread_key_t)	16	static
../eiq/tensorflow-lite/tensorflow/lite/micro/kernels/cmsis_nn/svdf.cpp:35:7:void* tflite::{anonymous}::Init(TfLiteContext*, const char*, size_t)	24	static
../eiq/tensorflow-lite/tensorflow/lite/micro/kernels/cmsis_nn/svdf.cpp:40:14:TfLiteStatus tflite::{anonymous}::EvalIntegerSVDF(TfLiteContext*, TfLiteNode*, const TfLiteEvalTensor*, const TfLiteEvalTensor*, const TfLiteEvalTensor*, const TfLiteEvalTensor*, const TfLiteSVDFParams*, TfLiteEvalTensor*, TfLiteEvalTensor*, const tflite::OpDataSvdf&)	272	static
../eiq/tensorflow-lite/tensorflow/lite/micro/kernels/cmsis_nn/svdf.cpp:148:14:TfLiteStatus tflite::{anonymous}::EvalSvdf(TfLiteContext*, TfLiteNode*)	72	static
../eiq/tensorflow-lite/tensorflow/lite/micro/kernels/cmsis_nn/svdf.cpp:191:14:TfLiteStatus tflite::{anonymous}::EvalSvdfInt8(TfLiteContext*, TfLiteNode*)	72	static
../eiq/tensorflow-lite/tensorflow/lite/micro/kernels/cmsis_nn/svdf.cpp:222:20:TfLiteRegistration tflite::Register_SVDF()	24	static
../eiq/tensorflow-lite/tensorflow/lite/micro/kernels/cmsis_nn/svdf.cpp:226:20:TfLiteRegistration tflite::Register_SVDF_INT8()	24	static
C:\Users\JERRY\Documents\MCUXpressoIDE_11.8.0_1165\workspace\evkmimxrt1060_tflm_label_image\eiq\tensorflow-lite/tensorflow/lite/micro/kernels/kernel_util.h:65:4:T* tflite::micro::GetTensorData(TfLiteEvalTensor*) [with T = signed char]	16	static
C:\Users\JERRY\Documents\MCUXpressoIDE_11.8.0_1165\workspace\evkmimxrt1060_tflm_label_image\eiq\tensorflow-lite/tensorflow/lite/micro/kernels/kernel_util.h:72:10:const T* tflite::micro::GetTensorData(const TfLiteEvalTensor*) [with T = signed char]	16	static
C:\Users\JERRY\Documents\MCUXpressoIDE_11.8.0_1165\workspace\evkmimxrt1060_tflm_label_image\eiq\tensorflow-lite/tensorflow/lite/micro/kernels/kernel_util.h:72:10:const T* tflite::micro::GetTensorData(const TfLiteEvalTensor*) [with T = long int]	16	static
C:\Users\JERRY\Documents\MCUXpressoIDE_11.8.0_1165\workspace\evkmimxrt1060_tflm_label_image\eiq\tensorflow-lite/tensorflow/lite/micro/kernels/kernel_util.h:65:4:T* tflite::micro::GetTensorData(TfLiteEvalTensor*) [with T = short int]	16	static
C:\Users\JERRY\Documents\MCUXpressoIDE_11.8.0_1165\workspace\evkmimxrt1060_tflm_label_image\eiq\tensorflow-lite/tensorflow/lite/micro/kernels/kernel_util.h:72:10:const T* tflite::micro::GetTensorData(const TfLiteEvalTensor*) [with T = short int]	16	static
