../eiq/tensorflow-lite/tensorflow/lite/micro/arena_allocator/single_arena_buffer_allocator.cpp:67:1:virtual tflite::SingleArenaBufferAllocator::~SingleArenaBufferAllocator()	0	static
../eiq/tensorflow-lite/tensorflow/lite/micro/arena_allocator/single_arena_buffer_allocator.cpp:152:6:virtual void tflite::SingleArenaBufferAllocator::DeallocateTemp(uint8_t*)	0	static
../eiq/tensorflow-lite/tensorflow/lite/micro/arena_allocator/single_arena_buffer_allocator.cpp:179:10:virtual uint8_t* tflite::SingleArenaBufferAllocator::GetOverlayMemoryAddress() const	0	static
../eiq/tensorflow-lite/tensorflow/lite/micro/arena_allocator/single_arena_buffer_allocator.cpp:183:8:virtual size_t tflite::SingleArenaBufferAllocator::GetNonPersistentUsedBytes() const	0	static
../eiq/tensorflow-lite/tensorflow/lite/micro/arena_allocator/single_arena_buffer_allocator.cpp:187:8:virtual size_t tflite::SingleArenaBufferAllocator::GetPersistentUsedBytes() const	0	static
../eiq/tensorflow-lite/tensorflow/lite/micro/arena_allocator/single_arena_buffer_allocator.cpp:90:14:virtual TfLiteStatus tflite::SingleArenaBufferAllocator::ResizeBuffer(uint8_t*, size_t, size_t)	32	static
../eiq/tensorflow-lite/tensorflow/lite/micro/arena_allocator/single_arena_buffer_allocator.cpp:135:10:virtual uint8_t* tflite::SingleArenaBufferAllocator::AllocateTemp(size_t, size_t)	24	static
../eiq/tensorflow-lite/tensorflow/lite/micro/arena_allocator/single_arena_buffer_allocator.cpp:118:10:virtual uint8_t* tflite::SingleArenaBufferAllocator::AllocatePersistentBuffer(size_t, size_t)	24	static
../eiq/tensorflow-lite/tensorflow/lite/micro/arena_allocator/single_arena_buffer_allocator.cpp:191:8:virtual size_t tflite::SingleArenaBufferAllocator::GetAvailableMemory(size_t) const	16	static
../eiq/tensorflow-lite/tensorflow/lite/micro/arena_allocator/single_arena_buffer_allocator.cpp:157:6:virtual bool tflite::SingleArenaBufferAllocator::IsAllTempDeallocated()	8	static
C:\Users\jj910\Documents\MCUXpressoIDE_11.8.0_1165\workspace\evkmimxrt1060_tflm_label_image\eiq\tensorflow-lite/tensorflow/lite/micro/arena_allocator/single_arena_buffer_allocator.h:41:11:virtual void* tflite::SingleArenaBufferAllocator::_ZThn4_N6tflite26SingleArenaBufferAllocatorD1Ev()	0	static
C:\Users\jj910\Documents\MCUXpressoIDE_11.8.0_1165\workspace\evkmimxrt1060_tflm_label_image\eiq\tensorflow-lite/tensorflow/lite/micro/arena_allocator/single_arena_buffer_allocator.h:41:11:virtual void* tflite::SingleArenaBufferAllocator::_ZThn4_N6tflite26SingleArenaBufferAllocatorD0Ev()	0	static
C:\Users\jj910\Documents\MCUXpressoIDE_11.8.0_1165\workspace\evkmimxrt1060_tflm_label_image\eiq\tensorflow-lite/tensorflow/lite/micro/arena_allocator/single_arena_buffer_allocator.h:107:10:virtual size_t tflite::SingleArenaBufferAllocator::_ZThn4_NK6tflite26SingleArenaBufferAllocator22GetPersistentUsedBytesEv() const	0	static
../eiq/tensorflow-lite/tensorflow/lite/micro/arena_allocator/single_arena_buffer_allocator.cpp:167:14:virtual TfLiteStatus tflite::SingleArenaBufferAllocator::ResetTempAllocations()	8	static
C:\Users\jj910\Documents\MCUXpressoIDE_11.8.0_1165\workspace\evkmimxrt1060_tflm_label_image\eiq\tensorflow-lite/tensorflow/lite/micro/arena_allocator/single_arena_buffer_allocator.h:73:20:virtual uint8_t* tflite::SingleArenaBufferAllocator::_ZThn4_N6tflite26SingleArenaBufferAllocator24AllocatePersistentBufferEjj(size_t, size_t)	24	static
../eiq/tensorflow-lite/tensorflow/lite/micro/arena_allocator/single_arena_buffer_allocator.cpp:79:14:virtual TfLiteStatus tflite::SingleArenaBufferAllocator::DeallocateResizableBuffer(uint8_t*)	16	static
../eiq/tensorflow-lite/tensorflow/lite/micro/arena_allocator/single_arena_buffer_allocator.cpp:84:14:virtual TfLiteStatus tflite::SingleArenaBufferAllocator::ReserveNonPersistentOverlayMemory(size_t, size_t)	32	static
../eiq/tensorflow-lite/tensorflow/lite/micro/arena_allocator/single_arena_buffer_allocator.cpp:69:10:virtual uint8_t* tflite::SingleArenaBufferAllocator::AllocateResizableBuffer(size_t, size_t)	32	static
../eiq/tensorflow-lite/tensorflow/lite/micro/arena_allocator/single_arena_buffer_allocator.cpp:32:1:tflite::SingleArenaBufferAllocator::SingleArenaBufferAllocator(tflite::ErrorReporter*, uint8_t*, uint8_t*)	0	static
../eiq/tensorflow-lite/tensorflow/lite/micro/arena_allocator/single_arena_buffer_allocator.cpp:45:1:tflite::SingleArenaBufferAllocator::SingleArenaBufferAllocator(tflite::ErrorReporter*, uint8_t*, size_t)	0	static
../eiq/tensorflow-lite/tensorflow/lite/micro/arena_allocator/single_arena_buffer_allocator.cpp:51:29:static tflite::SingleArenaBufferAllocator* tflite::SingleArenaBufferAllocator::Create(tflite::ErrorReporter*, uint8_t*, size_t)	24	static
../eiq/tensorflow-lite/tensorflow/lite/micro/arena_allocator/single_arena_buffer_allocator.cpp:197:8:size_t tflite::SingleArenaBufferAllocator::GetUsedBytes() const	16	static
../eiq/tensorflow-lite/tensorflow/lite/micro/arena_allocator/single_arena_buffer_allocator.cpp:201:8:size_t tflite::SingleArenaBufferAllocator::GetBufferSize() const	0	static
../eiq/tensorflow-lite/tensorflow/lite/micro/arena_allocator/single_arena_buffer_allocator.cpp:205:10:uint8_t* tflite::SingleArenaBufferAllocator::head() const	0	static
../eiq/tensorflow-lite/tensorflow/lite/micro/arena_allocator/single_arena_buffer_allocator.cpp:207:10:uint8_t* tflite::SingleArenaBufferAllocator::tail() const	0	static
