C:\NXP\GUI-Guider-Projects\scratch\sdk\Core\CMSIS/core_cm7.h:1911:22:__NVIC_EnableIRQ	16	static
C:\NXP\GUI-Guider-Projects\scratch\sdk\Core\CMSIS/core_cm7.h:2041:22:__NVIC_SetPriority	16	static
C:\NXP\GUI-Guider-Projects\scratch\sdk\Core\drivers/fsl_clock.h:1408:20:CLOCK_SetMux	24	static
C:\NXP\GUI-Guider-Projects\scratch\sdk\Core\drivers/fsl_clock.h:1460:20:CLOCK_SetDiv	24	static
C:\NXP\GUI-Guider-Projects\scratch\sdk\Core\drivers/fsl_elcdif.h:375:20:ELCDIF_RgbModeStart	16	static
C:\NXP\GUI-Guider-Projects\scratch\sdk\Core\drivers/fsl_elcdif.h:393:20:ELCDIF_SetNextBufferAddr	16	static
C:\NXP\GUI-Guider-Projects\scratch\sdk\Core\drivers/fsl_elcdif.h:542:20:ELCDIF_EnableInterrupts	16	static
C:\NXP\GUI-Guider-Projects\scratch\sdk\Core\drivers/fsl_elcdif.h:570:24:ELCDIF_GetInterruptStatus	24	static
C:\NXP\GUI-Guider-Projects\scratch\sdk\Core\drivers/fsl_elcdif.h:588:20:ELCDIF_ClearInterruptStatus	16	static
C:/NXP/GUI-Guider-Projects/scratch/sdk/Core/board/lvgl_support.c:184:6:lv_port_pre_init	4	static
C:/NXP/GUI-Guider-Projects/scratch/sdk/Core/board/lvgl_support.c:195:6:lv_port_disp_init	8	static
C:/NXP/GUI-Guider-Projects/scratch/sdk/Core/board/lvgl_support.c:236:6:LCDIF_IRQHandler	16	static
C:/NXP/GUI-Guider-Projects/scratch/sdk/Core/board/lvgl_support.c:262:13:DEMO_InitLcdClock	24	static
C:/NXP/GUI-Guider-Projects/scratch/sdk/Core/board/lvgl_support.c:298:13:DEMO_InitLcdBackLight	16	static
C:/NXP/GUI-Guider-Projects/scratch/sdk/Core/board/lvgl_support.c:360:13:DEMO_InitLcd	40	static
C:/NXP/GUI-Guider-Projects/scratch/sdk/Core/board/lvgl_support.c:419:13:DEMO_FlushDisplay	24	static
C:/NXP/GUI-Guider-Projects/scratch/sdk/Core/board/lvgl_support.c:450:6:lv_port_indev_init	8	static
C:/NXP/GUI-Guider-Projects/scratch/sdk/Core/board/lvgl_support.c:469:13:BOARD_PullTouchResetPin	16	static
C:/NXP/GUI-Guider-Projects/scratch/sdk/Core/board/lvgl_support.c:481:13:BOARD_ConfigTouchIntPin	16	static
C:/NXP/GUI-Guider-Projects/scratch/sdk/Core/board/lvgl_support.c:503:13:DEMO_InitTouch	16	static
C:/NXP/GUI-Guider-Projects/scratch/sdk/Core/board/lvgl_support.c:530:13:DEMO_ReadTouch	16	static
